BL51 BANKED LINKER/LOCATER V6.22.4.0                                                    12/12/2025  16:07:28  PAGE 1


BL51 BANKED LINKER/LOCATER V6.22.4.0, INVOKED BY:
C:\KEIL_V5\C51\BIN\BL51.EXE .\Release\Objects\STARTUP.obj, .\Release\Objects\system.obj, ..\..\User\lib\tk_simplify_algo
>> rithm_V1.0.0.LIB, .\Release\Objects\tk_set.obj, .\Release\Objects\tmr1.obj, .\Release\Objects\tmr2.obj, .\Release\Obj
>> ects\uart0.obj, .\Release\Objects\adc.obj, .\Release\Objects\aip1302.obj, .\Release\Objects\key_driver.obj, .\Release
>> \Objects\iic_soft.obj, .\Release\Objects\user_flash.obj, .\Release\Objects\main.obj, .\Release\Objects\fun_info.obj, 
>> .\Release\Objects\send_data.obj, .\Release\Objects\pin_level_scan.obj, .\Release\Objects\speed_scan.obj, .\Release\Ob
>> jects\engine_speed_scan.obj, .\Release\Objects\mileage.obj, .\Release\Objects\instruction.obj, .\Release\Objects\ad_k
>> ey.obj, .\Release\Objects\fuel_capacity.obj, .\Release\Objects\temp_of_water.obj, .\Release\Objects\battery.obj, .\Re
>> lease\Objects\touch_key.obj TO .\Release\Objects\Project PRINT (.\Release\Listings\Project.m51) RAMSIZE (256) CODE (0
>> X0000-0X3EEF) XDATA (0X6000-0X66FF)


MEMORY MODEL: LARGE


INPUT MODULES INCLUDED:
  .\Release\Objects\STARTUP.obj (?C_STARTUP)
  .\Release\Objects\system.obj (SYSTEM)
  .\Release\Objects\tk_set.obj (TK_SET)
  .\Release\Objects\tmr1.obj (TMR1)
  .\Release\Objects\tmr2.obj (TMR2)
  .\Release\Objects\uart0.obj (UART0)
  .\Release\Objects\adc.obj (ADC)
  .\Release\Objects\aip1302.obj (AIP1302)
  .\Release\Objects\key_driver.obj (KEY_DRIVER)
  .\Release\Objects\iic_soft.obj (IIC_SOFT)
  .\Release\Objects\user_flash.obj (USER_FLASH)
  .\Release\Objects\main.obj (MAIN)
  .\Release\Objects\fun_info.obj (FUN_INFO)
  .\Release\Objects\send_data.obj (SEND_DATA)
  .\Release\Objects\pin_level_scan.obj (PIN_LEVEL_SCAN)
  .\Release\Objects\speed_scan.obj (SPEED_SCAN)
  .\Release\Objects\engine_speed_scan.obj (ENGINE_SPEED_SCAN)
  .\Release\Objects\mileage.obj (MILEAGE)
  .\Release\Objects\instruction.obj (INSTRUCTION)
  .\Release\Objects\ad_key.obj (AD_KEY)
  .\Release\Objects\fuel_capacity.obj (FUEL_CAPACITY)
  .\Release\Objects\temp_of_water.obj (TEMP_OF_WATER)
  .\Release\Objects\battery.obj (BATTERY)
  .\Release\Objects\touch_key.obj (TOUCH_KEY)
  C:\KEIL_V5\C51\LIB\C51L.LIB (?C_INIT)
  C:\KEIL_V5\C51\LIB\C51L.LIB (?C?COPY)
  C:\KEIL_V5\C51\LIB\C51L.LIB (?C?CLDPTR)
  C:\KEIL_V5\C51\LIB\C51L.LIB (?C?CSTPTR)
  C:\KEIL_V5\C51\LIB\C51L.LIB (?C?IMUL)
  C:\KEIL_V5\C51\LIB\C51L.LIB (?C?UIDIV)
  C:\KEIL_V5\C51\LIB\C51L.LIB (?C?IILDX)
  C:\KEIL_V5\C51\LIB\C51L.LIB (?C?LADD)
  C:\KEIL_V5\C51\LIB\C51L.LIB (?C?LSUB)
  C:\KEIL_V5\C51\LIB\C51L.LIB (?C?LMUL)
  C:\KEIL_V5\C51\LIB\C51L.LIB (?C?ULDIV)
  C:\KEIL_V5\C51\LIB\C51L.LIB (?C?LOR)
  C:\KEIL_V5\C51\LIB\C51L.LIB (?C?SLCMP)
  C:\KEIL_V5\C51\LIB\C51L.LIB (?C?ULCMP)
  C:\KEIL_V5\C51\LIB\C51L.LIB (?C?ULSHR)
  C:\KEIL_V5\C51\LIB\C51L.LIB (?C?LSHL)
  C:\KEIL_V5\C51\LIB\C51L.LIB (?C?LLDXDATA)
  C:\KEIL_V5\C51\LIB\C51L.LIB (?C?LLDXDATA0)
BL51 BANKED LINKER/LOCATER V6.22.4.0                                                  12/12/2025  16:07:28  PAGE 2


  C:\KEIL_V5\C51\LIB\C51L.LIB (?C?LSTXDATA)
  C:\KEIL_V5\C51\LIB\C51L.LIB (?C?LSTKXDATA)
  C:\KEIL_V5\C51\LIB\C51L.LIB (?C?OFFXADD)
  C:\KEIL_V5\C51\LIB\C51L.LIB (?C?PLDIXDATA)
  C:\KEIL_V5\C51\LIB\C51L.LIB (?C?PSTXDATA)
  C:\KEIL_V5\C51\LIB\C51L.LIB (?C?CCASE)
  C:\KEIL_V5\C51\LIB\C51L.LIB (?C?LIMUL)
  C:\KEIL_V5\C51\LIB\C51L.LIB (?C?MEMSET)


LINK MAP OF MODULE:  .\Release\Objects\Project (?C_STARTUP)


            TYPE    BASE      LENGTH    RELOCATION   SEGMENT NAME
            -----------------------------------------------------

            * * * * * * *   D A T A   M E M O R Y   * * * * * * *
            REG     0000H     0008H     ABSOLUTE     "REG BANK 0"
                    0008H     0018H                  *** GAP ***
            BIT     0020H.0   0002H.3   UNIT         ?BI?INSTRUCTION
            BIT     0022H.3   0000H.3   UNIT         ?BI?UART0
            BIT     0022H.6   0000H.2   UNIT         ?BI?TMR2
            BIT     0023H.0   0000H.1   UNIT         ?BI?SPEED_SCAN
            BIT     0023H.1   0000H.1   UNIT         ?BI?ENGINE_SPEED_SCAN
            BIT     0023H.2   0000H.1   UNIT         ?BI?MILEAGE
            BIT     0023H.3   0000H.1   UNIT         ?BI?BATTERY
            BIT     0023H.4   0000H.1   UNIT         _BIT_GROUP_
                    0023H.5   0000H.3                *** GAP ***
            IDATA   0024H     0001H     UNIT         ?STACK

            * * * * * * *  X D A T A   M E M O R Y  * * * * * * *
                    0000H     6000H                  *** GAP ***
            XDATA   6000H     003EH     UNIT         ?XD?UART0
            XDATA   603EH     002EH     UNIT         ?XD?FUEL_CAPACITY
            XDATA   606CH     0027H     UNIT         ?XD?FUN_INFO
            XDATA   6093H     0015H     UNIT         ?XD?MILEAGE
            XDATA   60A8H     0014H     UNIT         ?XD?SEND_DATA
            XDATA   60BCH     0013H     UNIT         _XDATA_GROUP_
            XDATA   60CFH     0010H     UNIT         ?XD?SPEED_SCAN
            XDATA   60DFH     000EH     UNIT         ?XD?ENGINE_SPEED_SCAN
            XDATA   60EDH     000AH     UNIT         ?XD?BATTERY
            XDATA   60F7H     0006H     UNIT         ?XD?INSTRUCTION
            XDATA   60FDH     0003H     UNIT         ?XD?TMR2
            XDATA   6100H     0002H     UNIT         ?XD?ADC
            XDATA   6102H     0002H     UNIT         ?XD?PIN_LEVEL_SCAN

            * * * * * * *   C O D E   M E M O R Y   * * * * * * *
            CODE    0000H     0003H     ABSOLUTE     
            CODE    0003H     000CH     ABSOLUTE     
            CODE    000FH     0011H     UNIT         ?PR?TMR2
                    0020H     0001H                  *** GAP ***
            CODE    0021H     0003H     ABSOLUTE     
            CODE    0024H     0003H     ABSOLUTE     
            CODE    0027H     0023H     UNIT         ?PR?ADC_SINGLE_CONVERT?ADC
                    004AH     0001H                  *** GAP ***
            CODE    004BH     0003H     ABSOLUTE     
            CODE    004EH     0430H     UNIT         ?C?LIB_CODE
BL51 BANKED LINKER/LOCATER V6.22.4.0                                                  12/12/2025  16:07:28  PAGE 3


            CODE    047EH     02D7H     UNIT         ?PR?_SEND_DATA_PACKET?SEND_DATA
            CODE    0755H     0179H     UNIT         ?PR?_CONVERT_FUEL_ADC_TO_PERCENT?FUEL_CAPACITY
            CODE    08CEH     0169H     UNIT         ?PR?INSTRUCTION_SCAN?INSTRUCTION
            CODE    0A37H     014FH     UNIT         ?PR?INSTRUCTION_HANDLE?INSTRUCTION
            CODE    0B86H     0120H     UNIT         ?PR?UART0_IRQHANDLER?UART0
            CODE    0CA6H     0112H     UNIT         ?PR?UART0_SCAN_HANDLE?UART0
            CODE    0DB8H     010CH     UNIT         ?PR?MILEAGE_SCAN?MILEAGE
            CODE    0EC4H     00F6H     UNIT         ?PR?TIMR2_IRQHANDLER?TMR2
            CODE    0FBAH     00DCH     UNIT         ?PR?SYSTEM_INIT?SYSTEM
            CODE    1096H     00D4H     UNIT         ?PR?ADC_GETVAL?ADC
            CODE    116AH     00D0H     UNIT         ?PR?TIMR1_IRQHANDLER?TMR1
            CODE    123AH     00B5H     UNIT         ?PR?SPEED_SCAN?SPEED_SCAN
            CODE    12EFH     00AFH     UNIT         ?PR?_AIP1302_WRITE_BYTE?AIP1302
            CODE    139EH     00ACH     UNIT         ?PR?PIN_LEVEL_SCAN?PIN_LEVEL_SCAN
            CODE    144AH     009CH     UNIT         ?PR?BATTERY_SCAN?BATTERY
            CODE    14E6H     009AH     UNIT         ?C_C51STARTUP
            CODE    1580H     0099H     UNIT         ?PR?FUEL_CAPACITY_SCAN?FUEL_CAPACITY
            CODE    1619H     0092H     UNIT         ?PR?___AIP1302_READ_BYTE?AIP1302
            CODE    16ABH     0090H     UNIT         ?PR?___AIP1302_WRITE_BYTE?AIP1302
            CODE    173BH     0080H     UNIT         ?PR?ENGINE_SPEED_SCAN?ENGINE_SPEED_SCAN
            CODE    17BBH     006FH     UNIT         ?C_INITSEG
            CODE    182AH     006EH     UNIT         ?PR?___AIP1302_CONVERT_READ_BYTE?AIP1302
            CODE    1898H     006CH     UNIT         ?PR?_GET_FILTERED_ADC?FUEL_CAPACITY
            CODE    1904H     0060H     UNIT         ?PR?AIP1302_IS_RUNNING?AIP1302
            CODE    1964H     0060H     UNIT         ?PR?SEND_DATA
            CODE    19C4H     0058H     UNIT         ?PR?AIP1302_CONFIG?AIP1302
            CODE    1A1CH     0056H     UNIT         ?PR?BATTERY
            CODE    1A72H     0053H     UNIT         ?PR?UART0
            CODE    1AC5H     004DH     UNIT         ?PR?FUEL_CAPACITY
            CODE    1B12H     0046H     UNIT         ?PR?AIP1302_READ_ALL?AIP1302
            CODE    1B58H     0045H     UNIT         ?PR?TMR2_CONFIG?TMR2
            CODE    1B9DH     0040H     UNIT         ?PR?TMR1_CONFIG?TMR1
            CODE    1BDDH     003EH     UNIT         ?PR?MAIN?MAIN
            CODE    1C1BH     003EH     UNIT         ?PR?UPDATE_ENGINE_SPEED_SCAN_DATA?ENGINE_SPEED_SCAN
            CODE    1C59H     003DH     UNIT         ?PR?FUN_INFO_INIT?FUN_INFO
            CODE    1C96H     003CH     UNIT         ?PR?PIN_LEVEL_SCAN_CONFIG?PIN_LEVEL_SCAN
            CODE    1CD2H     0039H     UNIT         ?PR?UPDATE_SPEED_SCAN_DATA?SPEED_SCAN
            CODE    1D0BH     0037H     UNIT         ?PR?_ADC_SEL_PIN?ADC
            CODE    1D42H     0037H     UNIT         ?PR?_FLASH_PROGRAM?USER_FLASH
            CODE    1D79H     0034H     UNIT         ?PR?_FLASH_READ?USER_FLASH
            CODE    1DADH     0031H     UNIT         ?PR?USER_INIT?MAIN
            CODE    1DDEH     0030H     UNIT         ?PR?MILEAGE
            CODE    1E0EH     002EH     UNIT         ?PR?AIP1302
            CODE    1E3CH     002CH     UNIT         ?PR?ADC_CONFIG?ADC
            CODE    1E68H     002BH     UNIT         ?PR?UART0_CONFIG?UART0
            CODE    1E93H     001EH     UNIT         ?PR?AIP1302_UPDATE_TIME?AIP1302
            CODE    1EB1H     001DH     UNIT         ?PR?_CONVER_VOLTAGE_OF_BATTERY_TO_PERCENTAGE?BATTERY
            CODE    1ECEH     001CH     UNIT         ?PR?FUN_INFO_SAVE?FUN_INFO
            CODE    1EEAH     001BH     UNIT         ?PR?_DELAY_MS?SYSTEM
            CODE    1F05H     001AH     UNIT         ?PR?_REVERSE_U8?AIP1302
            CODE    1F1FH     0019H     UNIT         ?PR?_CONVER_ADC_VAL_TO_VOLTAGE?BATTERY
            CODE    1F38H     0016H     UNIT         ?PR?_AIP1302_READ_BYTE?AIP1302
            CODE    1F4EH     0011H     UNIT         ?PR?_FLASH_ERASE_SECTOR?USER_FLASH
            CODE    1F5FH     0011H     UNIT         ?PR?_SAMPLES_INIT?FUEL_CAPACITY
            CODE    1F70H     000FH     UNIT         ?PR?ADC
            CODE    1F7FH     000DH     UNIT         ?PR?_UART0_SENDBYTE?UART0
            CODE    1F8CH     000DH     UNIT         ?PR?SPEED_SCAN_CONFIG?SPEED_SCAN
BL51 BANKED LINKER/LOCATER V6.22.4.0                                                  12/12/2025  16:07:28  PAGE 4


            CODE    1F99H     000DH     UNIT         ?PR?ENGINE_SPEED_SCAN_CONFIG?ENGINE_SPEED_SCAN
            CODE    1FA6H     000CH     UNIT         ?PR?SPEED_SCAN
            CODE    1FB2H     000BH     UNIT         ?PR?_DELAY?SYSTEM
            CODE    1FBDH     000AH     UNIT         ?PR?UART0_RECEIVE_TIMEOUT_ENABLE?UART0
            CODE    1FC7H     000AH     UNIT         ?PR?UART0_RECEIVE_TIMEOUT_DISABLE?UART0
            CODE    1FD1H     000AH     UNIT         ?PR?INSTRUCTION
            CODE    1FDBH     0007H     UNIT         ?PR?TMR1
            CODE    1FE2H     0006H     UNIT         ?PR?ENGINE_SPEED_SCAN



OVERLAY MAP OF MODULE:   .\Release\Objects\Project (?C_STARTUP)


SEGMENT                                             BIT_GROUP          XDATA_GROUP
  +--> CALLED SEGMENT                            START    LENGTH     START    LENGTH
------------------------------------------------------------------------------------
?C_C51STARTUP                                    -----    -----      -----    -----
  +--> ?PR?MAIN?MAIN
  +--> ?C_INITSEG

?PR?MAIN?MAIN                                    -----    -----      -----    -----
  +--> ?PR?SYSTEM_INIT?SYSTEM
  +--> ?PR?USER_INIT?MAIN
  +--> ?PR?_DELAY_MS?SYSTEM
  +--> ?PR?PIN_LEVEL_SCAN?PIN_LEVEL_SCAN
  +--> ?PR?SPEED_SCAN?SPEED_SCAN
  +--> ?PR?ENGINE_SPEED_SCAN?ENGINE_SPEED_SCAN
  +--> ?PR?MILEAGE_SCAN?MILEAGE
  +--> ?PR?FUEL_CAPACITY_SCAN?FUEL_CAPACITY
  +--> ?PR?BATTERY_SCAN?BATTERY
  +--> ?PR?UART0_SCAN_HANDLE?UART0
  +--> ?PR?INSTRUCTION_SCAN?INSTRUCTION
  +--> ?PR?INSTRUCTION_HANDLE?INSTRUCTION

?PR?SYSTEM_INIT?SYSTEM                           -----    -----      -----    -----
  +--> ?PR?_DELAY?SYSTEM
  +--> ?PR?_DELAY_MS?SYSTEM

?PR?_DELAY_MS?SYSTEM                             -----    -----      -----    -----
  +--> ?PR?_DELAY?SYSTEM

?PR?USER_INIT?MAIN                               -----    -----      -----    -----
  +--> ?PR?UART0_CONFIG?UART0
  +--> ?PR?PIN_LEVEL_SCAN_CONFIG?PIN_LEVEL_SCAN
  +--> ?PR?TMR1_CONFIG?TMR1
  +--> ?PR?SPEED_SCAN_CONFIG?SPEED_SCAN
  +--> ?PR?ENGINE_SPEED_SCAN_CONFIG?ENGINE_S...
  +--> ?PR?ADC_CONFIG?ADC
  +--> ?PR?AIP1302_CONFIG?AIP1302
  +--> ?PR?TMR2_CONFIG?TMR2
  +--> ?PR?FUN_INFO_INIT?FUN_INFO
  +--> ?PR?_DELAY_MS?SYSTEM

?PR?AIP1302_CONFIG?AIP1302                       -----    -----      -----    -----
  +--> ?PR?AIP1302
  +--> ?PR?AIP1302_IS_RUNNING?AIP1302
BL51 BANKED LINKER/LOCATER V6.22.4.0                                                  12/12/2025  16:07:28  PAGE 5


  +--> ?PR?_AIP1302_WRITE_BYTE?AIP1302
  +--> ?PR?AIP1302_READ_ALL?AIP1302

?PR?AIP1302_IS_RUNNING?AIP1302                   -----    -----      -----    -----
  +--> ?PR?AIP1302_READ_ALL?AIP1302

?PR?AIP1302_READ_ALL?AIP1302                     -----    -----      -----    -----
  +--> ?PR?_AIP1302_READ_BYTE?AIP1302

?PR?_AIP1302_READ_BYTE?AIP1302                   -----    -----      60BCH    0001H
  +--> ?PR?___AIP1302_READ_BYTE?AIP1302
  +--> ?PR?___AIP1302_CONVERT_READ_BYTE?AIP1302

?PR?___AIP1302_READ_BYTE?AIP1302                 -----    -----      60BDH    0003H
  +--> ?PR?AIP1302
  +--> ?PR?_DELAY?SYSTEM

?PR?___AIP1302_CONVERT_READ_BYTE?AIP1302         -----    -----      60BDH    0003H
  +--> ?PR?_REVERSE_U8?AIP1302

?PR?_AIP1302_WRITE_BYTE?AIP1302                  -----    -----      60C3H    0004H
  +--> ?PR?___AIP1302_WRITE_BYTE?AIP1302

?PR?___AIP1302_WRITE_BYTE?AIP1302                -----    -----      60C7H    0003H
  +--> ?PR?AIP1302
  +--> ?PR?_DELAY?SYSTEM

?PR?FUN_INFO_INIT?FUN_INFO                       -----    -----      60BCH    000DH
  +--> ?PR?_FLASH_READ?USER_FLASH

?PR?_FLASH_READ?USER_FLASH                       -----    -----      60C9H    0005H

?PR?SPEED_SCAN?SPEED_SCAN                        -----    -----      60BCH    0008H
  +--> ?PR?SPEED_SCAN

?PR?ENGINE_SPEED_SCAN?ENGINE_SPEED_SCAN          -----    -----      60BCH    0004H
  +--> ?PR?ENGINE_SPEED_SCAN

?PR?MILEAGE_SCAN?MILEAGE                         -----    -----      -----    -----
  +--> ?PR?FUN_INFO_SAVE?FUN_INFO
  +--> ?PR?MILEAGE

?PR?FUN_INFO_SAVE?FUN_INFO                       -----    -----      -----    -----
  +--> ?PR?_FLASH_ERASE_SECTOR?USER_FLASH
  +--> ?PR?_FLASH_PROGRAM?USER_FLASH

?PR?_FLASH_PROGRAM?USER_FLASH                    -----    -----      60BCH    0005H

?PR?FUEL_CAPACITY_SCAN?FUEL_CAPACITY             -----    -----      60BCH    0003H
  +--> ?PR?_ADC_SEL_PIN?ADC
  +--> ?PR?_GET_FILTERED_ADC?FUEL_CAPACITY
  +--> ?PR?FUEL_CAPACITY
  +--> ?PR?_SAMPLES_INIT?FUEL_CAPACITY
  +--> ?PR?_CONVERT_FUEL_ADC_TO_PERCENT?FUEL...
  +--> ?PR?ADC_GETVAL?ADC

?PR?_ADC_SEL_PIN?ADC                             -----    -----      -----    -----
BL51 BANKED LINKER/LOCATER V6.22.4.0                                                  12/12/2025  16:07:28  PAGE 6


  +--> ?PR?_DELAY_MS?SYSTEM

?PR?_GET_FILTERED_ADC?FUEL_CAPACITY              -----    -----      60BFH    0005H
  +--> ?PR?FUEL_CAPACITY

?PR?_SAMPLES_INIT?FUEL_CAPACITY                  -----    -----      -----    -----
  +--> ?PR?FUEL_CAPACITY

?PR?_CONVERT_FUEL_ADC_TO_PERCENT?FUEL...         -----    -----      60BFH    0002H
  +--> ?PR?FUEL_CAPACITY

?PR?ADC_GETVAL?ADC                               -----    -----      60BFH    000BH
  +--> ?PR?ADC_SINGLE_CONVERT?ADC
  +--> ?PR?ADC

?PR?BATTERY_SCAN?BATTERY                         -----    -----      60BCH    0003H
  +--> ?PR?_ADC_SEL_PIN?ADC
  +--> ?PR?ADC_GETVAL?ADC
  +--> ?PR?BATTERY
  +--> ?PR?_CONVER_ADC_VAL_TO_VOLTAGE?BATTERY

?PR?BATTERY                                      -----    -----      -----    -----
  +--> ?PR?_CONVER_VOLTAGE_OF_BATTERY_TO_PER...

?PR?UART0_SCAN_HANDLE?UART0                      0023H.4  0000H.1    60BCH    0003H
  +--> ?PR?UART0_RECEIVE_TIMEOUT_DISABLE?UART0
  +--> ?PR?UART0

?PR?INSTRUCTION_SCAN?INSTRUCTION                 -----    -----      60BCH    0001H
  +--> ?PR?INSTRUCTION

?PR?INSTRUCTION_HANDLE?INSTRUCTION               -----    -----      -----    -----
  +--> ?PR?_SEND_DATA_PACKET?SEND_DATA
  +--> ?PR?AIP1302_READ_ALL?AIP1302
  +--> ?PR?AIP1302_UPDATE_TIME?AIP1302
  +--> ?PR?FUN_INFO_SAVE?FUN_INFO

?PR?_SEND_DATA_PACKET?SEND_DATA                  -----    -----      60BCH    0007H
  +--> ?PR?SEND_DATA
  +--> ?PR?_UART0_SENDBYTE?UART0
  +--> ?PR?_DELAY_MS?SYSTEM

?PR?AIP1302_UPDATE_TIME?AIP1302                  -----    -----      60BCH    0007H
  +--> ?PR?_AIP1302_WRITE_BYTE?AIP1302

*** NEW ROOT ***************************************************

?PR?TIMR1_IRQHANDLER?TMR1                        -----    -----      -----    -----
  +--> ?PR?TMR1

*** NEW ROOT ***************************************************

?PR?TIMR2_IRQHANDLER?TMR2                        -----    -----      -----    -----
  +--> ?PR?TMR2
  +--> ?PR?UPDATE_ENGINE_SPEED_SCAN_DATA?ENG...
  +--> ?PR?UPDATE_SPEED_SCAN_DATA?SPEED_SCAN

BL51 BANKED LINKER/LOCATER V6.22.4.0                                                  12/12/2025  16:07:28  PAGE 7


?PR?UPDATE_ENGINE_SPEED_SCAN_DATA?ENG...         -----    -----      -----    -----
  +--> ?PR?ENGINE_SPEED_SCAN

?PR?UPDATE_SPEED_SCAN_DATA?SPEED_SCAN            -----    -----      -----    -----
  +--> ?PR?SPEED_SCAN

*** NEW ROOT ***************************************************

?PR?UART0_IRQHANDLER?UART0                       -----    -----      60CEH    0001H
  +--> ?PR?UART0
  +--> ?PR?UART0_RECEIVE_TIMEOUT_ENABLE?UART0
  +--> ?PR?UART0_RECEIVE_TIMEOUT_DISABLE?UART0



SYMBOL TABLE OF MODULE:  .\Release\Objects\Project (?C_STARTUP)

  VALUE           TYPE          NAME
  ----------------------------------

  -------         MODULE        ?C_STARTUP
  C:14E6H         SEGMENT       ?C_C51STARTUP
  I:0024H         SEGMENT       ?STACK
  C:0000H         PUBLIC        ?C_STARTUP
  D:00E0H         SYMBOL        ACC
  D:00F0H         SYMBOL        B
  D:0083H         SYMBOL        DPH
  D:0082H         SYMBOL        DPL
  N:0000H         SYMBOL        IBPSTACK
  N:0100H         SYMBOL        IBPSTACKTOP
  N:0080H         SYMBOL        IDATALEN
  C:14E9H         SYMBOL        IDATALOOP
  N:0000H         SYMBOL        PBPSTACK
  N:0100H         SYMBOL        PBPSTACKTOP
  N:0000H         SYMBOL        PDATALEN
  N:0000H         SYMBOL        PDATASTART
  N:0000H         SYMBOL        PPAGE
  N:0000H         SYMBOL        PPAGEENABLE
  D:00A0H         SYMBOL        PPAGE_SFR
  D:0081H         SYMBOL        SP
  C:14E6H         SYMBOL        STARTUP1
  N:0000H         SYMBOL        XBPSTACK
  N:0000H         SYMBOL        XBPSTACKTOP
  N:0700H         SYMBOL        XDATALEN
  C:14F4H         SYMBOL        XDATALOOP
  N:6000H         SYMBOL        XDATASTART
  C:0000H         LINE#         126
  C:14E6H         LINE#         133
  C:14E8H         LINE#         134
  C:14E9H         LINE#         135
  C:14EAH         LINE#         136
  C:14ECH         LINE#         140
  C:14EFH         LINE#         141
  C:14F1H         LINE#         145
  C:14F3H         LINE#         147
  C:14F4H         LINE#         148
  C:14F5H         LINE#         149
BL51 BANKED LINKER/LOCATER V6.22.4.0                                                  12/12/2025  16:07:28  PAGE 8


  C:14F6H         LINE#         150
  C:14F8H         LINE#         151
  C:14FAH         LINE#         185
  C:14FDH         LINE#         196
  -------         ENDMOD        ?C_STARTUP

  -------         MODULE        SYSTEM
  C:0000H         SYMBOL        _ICE_DUMMY_
  D:00D9H         PUBLIC        WDT_KEY
  D:00A7H         PUBLIC        FLASH_TIMEREG0
  D:00ACH         PUBLIC        FLASH_TIMEREG1
  C:1FB2H         PUBLIC        _delay
  C:1EEAH         PUBLIC        _delay_ms
  C:0FBAH         PUBLIC        system_init
  -------         PROC          _DELAY
  D:0006H         SYMBOL        cnt
  C:1FB2H         LINE#         37
  C:1FB2H         LINE#         38
  C:1FB2H         LINE#         39
  C:1FBCH         LINE#         40
  C:1FBCH         LINE#         41
  C:1FBCH         LINE#         42
  -------         ENDPROC       _DELAY
  -------         PROC          _DELAY_MS
  D:0002H         SYMBOL        ms
  C:1EEAH         LINE#         49
  C:1EEEH         LINE#         50
  C:1EEEH         LINE#         51
  C:1EF8H         LINE#         52
  C:1EF8H         LINE#         53
  C:1EFFH         LINE#         54
  C:1F02H         LINE#         55
  C:1F04H         LINE#         56
  -------         ENDPROC       _DELAY_MS
  -------         PROC          SYSTEM_INIT
  -------         DO            
  D:0007H         SYMBOL        i
  -------         ENDDO         
  C:0FBAH         LINE#         63
  C:0FBAH         LINE#         64
  C:0FBAH         LINE#         67
  C:0FC1H         LINE#         68
  C:0FCEH         LINE#         69
  C:0FD1H         LINE#         72
  C:0FD4H         LINE#         73
  C:0FDAH         LINE#         74
  C:0FE0H         LINE#         75
  C:0FE6H         LINE#         76
  C:0FECH         LINE#         77
  C:0FF3H         LINE#         81
  C:0FF5H         LINE#         82
  C:0FF5H         LINE#         83
  C:1002H         LINE#         84
  C:1007H         LINE#         86
  C:1095H         LINE#         87
  -------         ENDPROC       SYSTEM_INIT
  -------         ENDMOD        SYSTEM
BL51 BANKED LINKER/LOCATER V6.22.4.0                                                  12/12/2025  16:07:28  PAGE 9



  -------         MODULE        TK_SET
  C:0000H         SYMBOL        _ICE_DUMMY_
  -------         ENDMOD        TK_SET

  -------         MODULE        TMR1
  C:0000H         SYMBOL        _ICE_DUMMY_
  D:00A8H         PUBLIC        IE0
  D:00A9H         PUBLIC        IE1
  D:00AAH         PUBLIC        IE2
  D:00ABH         PUBLIC        IE3
  B:00A8H.7       PUBLIC        IE_EA
  D:00B8H         PUBLIC        IP0
  D:00B1H         PUBLIC        IP1
  D:00B2H         PUBLIC        IP2
  D:00B3H         PUBLIC        IP3
  D:00B4H         PUBLIC        IP4
  D:00B5H         PUBLIC        IP5
  D:00B6H         PUBLIC        IP6
  D:00B7H         PUBLIC        IP7
  D:00D1H         PUBLIC        TMR_ALLCON
  C:1B9DH         PUBLIC        tmr1_config
  C:116AH         PUBLIC        TIMR1_IRQHandler
  C:1FDBH         SYMBOL        Com0046
  C:1FDBH         SYMBOL        L?0071
  C:1FDBH         SYMBOL        L?0072
  -------         PROC          COM0046
  -------         ENDPROC       COM0046
  -------         PROC          TMR1_CONFIG
  C:1B9DH         LINE#         15
  C:1B9DH         LINE#         16
  C:1B9DH         LINE#         17
  C:1BA3H         LINE#         18
  C:1BA6H         LINE#         19
  C:1BA8H         LINE#         21
  C:1BABH         LINE#         23
  C:1BB1H         LINE#         24
  C:1BB5H         LINE#         25
  C:1BB9H         LINE#         26
  C:1BBDH         LINE#         28
  C:1BC2H         LINE#         29
  C:1BC6H         LINE#         32
  C:1BCBH         LINE#         33
  C:1BCFH         LINE#         39
  C:1BD5H         LINE#         40
  C:1BD9H         LINE#         42
  C:1BDCH         LINE#         44
  -------         ENDPROC       TMR1_CONFIG
  -------         PROC          TIMR1_IRQHANDLER
  C:116AH         LINE#         47
  C:1187H         LINE#         50
  C:1187H         LINE#         55
  C:1190H         LINE#         56
  C:1190H         LINE#         57
  C:1194H         LINE#         65
  C:1197H         LINE#         66
  C:1197H         LINE#         67
BL51 BANKED LINKER/LOCATER V6.22.4.0                                                  12/12/2025  16:07:28  PAGE 10


  C:119DH         LINE#         68
  C:119DH         LINE#         87
  C:119DH         LINE#         88
  C:11A3H         LINE#         89
  C:11A3H         LINE#         93
  C:11BAH         LINE#         94
  C:11BAH         LINE#         95
  C:11C0H         LINE#         97
  C:11C0H         LINE#         101
  C:11C0H         LINE#         102
  C:11D9H         LINE#         104
  C:11D9H         LINE#         108
  C:11D9H         LINE#         109
  C:11DFH         LINE#         111
  C:11EEH         LINE#         112
  C:11EEH         LINE#         114
  C:11F2H         LINE#         115
  C:11F6H         LINE#         116
  C:11F6H         LINE#         117
  C:11F6H         LINE#         135
  C:11F6H         LINE#         137
  C:11FCH         LINE#         139
  C:120BH         LINE#         140
  C:120BH         LINE#         142
  C:120FH         LINE#         143
  C:1213H         LINE#         144
  C:1213H         LINE#         145
  C:1213H         LINE#         148
  C:1213H         LINE#         149
  C:1219H         LINE#         150
  C:1219H         LINE#         154
  C:1219H         LINE#         155
  C:121FH         LINE#         156
  C:121FH         LINE#         183
  C:121FH         LINE#         187
  C:121FH         LINE#         188
  -------         ENDPROC       TIMR1_IRQHANDLER
  -------         ENDMOD        TMR1

  -------         MODULE        TMR2
  C:0000H         SYMBOL        _ICE_DUMMY_
  D:00A8H         PUBLIC        IE0
  D:00A9H         PUBLIC        IE1
  D:00AAH         PUBLIC        IE2
  D:00ABH         PUBLIC        IE3
  B:00A8H.7       PUBLIC        IE_EA
  D:00B8H         PUBLIC        IP0
  D:00B1H         PUBLIC        IP1
  D:00B2H         PUBLIC        IP2
  D:00B3H         PUBLIC        IP3
  D:00B4H         PUBLIC        IP4
  D:00B5H         PUBLIC        IP5
  D:00B6H         PUBLIC        IP6
  D:00B7H         PUBLIC        IP7
  B:0080H.2       PUBLIC        P02
  B:0090H.5       PUBLIC        P15
  D:00D1H         PUBLIC        TMR_ALLCON
BL51 BANKED LINKER/LOCATER V6.22.4.0                                                  12/12/2025  16:07:28  PAGE 11


  C:1B58H         PUBLIC        tmr2_config
  C:0EC4H         PUBLIC        TIMR2_IRQHandler
  C:000FH         SYMBOL        Com004C
  C:000FH         SYMBOL        L?0077
  C:000FH         SYMBOL        L?0078
  -------         PROC          COM004C
  -------         ENDPROC       COM004C
  -------         PROC          TMR2_CONFIG
  C:1B58H         LINE#         14
  C:1B58H         LINE#         15
  C:1B58H         LINE#         16
  C:1B5EH         LINE#         17
  C:1B61H         LINE#         18
  C:1B63H         LINE#         21
  C:1B66H         LINE#         23
  C:1B6DH         LINE#         24
  C:1B6FH         LINE#         25
  C:1B73H         LINE#         26
  C:1B77H         LINE#         29
  C:1B7DH         LINE#         30
  C:1B83H         LINE#         34
  C:1B8AH         LINE#         35
  C:1B8EH         LINE#         37
  C:1B95H         LINE#         38
  C:1B99H         LINE#         40
  C:1B9CH         LINE#         41
  -------         ENDPROC       TMR2_CONFIG
  -------         PROC          TIMR2_IRQHANDLER
  -------         DO            
  B:0022H.6       SYMBOL        last_engine_speed_scan_level
  B:0022H.7       SYMBOL        last_speed_scan_level
  -------         DO            
  X:60FDH         SYMBOL        cnt
  X:60FEH         SYMBOL        cnt
  -------         ENDDO         
  -------         DO            
  X:60FEH         SYMBOL        cnt
  -------         ENDDO         
  -------         ENDDO         
  C:0EC4H         LINE#         77
  C:0EE1H         LINE#         93
  C:0EE1H         LINE#         98
  C:0EEBH         LINE#         99
  C:0EEBH         LINE#         100
  C:0EEFH         LINE#         104
  C:0EEFH         LINE#         106
  C:0EF5H         LINE#         107
  C:0EFBH         LINE#         108
  C:0EFBH         LINE#         109
  C:0EFDH         LINE#         110
  C:0F06H         LINE#         112
  C:0F18H         LINE#         114
  C:0F18H         LINE#         115
  C:0F1CH         LINE#         116
  C:0F1EH         LINE#         117
  C:0F1EH         LINE#         118
  C:0F1EH         LINE#         119
BL51 BANKED LINKER/LOCATER V6.22.4.0                                                  12/12/2025  16:07:28  PAGE 12


  C:0F1EH         LINE#         121
  C:0F21H         LINE#         122
  C:0F21H         LINE#         123
  C:0F24H         LINE#         124
  C:0F24H         LINE#         130
  C:0F30H         LINE#         131
  C:0F33H         LINE#         132
  C:0F33H         LINE#         134
  C:0F35H         LINE#         135
  C:0F37H         LINE#         137
  C:0F37H         LINE#         139
  C:0F39H         LINE#         140
  C:0F39H         LINE#         145
  C:0F39H         LINE#         147
  C:0F43H         LINE#         148
  C:0F52H         LINE#         149
  C:0F52H         LINE#         150
  C:0F56H         LINE#         151
  C:0F62H         LINE#         154
  C:0F78H         LINE#         156
  C:0F78H         LINE#         157
  C:0F82H         LINE#         158
  C:0F84H         LINE#         159
  C:0F84H         LINE#         160
  C:0F84H         LINE#         161
  C:0F84H         LINE#         163
  C:0F87H         LINE#         164
  C:0F87H         LINE#         165
  C:0F8AH         LINE#         166
  C:0F8AH         LINE#         175
  C:0F96H         LINE#         176
  C:0F99H         LINE#         177
  C:0F99H         LINE#         179
  C:0F9BH         LINE#         180
  C:0F9DH         LINE#         182
  C:0F9DH         LINE#         184
  C:0F9FH         LINE#         185
  C:0F9FH         LINE#         187
  C:0F9FH         LINE#         191
  C:0F9FH         LINE#         192
  -------         ENDPROC       TIMR2_IRQHANDLER
  -------         ENDMOD        TMR2

  -------         MODULE        UART0
  C:0000H         SYMBOL        _ICE_DUMMY_
  D:00A8H         PUBLIC        IE0
  D:00A9H         PUBLIC        IE1
  D:00AAH         PUBLIC        IE2
  D:00ABH         PUBLIC        IE3
  B:00A8H.7       PUBLIC        IE_EA
  D:00B8H         PUBLIC        IP0
  D:00B1H         PUBLIC        IP1
  D:00B2H         PUBLIC        IP2
  D:00B3H         PUBLIC        IP3
  D:00B4H         PUBLIC        IP4
  D:00B5H         PUBLIC        IP5
  D:00B6H         PUBLIC        IP6
BL51 BANKED LINKER/LOCATER V6.22.4.0                                                  12/12/2025  16:07:28  PAGE 13


  D:00B7H         PUBLIC        IP7
  D:00D2H         PUBLIC        UART0_CON0
  D:00D4H         PUBLIC        UART0_STA
  D:00D5H         PUBLIC        UART0_BAUD0
  D:00D6H         PUBLIC        UART0_BAUD1
  D:00D7H         PUBLIC        UART0_DATA
  X:6000H         PUBLIC        uart0_recv_buf
  X:602DH         PUBLIC        uart0_recv_len
  X:6030H         PUBLIC        recved_flagbuf
  X:6033H         PUBLIC        recv_frame_cnt
  X:6034H         PUBLIC        flagbuf_valid_instruction
  B:0022H.3       PUBLIC        flag_is_uart0_receive_timeout
  B:0022H.4       PUBLIC        flag_is_uart0_receive_timeout_enable
  X:6037H         PUBLIC        uart0_receive_timeout_cnt
  C:1E68H         PUBLIC        uart0_config
  C:1F7FH         PUBLIC        _uart0_sendbyte
  C:0CA6H         PUBLIC        uart0_scan_handle
  B:0022H.5       SYMBOL        flag_is_recving_data
  X:6038H         SYMBOL        frame_len
  X:6039H         SYMBOL        cur_recv_len
  X:603AH         SYMBOL        blank_index
  C:1FBDH         SYMBOL        uart0_receive_timeout_enable
  C:1FC7H         SYMBOL        uart0_receive_timeout_disable
  C:0B86H         PUBLIC        UART0_IRQHandler
  C:1A72H         SYMBOL        Com005B
  C:1A72H         SYMBOL        L?0092
  C:1A7BH         SYMBOL        L?0093
  C:1A83H         SYMBOL        L?0094
  C:1A8AH         SYMBOL        L?0095
  C:1A92H         SYMBOL        L?0096
  C:1AA4H         SYMBOL        L?0097
  C:1AA7H         SYMBOL        L?0098
  C:1AAFH         SYMBOL        L?0099
  C:1ABBH         SYMBOL        L?0100
  -------         PROC          COM005B
  -------         ENDPROC       COM005B
  -------         PROC          UART0_RECEIVE_TIMEOUT_ENABLE
  C:1FBDH         LINE#         46
  C:1FBDH         LINE#         47
  C:1FBDH         LINE#         48
  C:1FC2H         LINE#         49
  C:1FC4H         LINE#         50
  C:1FC6H         LINE#         51
  -------         ENDPROC       UART0_RECEIVE_TIMEOUT_ENABLE
  -------         PROC          UART0_RECEIVE_TIMEOUT_DISABLE
  C:1FC7H         LINE#         53
  C:1FC7H         LINE#         54
  C:1FC7H         LINE#         55
  C:1FC9H         LINE#         56
  C:1FCEH         LINE#         57
  C:1FD0H         LINE#         58
  -------         ENDPROC       UART0_RECEIVE_TIMEOUT_DISABLE
  -------         PROC          UART0_CONFIG
  C:1E68H         LINE#         62
  C:1E68H         LINE#         63
  C:1E68H         LINE#         66
  C:1E6EH         LINE#         67
BL51 BANKED LINKER/LOCATER V6.22.4.0                                                  12/12/2025  16:07:28  PAGE 14


  C:1E72H         LINE#         68
  C:1E76H         LINE#         69
  C:1E7DH         LINE#         70
  C:1E84H         LINE#         89
  C:1E87H         LINE#         90
  C:1E89H         LINE#         92
  C:1E8CH         LINE#         93
  C:1E8FH         LINE#         94
  C:1E92H         LINE#         97
  -------         ENDPROC       UART0_CONFIG
  -------         PROC          UART0_IRQHANDLER
  -------         DO            
  X:60CEH         SYMBOL        uart0_tmp_val
  -------         ENDDO         
  C:0B86H         LINE#         100
  C:0BA3H         LINE#         102
  C:0BA8H         LINE#         105
  C:0BA8H         LINE#         110
  C:0BB0H         LINE#         111
  C:0BB0H         LINE#         113
  C:0BB3H         LINE#         115
  C:0BC3H         LINE#         117
  C:0BC3H         LINE#         124
  C:0BC3H         LINE#         126
  C:0BC6H         LINE#         128
  C:0BC6H         LINE#         131
  C:0BCDH         LINE#         132
  C:0BCDH         LINE#         135
  C:0BCFH         LINE#         136
  C:0BCFH         LINE#         137
  C:0BD2H         LINE#         142
  C:0BD5H         LINE#         143
  C:0BD5H         LINE#         145
  C:0BDCH         LINE#         146
  C:0BDCH         LINE#         148
  C:0BE4H         LINE#         151
  C:0BE4H         LINE#         154
  C:0BEDH         LINE#         155
  C:0BEDH         LINE#         157
  C:0C1FH         LINE#         161
  C:0C24H         LINE#         163
  C:0C2FH         LINE#         165
  C:0C2FH         LINE#         167
  C:0C42H         LINE#         169
  C:0C44H         LINE#         170
  C:0C44H         LINE#         171
  C:0C47H         LINE#         173
  C:0C4DH         LINE#         174
  C:0C53H         LINE#         176
  C:0C6CH         LINE#         177
  C:0C7EH         LINE#         178
  C:0C7EH         LINE#         179
  C:0C88H         LINE#         180
  C:0C88H         LINE#         205
  C:0C88H         LINE#         209
  C:0C8BH         LINE#         210
  C:0C8BH         LINE#         212
BL51 BANKED LINKER/LOCATER V6.22.4.0                                                  12/12/2025  16:07:28  PAGE 15


  C:0C8BH         LINE#         213
  C:0C8BH         LINE#         214
  C:0C8BH         LINE#         219
  C:0C8BH         LINE#         223
  C:0C8BH         LINE#         224
  -------         ENDPROC       UART0_IRQHANDLER
  -------         PROC          _UART0_SENDBYTE
  D:0007H         SYMBOL        senddata
  C:1F7FH         LINE#         227
  C:1F7FH         LINE#         228
  C:1F7FH         LINE#         229
  C:1F84H         LINE#         231
  C:1F86H         LINE#         232
  C:1F8BH         LINE#         234
  -------         ENDPROC       _UART0_SENDBYTE
  -------         PROC          UART0_SCAN_HANDLE
  -------         DO            
  X:60BCH         SYMBOL        i
  X:60BDH         SYMBOL        checksum
  B:0023H.4       SYMBOL        __flag_is_crc_or_len_err
  -------         DO            
  X:60BEH         SYMBOL        __loop_crc_cnt
  -------         ENDDO         
  -------         ENDDO         
  C:0CA6H         LINE#         250
  C:0CA6H         LINE#         251
  C:0CA6H         LINE#         252
  C:0CABH         LINE#         253
  C:0CADH         LINE#         254
  C:0CAFH         LINE#         299
  C:0CB8H         LINE#         300
  C:0CB8H         LINE#         304
  C:0CBBH         LINE#         307
  C:0CC0H         LINE#         308
  C:0CC4H         LINE#         309
  C:0CC7H         LINE#         312
  C:0CC7H         LINE#         316
  C:0CD9H         LINE#         317
  C:0CD9H         LINE#         318
  C:0CE5H         LINE#         319
  C:0CE5H         LINE#         323
  C:0D02H         LINE#         324
  C:0D02H         LINE#         331
  C:0D0BH         LINE#         332
  C:0D0BH         LINE#         333
  C:0D1CH         LINE#         336
  C:0D1CH         LINE#         338
  C:0D1CH         LINE#         339
  C:0D21H         LINE#         340
  C:0D25H         LINE#         341
  C:0D36H         LINE#         342
  C:0D36H         LINE#         343
  C:0D52H         LINE#         344
  C:0D58H         LINE#         347
  C:0D5DH         LINE#         348
  C:0D7CH         LINE#         349
  C:0D7CH         LINE#         351
BL51 BANKED LINKER/LOCATER V6.22.4.0                                                  12/12/2025  16:07:28  PAGE 16


  C:0D7EH         LINE#         352
  C:0D7EH         LINE#         353
  C:0D7EH         LINE#         355
  C:0D81H         LINE#         356
  C:0D81H         LINE#         377
  C:0D83H         LINE#         378
  C:0D8DH         LINE#         379
  C:0D8DH         LINE#         380
  C:0D9EH         LINE#         381
  C:0D9EH         LINE#         384
  C:0DAEH         LINE#         385
  C:0DAEH         LINE#         386
  C:0DB7H         LINE#         387
  -------         ENDPROC       UART0_SCAN_HANDLE
  -------         ENDMOD        UART0

  -------         MODULE        ADC
  C:0000H         SYMBOL        _ICE_DUMMY_
  D:0091H         PUBLIC        ADC_CFG2
  D:0093H         PUBLIC        ADC_DATAH0
  D:0094H         PUBLIC        ADC_DATAL0
  D:0099H         PUBLIC        ADC_CHS0
  D:009EH         PUBLIC        ADC_TRGS0
  X:6100H         PUBLIC        adc_val
  C:1E3CH         PUBLIC        adc_config
  C:1D0BH         PUBLIC        _adc_sel_pin
  C:0027H         PUBLIC        adc_single_convert
  C:1096H         PUBLIC        adc_getval
  C:1F70H         SYMBOL        Com0010
  C:1F70H         SYMBOL        L?0017
  C:1F79H         SYMBOL        L?0018
  -------         PROC          COM0010
  -------         ENDPROC       COM0010
  -------         PROC          ADC_CONFIG
  C:1E3CH         LINE#         9
  C:1E3CH         LINE#         10
  C:1E3CH         LINE#         13
  C:1E42H         LINE#         23
  C:1E47H         LINE#         31
  C:1E4DH         LINE#         32
  C:1E50H         LINE#         39
  C:1E57H         LINE#         40
  C:1E5BH         LINE#         41
  C:1E61H         LINE#         45
  C:1E64H         LINE#         46
  C:1E67H         LINE#         47
  -------         ENDPROC       ADC_CONFIG
  -------         PROC          _ADC_SEL_PIN
  D:0007H         SYMBOL        adc_pin
  C:1D0BH         LINE#         51
  C:1D0BH         LINE#         52
  C:1D0BH         LINE#         53
  C:1D0EH         LINE#         55
  C:1D17H         LINE#         56
  C:1D17H         LINE#         58
  C:1D17H         LINE#         59
  C:1D1EH         LINE#         60
BL51 BANKED LINKER/LOCATER V6.22.4.0                                                  12/12/2025  16:07:28  PAGE 17


  C:1D22H         LINE#         61
  C:1D25H         LINE#         62
  C:1D27H         LINE#         76
  C:1D27H         LINE#         81
  C:1D2EH         LINE#         83
  C:1D32H         LINE#         84
  C:1D35H         LINE#         85
  C:1D35H         LINE#         95
  C:1D35H         LINE#         97
  C:1D3BH         LINE#         100
  -------         ENDPROC       _ADC_SEL_PIN
  -------         PROC          ADC_SINGLE_CONVERT
  C:0027H         LINE#         104
  C:0027H         LINE#         105
  C:0027H         LINE#         106
  C:002DH         LINE#         107
  C:0033H         LINE#         109
  C:0036H         LINE#         110
  C:0049H         LINE#         111
  -------         ENDPROC       ADC_SINGLE_CONVERT
  -------         PROC          ADC_GETVAL
  -------         DO            
  X:60BFH         SYMBOL        adc_val_tmp
  X:60C1H         SYMBOL        adc_val_sum
  X:60C5H         SYMBOL        get_adcmax
  X:60C7H         SYMBOL        get_adcmin
  X:60C9H         SYMBOL        i
  -------         ENDDO         
  C:1096H         LINE#         114
  C:1096H         LINE#         115
  C:1096H         LINE#         116
  C:109DH         LINE#         117
  C:10A5H         LINE#         118
  C:10ACH         LINE#         119
  C:10B2H         LINE#         120
  C:10B5H         LINE#         122
  C:10B6H         LINE#         123
  C:10B6H         LINE#         124
  C:10C1H         LINE#         125
  C:10CAH         LINE#         126
  C:10CAH         LINE#         127
  C:10E0H         LINE#         128
  C:10E8H         LINE#         129
  C:10F7H         LINE#         130
  C:1106H         LINE#         131
  C:111EH         LINE#         132
  C:112AH         LINE#         134
  C:1142H         LINE#         135
  C:1159H         LINE#         136
  C:1169H         LINE#         138
  C:1169H         LINE#         139
  -------         ENDPROC       ADC_GETVAL
  -------         ENDMOD        ADC

  -------         MODULE        AIP1302
  C:0000H         SYMBOL        _ICE_DUMMY_
  B:0090H.6       PUBLIC        P16
BL51 BANKED LINKER/LOCATER V6.22.4.0                                                  12/12/2025  16:07:28  PAGE 18


  B:0090H.7       PUBLIC        P17
  B:00A0H.4       PUBLIC        P24
  C:1619H         PUBLIC        ___aip1302_read_byte
  C:1904H         PUBLIC        aip1302_is_running
  C:19C4H         PUBLIC        aip1302_config
  C:1F38H         PUBLIC        _aip1302_read_byte
  C:12EFH         PUBLIC        _aip1302_write_byte
  C:1E93H         PUBLIC        aip1302_update_time
  C:1B12H         PUBLIC        aip1302_read_all
  C:1F05H         SYMBOL        _reverse_u8
  C:182AH         SYMBOL        ___aip1302_convert_read_byte
  C:16ABH         SYMBOL        ___aip1302_write_byte
  C:1E0EH         SYMBOL        Com0044
  C:1E0EH         SYMBOL        L?0069
  C:1E10H         SYMBOL        L?0070
  C:1E20H         SYMBOL        L?0074
  C:1E2BH         SYMBOL        L?0075
  C:1E35H         SYMBOL        L?0076
  -------         PROC          COM0044
  -------         ENDPROC       COM0044
  -------         PROC          AIP1302_CONFIG
  -------         DO            
  D:0007H         SYMBOL        ret
  -------         ENDDO         
  C:19C4H         LINE#         8
  C:19C4H         LINE#         9
  C:19C4H         LINE#         10
  C:19C6H         LINE#         14
  C:19CCH         LINE#         15
  C:19D0H         LINE#         16
  C:19D5H         LINE#         18
  C:19D9H         LINE#         19
  C:19DDH         LINE#         20
  C:19E2H         LINE#         22
  C:19E2H         LINE#         23
  C:19E2H         LINE#         24
  C:19E5H         LINE#         26
  C:19E7H         LINE#         27
  C:19E9H         LINE#         33
  C:19ECH         LINE#         34
  C:19EFH         LINE#         35
  C:19EFH         LINE#         41
  C:19EFH         LINE#         43
  C:19EFH         LINE#         50
  C:19F6H         LINE#         51
  C:19FDH         LINE#         52
  C:1A04H         LINE#         54
  C:1A0BH         LINE#         55
  C:1A12H         LINE#         56
  C:1A19H         LINE#         65
  C:1A19H         LINE#         69
  -------         ENDPROC       AIP1302_CONFIG
  -------         PROC          _REVERSE_U8
  D:0007H         SYMBOL        arg
  -------         DO            
  D:0006H         SYMBOL        tmp
  D:0005H         SYMBOL        i
BL51 BANKED LINKER/LOCATER V6.22.4.0                                                  12/12/2025  16:07:28  PAGE 19


  -------         ENDDO         
  C:1F05H         LINE#         99
  C:1F05H         LINE#         100
  C:1F05H         LINE#         102
  C:1F07H         LINE#         105
  C:1F07H         LINE#         106
  C:1F07H         LINE#         107
  C:1F0BH         LINE#         108
  C:1F0FH         LINE#         109
  C:1F0FH         LINE#         110
  C:1F13H         LINE#         111
  C:1F13H         LINE#         113
  C:1F13H         LINE#         114
  C:1F13H         LINE#         115
  C:1F17H         LINE#         116
  C:1F1CH         LINE#         118
  C:1F1EH         LINE#         119
  -------         ENDPROC       _REVERSE_U8
  -------         PROC          ___AIP1302_CONVERT_READ_BYTE
  D:0004H         SYMBOL        cmd
  D:0005H         SYMBOL        byte
  -------         DO            
  D:0007H         SYMBOL        tmp
  X:60BDH         SYMBOL        i
  -------         DO            
  X:60BEH         SYMBOL        tens_place
  X:60BFH         SYMBOL        one_place
  -------         ENDDO         
  -------         ENDDO         
  C:182AH         LINE#         122
  C:182CH         LINE#         123
  C:182CH         LINE#         124
  C:182DH         LINE#         125
  C:1831H         LINE#         128
  C:1836H         LINE#         137
  C:1854H         LINE#         138
  C:1854H         LINE#         139
  C:1859H         LINE#         140
  C:185BH         LINE#         143
  C:1864H         LINE#         144
  C:1864H         LINE#         147
  C:1868H         LINE#         148
  C:186AH         LINE#         149
  C:1873H         LINE#         150
  C:1873H         LINE#         152
  C:1877H         LINE#         153
  C:1879H         LINE#         154
  C:187DH         LINE#         155
  C:187DH         LINE#         157
  C:1881H         LINE#         158
  C:1881H         LINE#         160
  C:188AH         LINE#         161
  C:1890H         LINE#         162
  C:1897H         LINE#         163
  C:1897H         LINE#         165
  C:1897H         LINE#         166
  -------         ENDPROC       ___AIP1302_CONVERT_READ_BYTE
BL51 BANKED LINKER/LOCATER V6.22.4.0                                                  12/12/2025  16:07:28  PAGE 20


  C:168DH         SYMBOL        L?0071
  C:1697H         SYMBOL        L?0072
  -------         PROC          ___AIP1302_READ_BYTE
  X:60BDH         SYMBOL        cmd
  -------         DO            
  X:60BEH         SYMBOL        recv_data
  X:60BFH         SYMBOL        i
  -------         ENDDO         
  C:1619H         LINE#         169
  C:161EH         LINE#         170
  C:161EH         LINE#         171
  C:1621H         LINE#         172
  C:1621H         LINE#         175
  C:1621H         LINE#         176
  C:1621H         LINE#         177
  C:1624H         LINE#         179
  C:1624H         LINE#         180
  C:1624H         LINE#         181
  C:1624H         LINE#         182
  C:162AH         LINE#         184
  C:162FH         LINE#         185
  C:162FH         LINE#         186
  C:162FH         LINE#         187
  C:1632H         LINE#         188
  C:1645H         LINE#         189
  C:1645H         LINE#         190
  C:1647H         LINE#         191
  C:1649H         LINE#         193
  C:1649H         LINE#         194
  C:164BH         LINE#         195
  C:164BH         LINE#         196
  C:1652H         LINE#         198
  C:1652H         LINE#         199
  C:1652H         LINE#         200
  C:1657H         LINE#         203
  C:165DH         LINE#         204
  C:1663H         LINE#         206
  C:1668H         LINE#         207
  C:1668H         LINE#         208
  C:166FH         LINE#         209
  C:166FH         LINE#         210
  C:1672H         LINE#         211
  C:1675H         LINE#         212
  C:1675H         LINE#         213
  C:167CH         LINE#         214
  C:167CH         LINE#         216
  C:167CH         LINE#         217
  C:167CH         LINE#         218
  C:167CH         LINE#         219
  C:167CH         LINE#         220
  C:1681H         LINE#         222
  C:1683H         LINE#         223
  C:1685H         LINE#         224
  C:1687H         LINE#         226
  C:168CH         LINE#         227
  -------         ENDPROC       ___AIP1302_READ_BYTE
  -------         PROC          _AIP1302_READ_BYTE
BL51 BANKED LINKER/LOCATER V6.22.4.0                                                  12/12/2025  16:07:28  PAGE 21


  X:60BCH         SYMBOL        cmd
  -------         DO            
  D:0006H         SYMBOL        recv_data
  -------         ENDDO         
  C:1F38H         LINE#         236
  C:1F3DH         LINE#         237
  C:1F3DH         LINE#         238
  C:1F3FH         LINE#         239
  C:1F44H         LINE#         240
  -------         ENDPROC       _AIP1302_READ_BYTE
  C:1720H         SYMBOL        L?0067
  C:1731H         SYMBOL        L?0073
  -------         PROC          ___AIP1302_WRITE_BYTE
  X:60C7H         SYMBOL        cmd
  X:60C8H         SYMBOL        byte
  -------         DO            
  X:60C9H         SYMBOL        i
  -------         ENDDO         
  C:16ABH         LINE#         250
  C:16B3H         LINE#         251
  C:16B3H         LINE#         252
  C:16B4H         LINE#         255
  C:16B4H         LINE#         256
  C:16B4H         LINE#         257
  C:16B7H         LINE#         259
  C:16B7H         LINE#         260
  C:16B7H         LINE#         261
  C:16B7H         LINE#         262
  C:16BDH         LINE#         264
  C:16C2H         LINE#         265
  C:16C2H         LINE#         266
  C:16C2H         LINE#         267
  C:16C5H         LINE#         268
  C:16D8H         LINE#         269
  C:16D8H         LINE#         270
  C:16DAH         LINE#         271
  C:16DCH         LINE#         273
  C:16DCH         LINE#         274
  C:16DEH         LINE#         275
  C:16DEH         LINE#         276
  C:16DEH         LINE#         277
  C:16DEH         LINE#         278
  C:16E1H         LINE#         279
  C:16E6H         LINE#         281
  C:16EBH         LINE#         282
  C:16EBH         LINE#         283
  C:16EBH         LINE#         284
  C:16EEH         LINE#         285
  C:1704H         LINE#         286
  C:1704H         LINE#         287
  C:1706H         LINE#         288
  C:1708H         LINE#         290
  C:1708H         LINE#         291
  C:170AH         LINE#         292
  C:170AH         LINE#         293
  C:170AH         LINE#         294
  C:170AH         LINE#         295
BL51 BANKED LINKER/LOCATER V6.22.4.0                                                  12/12/2025  16:07:28  PAGE 22


  C:170DH         LINE#         296
  C:1712H         LINE#         298
  C:1714H         LINE#         299
  C:171BH         LINE#         300
  C:171DH         LINE#         301
  C:171FH         LINE#         302
  -------         ENDPROC       ___AIP1302_WRITE_BYTE
  -------         PROC          AIP1302_IS_RUNNING
  C:1904H         LINE#         311
  C:1904H         LINE#         312
  C:1904H         LINE#         330
  C:1907H         LINE#         331
  C:195EH         LINE#         339
  C:195EH         LINE#         340
  C:1961H         LINE#         341
  C:1961H         LINE#         343
  C:1961H         LINE#         344
  C:1963H         LINE#         345
  C:1963H         LINE#         346
  -------         ENDPROC       AIP1302_IS_RUNNING
  -------         PROC          _AIP1302_WRITE_BYTE
  X:60C3H         SYMBOL        cmd
  D:0005H         SYMBOL        byte
  -------         DO            
  X:60C4H         SYMBOL        tmp
  -------         DO            
  X:60C5H         SYMBOL        tens_place
  X:60C6H         SYMBOL        one_place
  -------         ENDDO         
  -------         ENDDO         
  C:12EFH         LINE#         359
  C:12F4H         LINE#         360
  C:12F4H         LINE#         361
  C:12F7H         LINE#         369
  C:1319H         LINE#         370
  C:1319H         LINE#         371
  C:131EH         LINE#         372
  C:1320H         LINE#         373
  C:132AH         LINE#         374
  C:132AH         LINE#         375
  C:1331H         LINE#         376
  C:1331H         LINE#         377
  C:1340H         LINE#         380
  C:134DH         LINE#         384
  C:135AH         LINE#         385
  C:135AH         LINE#         386
  C:1361H         LINE#         387
  C:1363H         LINE#         388
  C:1370H         LINE#         389
  C:1370H         LINE#         392
  C:1377H         LINE#         393
  C:1379H         LINE#         394
  C:1380H         LINE#         395
  C:1380H         LINE#         397
  C:1385H         LINE#         398
  C:1385H         LINE#         399
  C:1385H         LINE#         402
BL51 BANKED LINKER/LOCATER V6.22.4.0                                                  12/12/2025  16:07:28  PAGE 23


  C:138CH         LINE#         403
  C:1397H         LINE#         405
  -------         ENDPROC       _AIP1302_WRITE_BYTE
  -------         PROC          AIP1302_UPDATE_TIME
  X:60BCH         SYMBOL        aip1302_saveinfo
  C:1E93H         LINE#         480
  C:1E93H         LINE#         481
  C:1E93H         LINE#         486
  C:1E9DH         LINE#         487
  C:1EA7H         LINE#         488
  -------         ENDPROC       AIP1302_UPDATE_TIME
  -------         PROC          AIP1302_READ_ALL
  C:1B12H         LINE#         508
  C:1B12H         LINE#         509
  C:1B12H         LINE#         510
  C:1B1CH         LINE#         511
  C:1B26H         LINE#         512
  C:1B30H         LINE#         513
  C:1B3AH         LINE#         514
  C:1B44H         LINE#         515
  C:1B57H         LINE#         517
  -------         ENDPROC       AIP1302_READ_ALL
  -------         ENDMOD        AIP1302

  -------         MODULE        KEY_DRIVER
  C:0000H         SYMBOL        _ICE_DUMMY_
  -------         ENDMOD        KEY_DRIVER

  -------         MODULE        IIC_SOFT
  C:0000H         SYMBOL        _ICE_DUMMY_
  -------         ENDMOD        IIC_SOFT

  -------         MODULE        USER_FLASH
  C:0000H         SYMBOL        _ICE_DUMMY_
  D:00A4H         PUBLIC        FLASH_CON
  D:00A5H         PUBLIC        FLASH_STA
  D:00A6H         PUBLIC        FLASH_DATA
  D:00AEH         PUBLIC        FLASH_PASSWORD
  D:00AFH         PUBLIC        FLASH_ADDR
  C:1F4EH         PUBLIC        _flash_erase_sector
  C:1D42H         PUBLIC        _flash_program
  C:1D79H         PUBLIC        _flash_read
  -------         PROC          _FLASH_ERASE_SECTOR
  D:0007H         SYMBOL        addr
  C:1F4EH         LINE#         9
  C:1F4EH         LINE#         10
  C:1F4EH         LINE#         11
  C:1F51H         LINE#         12
  C:1F53H         LINE#         13
  C:1F56H         LINE#         14
  C:1F59H         LINE#         16
  C:1F5EH         LINE#         18
  -------         ENDPROC       _FLASH_ERASE_SECTOR
  -------         PROC          _FLASH_PROGRAM
  D:0007H         SYMBOL        addr
  X:60BDH         SYMBOL        p_data
  X:60C0H         SYMBOL        len
BL51 BANKED LINKER/LOCATER V6.22.4.0                                                  12/12/2025  16:07:28  PAGE 24


  C:1D42H         LINE#         27
  C:1D48H         LINE#         28
  C:1D48H         LINE#         29
  C:1D4BH         LINE#         30
  C:1D4DH         LINE#         32
  C:1D56H         LINE#         33
  C:1D56H         LINE#         34
  C:1D5BH         LINE#         36
  C:1D6AH         LINE#         37
  C:1D6DH         LINE#         38
  C:1D70H         LINE#         40
  C:1D76H         LINE#         41
  C:1D78H         LINE#         42
  -------         ENDPROC       _FLASH_PROGRAM
  -------         PROC          _FLASH_READ
  D:0007H         SYMBOL        addr
  X:60CAH         SYMBOL        p_data
  X:60CDH         SYMBOL        len
  C:1D79H         LINE#         51
  C:1D7FH         LINE#         52
  C:1D7FH         LINE#         53
  C:1D85H         LINE#         54
  C:1D85H         LINE#         55
  C:1DA4H         LINE#         56
  C:1DAAH         LINE#         57
  C:1DACH         LINE#         58
  -------         ENDPROC       _FLASH_READ
  -------         ENDMOD        USER_FLASH

  -------         MODULE        MAIN
  C:0000H         SYMBOL        _ICE_DUMMY_
  D:00D9H         PUBLIC        WDT_KEY
  B:00A0H.3       PUBLIC        P23
  C:1DADH         PUBLIC        user_init
  C:1BDDH         PUBLIC        main
  -------         PROC          USER_INIT
  C:1DADH         LINE#         27
  C:1DADH         LINE#         28
  C:1DADH         LINE#         30
  C:1DB3H         LINE#         31
  C:1DB7H         LINE#         32
  C:1DBCH         LINE#         35
  C:1DBFH         LINE#         38
  C:1DC2H         LINE#         41
  C:1DC5H         LINE#         44
  C:1DC8H         LINE#         48
  C:1DCBH         LINE#         52
  C:1DCEH         LINE#         60
  C:1DD1H         LINE#         63
  C:1DD4H         LINE#         70
  C:1DD7H         LINE#         73
  -------         ENDPROC       USER_INIT
  -------         PROC          MAIN
  C:1BDDH         LINE#         77
  C:1BDDH         LINE#         78
  C:1BDDH         LINE#         80
  C:1BE0H         LINE#         85
BL51 BANKED LINKER/LOCATER V6.22.4.0                                                  12/12/2025  16:07:28  PAGE 25


  C:1BE3H         LINE#         86
  C:1BEAH         LINE#         87
  C:1BEDH         LINE#         90
  C:1BF0H         LINE#         95
  C:1BF2H         LINE#         96
  C:1BF9H         LINE#         97
  C:1BFBH         LINE#         100
  C:1BFBH         LINE#         101
  C:1BFBH         LINE#         105
  C:1BFEH         LINE#         123
  C:1C01H         LINE#         127
  C:1C04H         LINE#         132
  C:1C07H         LINE#         134
  C:1C0AH         LINE#         137
  C:1C0DH         LINE#         140
  C:1C10H         LINE#         144
  C:1C13H         LINE#         145
  C:1C16H         LINE#         146
  C:1C19H         LINE#         211
  -------         ENDPROC       MAIN
  -------         ENDMOD        MAIN

  -------         MODULE        FUN_INFO
  C:0000H         SYMBOL        _ICE_DUMMY_
  X:606CH         PUBLIC        fun_info
  C:1C59H         PUBLIC        fun_info_init
  C:1ECEH         PUBLIC        fun_info_save
  -------         PROC          FUN_INFO_INIT
  -------         DO            
  X:60BCH         SYMBOL        save_info
  -------         ENDDO         
  C:1C59H         LINE#         7
  C:1C59H         LINE#         8
  C:1C59H         LINE#         84
  C:1C6AH         LINE#         85
  C:1C71H         LINE#         86
  C:1C71H         LINE#         87
  C:1C7DH         LINE#         88
  C:1C89H         LINE#         89
  C:1C95H         LINE#         90
  C:1C95H         LINE#         92
  C:1C95H         LINE#         94
  C:1C95H         LINE#         97
  -------         ENDPROC       FUN_INFO_INIT
  -------         PROC          FUN_INFO_SAVE
  C:1ECEH         LINE#         100
  C:1ECEH         LINE#         101
  C:1ECEH         LINE#         109
  C:1ED3H         LINE#         110
  C:1ED9H         LINE#         111
  -------         ENDPROC       FUN_INFO_SAVE
  -------         ENDMOD        FUN_INFO

  -------         MODULE        SEND_DATA
  C:0000H         SYMBOL        _ICE_DUMMY_
  C:047EH         PUBLIC        _send_data_packet
  C:1964H         SYMBOL        Com002C
BL51 BANKED LINKER/LOCATER V6.22.4.0                                                  12/12/2025  16:07:28  PAGE 26


  C:1964H         SYMBOL        L?0045
  C:1967H         SYMBOL        L?0046
  C:1974H         SYMBOL        L?0047
  C:197FH         SYMBOL        L?0048
  C:1980H         SYMBOL        L?0049
  C:198CH         SYMBOL        L?0050
  C:198CH         SYMBOL        L?0051
  C:198EH         SYMBOL        L?0052
  C:1991H         SYMBOL        L?0053
  C:1998H         SYMBOL        L?0054
  C:1998H         SYMBOL        L?0055
  C:19A9H         SYMBOL        L?0056
  C:19A9H         SYMBOL        L?0057
  C:19B6H         SYMBOL        L?0058
  C:19B9H         SYMBOL        L?0059
  -------         PROC          COM002C
  -------         ENDPROC       COM002C
  -------         PROC          _SEND_DATA_PACKET
  D:0003H         SYMBOL        cmd
  -------         DO            
  X:60A8H         SYMBOL        send_data_packet
  X:60BCH         SYMBOL        send_data_packet_len
  X:60BDH         SYMBOL        check_sum
  X:60BEH         SYMBOL        i
  X:60BFH         SYMBOL        tmp_val
  -------         ENDDO         
  C:047EH         LINE#         119
  C:0480H         LINE#         120
  C:0480H         LINE#         127
  C:0485H         LINE#         128
  C:0487H         LINE#         129
  C:0489H         LINE#         130
  C:0491H         LINE#         132
  C:0497H         LINE#         133
  C:049CH         LINE#         135
  C:04DFH         LINE#         136
  C:04DFH         LINE#         139
  C:04DFH         LINE#         140
  C:04DFH         LINE#         141
  C:04DFH         LINE#         142
  C:04E2H         LINE#         143
  C:04E5H         LINE#         144
  C:04E5H         LINE#         145
  C:04E8H         LINE#         148
  C:04E8H         LINE#         149
  C:04E8H         LINE#         150
  C:04E8H         LINE#         151
  C:04EBH         LINE#         152
  C:04EEH         LINE#         153
  C:04EEH         LINE#         154
  C:04F1H         LINE#         157
  C:04F1H         LINE#         158
  C:04F1H         LINE#         159
  C:04F1H         LINE#         160
  C:04F4H         LINE#         161
  C:04F7H         LINE#         162
  C:04F7H         LINE#         163
BL51 BANKED LINKER/LOCATER V6.22.4.0                                                  12/12/2025  16:07:28  PAGE 27


  C:04FAH         LINE#         166
  C:04FAH         LINE#         167
  C:04FAH         LINE#         168
  C:04FAH         LINE#         169
  C:04FDH         LINE#         170
  C:0500H         LINE#         171
  C:0500H         LINE#         172
  C:0503H         LINE#         176
  C:0503H         LINE#         177
  C:0503H         LINE#         178
  C:0503H         LINE#         179
  C:0506H         LINE#         180
  C:0509H         LINE#         181
  C:0509H         LINE#         182
  C:050CH         LINE#         185
  C:050CH         LINE#         186
  C:050CH         LINE#         187
  C:050CH         LINE#         188
  C:050FH         LINE#         189
  C:0512H         LINE#         190
  C:0512H         LINE#         191
  C:0515H         LINE#         194
  C:0515H         LINE#         195
  C:0515H         LINE#         196
  C:0517H         LINE#         197
  C:051AH         LINE#         198
  C:052AH         LINE#         199
  C:0535H         LINE#         200
  C:0535H         LINE#         201
  C:0538H         LINE#         204
  C:0538H         LINE#         205
  C:0538H         LINE#         207
  C:0547H         LINE#         208
  C:0547H         LINE#         209
  C:054DH         LINE#         210
  C:054DH         LINE#         212
  C:054DH         LINE#         213
  C:0550H         LINE#         214
  C:0555H         LINE#         215
  C:0555H         LINE#         216
  C:0558H         LINE#         219
  C:0558H         LINE#         220
  C:0558H         LINE#         221
  C:0558H         LINE#         222
  C:055BH         LINE#         223
  C:055EH         LINE#         224
  C:055EH         LINE#         225
  C:0561H         LINE#         237
  C:0561H         LINE#         238
  C:0561H         LINE#         239
  C:0566H         LINE#         240
  C:0569H         LINE#         250
  C:056EH         LINE#         251
  C:056EH         LINE#         252
  C:056EH         LINE#         253
  C:056EH         LINE#         254
  C:056EH         LINE#         255
BL51 BANKED LINKER/LOCATER V6.22.4.0                                                  12/12/2025  16:07:28  PAGE 28


  C:056EH         LINE#         256
  C:056EH         LINE#         257
  C:0570H         LINE#         260
  C:0570H         LINE#         261
  C:0570H         LINE#         262
  C:0575H         LINE#         263
  C:0578H         LINE#         273
  C:0582H         LINE#         274
  C:0582H         LINE#         275
  C:0582H         LINE#         276
  C:0582H         LINE#         277
  C:0582H         LINE#         278
  C:0582H         LINE#         279
  C:0582H         LINE#         280
  C:0585H         LINE#         283
  C:0585H         LINE#         284
  C:0585H         LINE#         285
  C:058AH         LINE#         286
  C:058DH         LINE#         288
  C:0595H         LINE#         289
  C:059FH         LINE#         290
  C:05A7H         LINE#         291
  C:05AFH         LINE#         292
  C:05B7H         LINE#         293
  C:05BFH         LINE#         294
  C:05C7H         LINE#         295
  C:05C7H         LINE#         296
  C:05CAH         LINE#         299
  C:05CAH         LINE#         300
  C:05CAH         LINE#         301
  C:05CFH         LINE#         302
  C:05D2H         LINE#         304
  C:05DAH         LINE#         305
  C:05E4H         LINE#         306
  C:05E4H         LINE#         307
  C:05E7H         LINE#         310
  C:05E7H         LINE#         311
  C:05E7H         LINE#         312
  C:05E7H         LINE#         313
  C:05EAH         LINE#         314
  C:05EDH         LINE#         315
  C:05EDH         LINE#         316
  C:05EFH         LINE#         320
  C:05EFH         LINE#         321
  C:05EFH         LINE#         322
  C:05EFH         LINE#         323
  C:05F2H         LINE#         324
  C:05FAH         LINE#         325
  C:05FAH         LINE#         326
  C:05FDH         LINE#         329
  C:05FDH         LINE#         330
  C:05FDH         LINE#         331
  C:0602H         LINE#         332
  C:0605H         LINE#         337
  C:060EH         LINE#         338
  C:060EH         LINE#         339
  C:060EH         LINE#         340
BL51 BANKED LINKER/LOCATER V6.22.4.0                                                  12/12/2025  16:07:28  PAGE 29


  C:060EH         LINE#         341
  C:060EH         LINE#         342
  C:060EH         LINE#         343
  C:060EH         LINE#         344
  C:0610H         LINE#         347
  C:0610H         LINE#         348
  C:0610H         LINE#         349
  C:0615H         LINE#         350
  C:0618H         LINE#         360
  C:0624H         LINE#         361
  C:0649H         LINE#         362
  C:0649H         LINE#         363
  C:066CH         LINE#         364
  C:066CH         LINE#         365
  C:068EH         LINE#         366
  C:068EH         LINE#         367
  C:0691H         LINE#         373
  C:0691H         LINE#         374
  C:0691H         LINE#         375
  C:0696H         LINE#         376
  C:0699H         LINE#         378
  C:069EH         LINE#         379
  C:069EH         LINE#         380
  C:069EH         LINE#         381
  C:069EH         LINE#         382
  C:069EH         LINE#         383
  C:06A0H         LINE#         389
  C:06A0H         LINE#         390
  C:06A0H         LINE#         391
  C:06A5H         LINE#         392
  C:06A8H         LINE#         394
  C:06B5H         LINE#         395
  C:06B9H         LINE#         396
  C:06B9H         LINE#         397
  C:06C1H         LINE#         398
  C:06C1H         LINE#         399
  C:06C3H         LINE#         402
  C:06C3H         LINE#         403
  C:06C3H         LINE#         404
  C:06E1H         LINE#         405
  C:06F3H         LINE#         406
  C:06F3H         LINE#         407
  C:06FDH         LINE#         408
  C:06FDH         LINE#         410
  C:06FDH         LINE#         411
  C:0700H         LINE#         413
  C:070BH         LINE#         414
  C:070BH         LINE#         415
  C:070BH         LINE#         417
  C:070BH         LINE#         418
  C:070BH         LINE#         419
  C:070BH         LINE#         421
  C:071DH         LINE#         422
  C:071DH         LINE#         423
  C:072AH         LINE#         424
  C:072AH         LINE#         426
  C:0735H         LINE#         427
BL51 BANKED LINKER/LOCATER V6.22.4.0                                                  12/12/2025  16:07:28  PAGE 30


  C:0735H         LINE#         428
  C:073DH         LINE#         429
  C:0748H         LINE#         430
  C:074EH         LINE#         432
  -------         ENDPROC       _SEND_DATA_PACKET
  -------         ENDMOD        SEND_DATA

  -------         MODULE        PIN_LEVEL_SCAN
  C:0000H         SYMBOL        _ICE_DUMMY_
  B:0080H.6       PUBLIC        P06
  B:0080H.7       PUBLIC        P07
  B:0090H.0       PUBLIC        P10
  B:0090H.3       PUBLIC        P13
  B:0090H.4       PUBLIC        P14
  B:00A0H.0       PUBLIC        P20
  B:00A0H.1       PUBLIC        P21
  B:00A0H.2       PUBLIC        P22
  B:00A0H.5       PUBLIC        P25
  B:00A0H.7       PUBLIC        P27
  B:00B0H.0       PUBLIC        P30
  X:6102H         PUBLIC        pin_level_scan_time_cnt
  C:1C96H         PUBLIC        pin_level_scan_config
  C:139EH         PUBLIC        pin_level_scan
  -------         PROC          PIN_LEVEL_SCAN_CONFIG
  C:1C96H         LINE#         7
  C:1C96H         LINE#         8
  C:1C96H         LINE#         18
  C:1C9CH         LINE#         21
  C:1CA1H         LINE#         24
  C:1CA6H         LINE#         27
  C:1CACH         LINE#         30
  C:1CB2H         LINE#         33
  C:1CB7H         LINE#         36
  C:1CBBH         LINE#         39
  C:1CC1H         LINE#         42
  C:1CC5H         LINE#         45
  C:1CCBH         LINE#         46
  C:1CD1H         LINE#         48
  -------         ENDPROC       PIN_LEVEL_SCAN_CONFIG
  -------         PROC          PIN_LEVEL_SCAN
  C:139EH         LINE#         51
  C:139EH         LINE#         52
  C:139EH         LINE#         54
  C:13B0H         LINE#         55
  C:13B0H         LINE#         56
  C:13B4H         LINE#         74
  C:13BAH         LINE#         75
  C:13BAH         LINE#         77
  C:13BBH         LINE#         78
  C:13BDH         LINE#         80
  C:13BDH         LINE#         82
  C:13C0H         LINE#         83
  C:13C0H         LINE#         84
  C:13C2H         LINE#         86
  C:13C5H         LINE#         87
  C:13C5H         LINE#         89
  C:13CAH         LINE#         90
BL51 BANKED LINKER/LOCATER V6.22.4.0                                                  12/12/2025  16:07:28  PAGE 31


  C:13CCH         LINE#         92
  C:13CCH         LINE#         94
  C:13D2H         LINE#         95
  C:13D2H         LINE#         96
  C:13D4H         LINE#         112
  C:13D7H         LINE#         113
  C:13D7H         LINE#         115
  C:13DCH         LINE#         116
  C:13DEH         LINE#         117
  C:13E1H         LINE#         118
  C:13E1H         LINE#         120
  C:13E7H         LINE#         121
  C:13E9H         LINE#         122
  C:13ECH         LINE#         123
  C:13ECH         LINE#         125
  C:13F2H         LINE#         126
  C:13F4H         LINE#         127
  C:13F7H         LINE#         128
  C:13F7H         LINE#         130
  C:13FDH         LINE#         131
  C:13FFH         LINE#         132
  C:1402H         LINE#         133
  C:1402H         LINE#         135
  C:1408H         LINE#         136
  C:140AH         LINE#         137
  C:140DH         LINE#         138
  C:140DH         LINE#         140
  C:1413H         LINE#         141
  C:1415H         LINE#         142
  C:141BH         LINE#         143
  C:141BH         LINE#         145
  C:141EH         LINE#         146
  C:1420H         LINE#         148
  C:1420H         LINE#         153
  C:1423H         LINE#         154
  C:1423H         LINE#         157
  C:1425H         LINE#         159
  C:1428H         LINE#         160
  C:1428H         LINE#         163
  C:142EH         LINE#         164
  C:1430H         LINE#         166
  C:1430H         LINE#         168
  C:1435H         LINE#         169
  C:1435H         LINE#         170
  C:1437H         LINE#         172
  C:143AH         LINE#         173
  C:143AH         LINE#         175
  C:1440H         LINE#         179
  C:1442H         LINE#         181
  C:1442H         LINE#         183
  C:1447H         LINE#         187
  C:1447H         LINE#         191
  C:1449H         LINE#         192
  C:1449H         LINE#         204
  -------         ENDPROC       PIN_LEVEL_SCAN
  -------         ENDMOD        PIN_LEVEL_SCAN

BL51 BANKED LINKER/LOCATER V6.22.4.0                                                  12/12/2025  16:07:28  PAGE 32


  -------         MODULE        SPEED_SCAN
  C:0000H         SYMBOL        _ICE_DUMMY_
  B:0023H.0       PUBLIC        flag_is_speed_scan_over_time
  X:60CFH         PUBLIC        speed_pulse_cnt
  X:60D3H         PUBLIC        speed_scan_time_ms
  C:1F8CH         PUBLIC        speed_scan_config
  C:123AH         PUBLIC        speed_scan
  X:60D7H         SYMBOL        cur_speed_scan_time
  X:60DBH         SYMBOL        cur_speed_scan_pulse
  C:1CD2H         PUBLIC        update_speed_scan_data
  C:1FA6H         SYMBOL        Com0008
  C:1FA6H         SYMBOL        L?0009
  C:1FA6H         SYMBOL        L?0010
  C:1FACH         SYMBOL        L?0011
  -------         PROC          COM0008
  -------         ENDPROC       COM0008
  -------         PROC          SPEED_SCAN_CONFIG
  C:1F8CH         LINE#         6
  C:1F8CH         LINE#         7
  C:1F8CH         LINE#         10
  C:1F92H         LINE#         11
  C:1F98H         LINE#         14
  -------         ENDPROC       SPEED_SCAN_CONFIG
  -------         PROC          UPDATE_SPEED_SCAN_DATA
  C:1CD2H         LINE#         23
  C:1CD2H         LINE#         24
  C:1CD2H         LINE#         25
  C:1CE4H         LINE#         26
  C:1CEEH         LINE#         27
  C:1D00H         LINE#         28
  C:1D0AH         LINE#         29
  -------         ENDPROC       UPDATE_SPEED_SCAN_DATA
  -------         PROC          SPEED_SCAN
  -------         DO            
  X:60BCH         SYMBOL        cur_speed
  X:60C0H         SYMBOL        tmp
  -------         ENDDO         
  C:123AH         LINE#         31
  C:123AH         LINE#         32
  C:123AH         LINE#         33
  C:1244H         LINE#         34
  C:124EH         LINE#         36
  C:1264H         LINE#         37
  C:1264H         LINE#         43
  C:1280H         LINE#         46
  C:1283H         LINE#         47
  C:1283H         LINE#         48
  C:128DH         LINE#         49
  C:128FH         LINE#         51
  C:128FH         LINE#         65
  C:12B6H         LINE#         66
  C:12B6H         LINE#         69
  C:12C8H         LINE#         75
  C:12D2H         LINE#         76
  C:12DCH         LINE#         77
  C:12DEH         LINE#         79
  C:12ECH         LINE#         86
BL51 BANKED LINKER/LOCATER V6.22.4.0                                                  12/12/2025  16:07:28  PAGE 33


  C:12EEH         LINE#         87
  C:12EEH         LINE#         88
  -------         ENDPROC       SPEED_SCAN
  -------         ENDMOD        SPEED_SCAN

  -------         MODULE        ENGINE_SPEED_SCAN
  C:0000H         SYMBOL        _ICE_DUMMY_
  B:0023H.1       PUBLIC        flag_is_engine_speed_scan_over_time
  X:60DFH         PUBLIC        engine_speed_scan_cnt
  X:60E3H         PUBLIC        engine_speed_scan_ms
  C:1F99H         PUBLIC        engine_speed_scan_config
  C:173BH         PUBLIC        engine_speed_scan
  X:60E5H         SYMBOL        cur_engine_speed_scan_cnt
  X:60E9H         SYMBOL        cur_engine_speed_scan_ms
  C:1C1BH         PUBLIC        update_engine_speed_scan_data
  C:1FE2H         SYMBOL        Com0009
  C:1FE2H         SYMBOL        L?0010
  C:1FE2H         SYMBOL        L?0011
  -------         PROC          COM0009
  -------         ENDPROC       COM0009
  -------         PROC          ENGINE_SPEED_SCAN_CONFIG
  C:1F99H         LINE#         6
  C:1F99H         LINE#         7
  C:1F99H         LINE#         10
  C:1F9FH         LINE#         11
  C:1FA5H         LINE#         12
  -------         ENDPROC       ENGINE_SPEED_SCAN_CONFIG
  -------         PROC          UPDATE_ENGINE_SPEED_SCAN_DATA
  C:1C1BH         LINE#         22
  C:1C1BH         LINE#         23
  C:1C1BH         LINE#         24
  C:1C30H         LINE#         25
  C:1C3AH         LINE#         26
  C:1C51H         LINE#         27
  C:1C58H         LINE#         28
  -------         ENDPROC       UPDATE_ENGINE_SPEED_SCAN_DATA
  -------         PROC          ENGINE_SPEED_SCAN
  -------         DO            
  X:60BCH         SYMBOL        rpm
  -------         ENDDO         
  C:173BH         LINE#         31
  C:173BH         LINE#         32
  C:173BH         LINE#         36
  C:174EH         LINE#         38
  C:174EH         LINE#         40
  C:1751H         LINE#         41
  C:1751H         LINE#         42
  C:175BH         LINE#         43
  C:175DH         LINE#         45
  C:175DH         LINE#         60
  C:1779H         LINE#         61
  C:1779H         LINE#         65
  C:1783H         LINE#         66
  C:178DH         LINE#         67
  C:178FH         LINE#         70
  C:17A2H         LINE#         71
  C:17A2H         LINE#         72
BL51 BANKED LINKER/LOCATER V6.22.4.0                                                  12/12/2025  16:07:28  PAGE 34


  C:17ACH         LINE#         73
  C:17ACH         LINE#         83
  C:17B8H         LINE#         84
  C:17BAH         LINE#         88
  C:17BAH         LINE#         89
  -------         ENDPROC       ENGINE_SPEED_SCAN
  -------         ENDMOD        ENGINE_SPEED_SCAN

  -------         MODULE        MILEAGE
  C:0000H         SYMBOL        _ICE_DUMMY_
  X:60A0H         PUBLIC        distance
  X:60A4H         PUBLIC        mileage_save_time_cnt
  X:60A6H         PUBLIC        mileage_update_time_cnt
  C:0DB8H         PUBLIC        mileage_scan
  C:1DDEH         SYMBOL        Com000C
  C:1DDEH         SYMBOL        L?0013
  C:1DDEH         SYMBOL        L?0014
  C:1DEFH         SYMBOL        L?0015
  C:1DEFH         SYMBOL        L?0016
  C:1DFFH         SYMBOL        L?0017
  C:1E07H         SYMBOL        L?0018
  -------         PROC          COM000C
  -------         ENDPROC       COM000C
  -------         PROC          MILEAGE_SCAN
  -------         DO            
  X:6094H         SYMBOL        old_total_mileage
  X:6098H         SYMBOL        old_subtotal_mileage
  X:609CH         SYMBOL        old_subtotal_mileage_2
  B:0023H.2       SYMBOL        flag_is_any_mileage_save
  -------         DO            
  X:6093H         SYMBOL        cnt
  -------         ENDDO         
  -------         ENDDO         
  C:0DB8H         LINE#         11
  C:0DB8H         LINE#         12
[...]
  C:09CEH         LINE#         118
  C:09D0H         LINE#         119
  C:09D2H         LINE#         121
  C:09D2H         LINE#         122
  C:09D4H         LINE#         124
  C:09D6H         LINE#         126
  C:09D6H         LINE#         127
  C:09D8H         LINE#         128
  C:09D8H         LINE#         129
  C:09D8H         LINE#         131
  C:09E1H         LINE#         132
  C:09E1H         LINE#         133
  C:09E4H         LINE#         134
BL51 BANKED LINKER/LOCATER V6.22.4.0                                                  12/12/2025  16:07:28  PAGE 37


  C:09E4H         LINE#         136
  C:09F4H         LINE#         137
  C:0A00H         LINE#         138
  C:0A0CH         LINE#         139
  C:0A2DH         LINE#         140
  C:0A2DH         LINE#         141
  C:0A2DH         LINE#         142
  C:0A36H         LINE#         143
  -------         ENDPROC       INSTRUCTION_SCAN
  C:0B7BH         SYMBOL        L?0038
  -------         PROC          INSTRUCTION_HANDLE
  C:0A37H         LINE#         145
  C:0A37H         LINE#         146
  C:0A37H         LINE#         147
  C:0A3AH         LINE#         148
  C:0A3AH         LINE#         151
  C:0A3CH         LINE#         157
  C:0A42H         LINE#         158
  C:0A42H         LINE#         160
  C:0A44H         LINE#         162
  C:0A48H         LINE#         163
  C:0A4DH         LINE#         164
  C:0A52H         LINE#         165
  C:0A52H         LINE#         166
  C:0A55H         LINE#         167
  C:0A5AH         LINE#         169
  C:0A5FH         LINE#         170
  C:0A64H         LINE#         172
  C:0A69H         LINE#         173
  C:0A6EH         LINE#         176
  C:0A71H         LINE#         178
  C:0A76H         LINE#         183
  C:0A7BH         LINE#         185
  C:0A80H         LINE#         189
  C:0A80H         LINE#         190
  C:0A80H         LINE#         192
  C:0A83H         LINE#         193
  C:0A83H         LINE#         194
  C:0A85H         LINE#         195
  C:0A8AH         LINE#         196
  C:0A8AH         LINE#         198
  C:0A8DH         LINE#         199
  C:0A8DH         LINE#         200
  C:0A8FH         LINE#         201
  C:0A94H         LINE#         202
  C:0A94H         LINE#         204
  C:0A97H         LINE#         205
  C:0A97H         LINE#         206
  C:0A99H         LINE#         212
  C:0A9EH         LINE#         214
  C:0A9EH         LINE#         216
  C:0AA1H         LINE#         217
  C:0AA1H         LINE#         219
  C:0AA3H         LINE#         224
  C:0AA8H         LINE#         225
  C:0AA8H         LINE#         227
  C:0AABH         LINE#         228
BL51 BANKED LINKER/LOCATER V6.22.4.0                                                  12/12/2025  16:07:28  PAGE 38


  C:0AABH         LINE#         230
  C:0AADH         LINE#         235
  C:0AB2H         LINE#         236
  C:0AB2H         LINE#         238
  C:0AB5H         LINE#         239
  C:0AB5H         LINE#         241
  C:0AB7H         LINE#         246
  C:0AB7H         LINE#         250
  C:0ABAH         LINE#         251
  C:0ABAH         LINE#         253
  C:0ABDH         LINE#         254
  C:0ABDH         LINE#         256
  C:0ABFH         LINE#         262
  C:0AC4H         LINE#         263
  C:0AC4H         LINE#         265
  C:0AC7H         LINE#         266
  C:0AC7H         LINE#         267
  C:0AC9H         LINE#         268
  C:0ACEH         LINE#         272
  C:0ACEH         LINE#         274
  C:0AD1H         LINE#         275
  C:0AD1H         LINE#         276
  C:0AD3H         LINE#         285
  C:0AD3H         LINE#         287
  C:0AD6H         LINE#         288
  C:0AD6H         LINE#         290
  C:0AD8H         LINE#         294
  C:0ADDH         LINE#         298
  C:0ADDH         LINE#         300
  C:0AE0H         LINE#         301
  C:0AE0H         LINE#         302
  C:0AE2H         LINE#         307
  C:0AE2H         LINE#         309
  C:0AE5H         LINE#         310
  C:0AE5H         LINE#         311
  C:0AE7H         LINE#         313
  C:0AECH         LINE#         314
  C:0AECH         LINE#         316
  C:0AEFH         LINE#         317
  C:0AEFH         LINE#         318
  C:0AF1H         LINE#         320
  C:0AF6H         LINE#         321
  C:0AF6H         LINE#         324
  C:0AF9H         LINE#         325
  C:0AF9H         LINE#         327
  C:0AFBH         LINE#         340
  C:0B01H         LINE#         341
  C:0B01H         LINE#         345
  C:0B16H         LINE#         346
  C:0B1CH         LINE#         348
  C:0B1CH         LINE#         349
  C:0B1CH         LINE#         352
  C:0B1FH         LINE#         353
  C:0B1FH         LINE#         355
  C:0B21H         LINE#         360
  C:0B26H         LINE#         361
  C:0B26H         LINE#         363
BL51 BANKED LINKER/LOCATER V6.22.4.0                                                  12/12/2025  16:07:28  PAGE 39


  C:0B29H         LINE#         364
  C:0B29H         LINE#         366
  C:0B2BH         LINE#         367
  C:0B35H         LINE#         368
  C:0B3FH         LINE#         369
  C:0B42H         LINE#         373
  C:0B42H         LINE#         375
  C:0B45H         LINE#         376
  C:0B45H         LINE#         378
  C:0B47H         LINE#         379
  C:0B51H         LINE#         380
  C:0B5BH         LINE#         381
  C:0B5EH         LINE#         385
  C:0B5EH         LINE#         387
  C:0B61H         LINE#         388
  C:0B61H         LINE#         389
  C:0B63H         LINE#         390
  C:0B6DH         LINE#         391
  C:0B77H         LINE#         392
  C:0B7AH         LINE#         393
  C:0B7AH         LINE#         394
  -------         ENDPROC       INSTRUCTION_HANDLE
  -------         ENDMOD        INSTRUCTION

  -------         MODULE        AD_KEY
  C:0000H         SYMBOL        _ICE_DUMMY_
  -------         ENDMOD        AD_KEY

  -------         MODULE        FUEL_CAPACITY
  C:0000H         SYMBOL        _ICE_DUMMY_
  X:603FH         PUBLIC        fuel_capacity_scan_cnt
  C:1580H         PUBLIC        fuel_capacity_scan
  X:6043H         SYMBOL        samples
  X:606BH         SYMBOL        sample_index
  C:1898H         PUBLIC        _get_filtered_adc
  C:1F5FH         PUBLIC        _samples_init
  C:0755H         PUBLIC        _convert_fuel_adc_to_percent
  C:1AC5H         SYMBOL        Com0026
  C:1AC5H         SYMBOL        L?0039
  C:1AD3H         SYMBOL        L?0040
  C:1ADBH         SYMBOL        L?0041
  C:1ADBH         SYMBOL        L?0042
  C:1AE4H         SYMBOL        L?0043
  C:1AE4H         SYMBOL        L?0044
  C:1AEEH         SYMBOL        L?0045
  C:1AF2H         SYMBOL        L?0046
  C:1AFDH         SYMBOL        L?0048
  C:1AFDH         SYMBOL        L?0049
  C:1B09H         SYMBOL        L?0051
  -------         PROC          COM0026
  -------         ENDPROC       COM0026
  -------         PROC          _GET_FILTERED_ADC
  D:0002H         SYMBOL        adc_val
  -------         DO            
  X:60BFH         SYMBOL        i
  X:60C0H         SYMBOL        sum
  -------         ENDDO         
BL51 BANKED LINKER/LOCATER V6.22.4.0                                                  12/12/2025  16:07:28  PAGE 40


  C:1898H         LINE#         183
  C:189CH         LINE#         184
  C:189CH         LINE#         185
  C:18A1H         LINE#         186
  C:18A9H         LINE#         187
  C:18BDH         LINE#         188
  C:18C6H         LINE#         189
  C:18C8H         LINE#         191
  C:18CDH         LINE#         192
  C:18F5H         LINE#         194
  -------         ENDPROC       _GET_FILTERED_ADC
  -------         PROC          _SAMPLES_INIT
  D:0006H         SYMBOL        adc_val
  -------         DO            
  D:0005H         SYMBOL        i
  -------         ENDDO         
  C:1F5FH         LINE#         198
  C:1F5FH         LINE#         199
  C:1F5FH         LINE#         200
  C:1F61H         LINE#         201
  C:1F61H         LINE#         202
  C:1F61H         LINE#         203
  C:1F6AH         LINE#         204
  C:1F6FH         LINE#         205
  -------         ENDPROC       _SAMPLES_INIT
  -------         PROC          _CONVERT_FUEL_ADC_TO_PERCENT
  X:60BFH         SYMBOL        fuel_adc_val
  -------         DO            
  D:0005H         SYMBOL        ret
  -------         ENDDO         
  C:0755H         LINE#         208
  C:075DH         LINE#         209
  C:075DH         LINE#         243
  C:075FH         LINE#         254
  C:0772H         LINE#         255
  C:0772H         LINE#         256
  C:0774H         LINE#         257
  C:0777H         LINE#         259
  C:0777H         LINE#         260
  C:0780H         LINE#         261
  C:0780H         LINE#         262
  C:0782H         LINE#         263
  C:0785H         LINE#         264
  C:078EH         LINE#         265
  C:078EH         LINE#         266
  C:0790H         LINE#         267
  C:0793H         LINE#         268
  C:07A4H         LINE#         269
  C:07A4H         LINE#         274
  C:07B1H         LINE#         275
  C:07B8H         LINE#         276
  C:07BBH         LINE#         277
  C:07CEH         LINE#         278
  C:07CEH         LINE#         279
  C:07DCH         LINE#         280
  C:07E3H         LINE#         281
  C:07EBH         LINE#         282
BL51 BANKED LINKER/LOCATER V6.22.4.0                                                  12/12/2025  16:07:28  PAGE 41


  C:07EBH         LINE#         283
  C:07EDH         LINE#         284
  C:07EDH         LINE#         285
  C:07F0H         LINE#         286
  C:0803H         LINE#         287
  C:0803H         LINE#         288
  C:0814H         LINE#         289
  C:081BH         LINE#         290
  C:0823H         LINE#         291
  C:0823H         LINE#         292
  C:0825H         LINE#         293
  C:0825H         LINE#         294
  C:0828H         LINE#         295
  C:083BH         LINE#         296
  C:083BH         LINE#         297
  C:084CH         LINE#         298
  C:0853H         LINE#         299
  C:0858H         LINE#         300
  C:0858H         LINE#         301
  C:085AH         LINE#         302
  C:085AH         LINE#         303
  C:085DH         LINE#         304
  C:0870H         LINE#         305
  C:0870H         LINE#         306
  C:0885H         LINE#         307
  C:088CH         LINE#         308
  C:0891H         LINE#         309
  C:0891H         LINE#         310
  C:0893H         LINE#         311
  C:0893H         LINE#         312
  C:0895H         LINE#         313
  C:08A8H         LINE#         314
  C:08A8H         LINE#         315
  C:08BDH         LINE#         316
  C:08C4H         LINE#         317
  C:08C9H         LINE#         318
  C:08C9H         LINE#         319
  C:08CBH         LINE#         320
  C:08CBH         LINE#         321
  C:08CBH         LINE#         322
  C:08CBH         LINE#         331
  C:08CDH         LINE#         333
  -------         ENDPROC       _CONVERT_FUEL_ADC_TO_PERCENT
  C:15F7H         SYMBOL        L?0047
  C:160DH         SYMBOL        L?0050
  -------         PROC          FUEL_CAPACITY_SCAN
  -------         DO            
  X:60BCH         SYMBOL        fuel_percent
  X:60BDH         SYMBOL        fuel_adc_val
  -------         DO            
  X:603EH         SYMBOL        status
  -------         ENDDO         
  -------         ENDDO         
  C:1580H         LINE#         341
  C:1580H         LINE#         342
  C:1580H         LINE#         343
  C:1585H         LINE#         344
BL51 BANKED LINKER/LOCATER V6.22.4.0                                                  12/12/2025  16:07:28  PAGE 42


  C:1589H         LINE#         346
  C:158EH         LINE#         347
  C:1591H         LINE#         348
  C:159CH         LINE#         360
  C:159CH         LINE#         362
  C:15A2H         LINE#         363
  C:15A2H         LINE#         364
  C:15ACH         LINE#         365
  C:15ACH         LINE#         366
  C:15B6H         LINE#         368
  C:15B9H         LINE#         369
  C:15BCH         LINE#         370
  C:15CCH         LINE#         372
  C:15CCH         LINE#         375
  C:15CCH         LINE#         377
  C:15CCH         LINE#         378
  C:15CFH         LINE#         380
  C:15D4H         LINE#         381
  C:15D4H         LINE#         382
  C:15D4H         LINE#         383
  C:15D4H         LINE#         385
  C:15E1H         LINE#         386
  C:15E1H         LINE#         388
  C:15EBH         LINE#         392
  C:15F3H         LINE#         395
  C:15F3H         LINE#         397
  C:15F3H         LINE#         398
  C:15F6H         LINE#         399
  C:15F6H         LINE#         400
  -------         ENDPROC       FUEL_CAPACITY_SCAN
  -------         ENDMOD        FUEL_CAPACITY

  -------         MODULE        TEMP_OF_WATER
  C:0000H         SYMBOL        _ICE_DUMMY_
  -------         ENDMOD        TEMP_OF_WATER

  -------         MODULE        BATTERY
  C:0000H         SYMBOL        _ICE_DUMMY_
  X:60F5H         PUBLIC        battery_scan_time_cnt
  C:144AH         PUBLIC        battery_scan
  C:1F1FH         PUBLIC        _conver_adc_val_to_voltage
  C:1EB1H         PUBLIC        _conver_voltage_of_battery_to_percentage
  C:1A1CH         SYMBOL        Com0009
  C:1A1CH         SYMBOL        L?0010
  C:1A3FH         SYMBOL        L?0011
  C:1A5AH         SYMBOL        L?0012
  -------         PROC          COM0009
  -------         ENDPROC       COM0009
  -------         PROC          _CONVER_ADC_VAL_TO_VOLTAGE
  D:0006H         SYMBOL        arg_adc_val
  C:1F1FH         LINE#         13
  C:1F1FH         LINE#         14
  C:1F1FH         LINE#         24
  -------         ENDPROC       _CONVER_ADC_VAL_TO_VOLTAGE
  -------         PROC          _CONVER_VOLTAGE_OF_BATTERY_TO_PERCENTAGE
  D:0007H         SYMBOL        voltage
  -------         DO            
BL51 BANKED LINKER/LOCATER V6.22.4.0                                                  12/12/2025  16:07:28  PAGE 43


  D:0006H         SYMBOL        tmp
  -------         ENDDO         
  C:1EB1H         LINE#         30
  C:1EB1H         LINE#         31
  C:1EB1H         LINE#         35
  C:1EB7H         LINE#         36
  C:1EB7H         LINE#         37
  C:1EB9H         LINE#         38
  C:1EBBH         LINE#         40
  C:1EBBH         LINE#         43
  C:1ECBH         LINE#         44
  C:1ECBH         LINE#         46
  C:1ECDH         LINE#         47
  -------         ENDPROC       _CONVER_VOLTAGE_OF_BATTERY_TO_PERCENTAGE
  -------         PROC          BATTERY_SCAN
  -------         DO            
  X:60BCH         SYMBOL        voltage_of_battery
  X:60BEH         SYMBOL        cur_percentage_of_battery
  X:60EDH         SYMBOL        battery_scan_cnt
  X:60F1H         SYMBOL        battery_val
  B:0023H.3       SYMBOL        flag_is_power_on_first
  -------         ENDDO         
  C:144AH         LINE#         49
  C:144AH         LINE#         50
  C:144AH         LINE#         51
  C:1451H         LINE#         52
  C:1453H         LINE#         60
  C:1458H         LINE#         61
  C:147DH         LINE#         62
  C:1496H         LINE#         64
  C:1499H         LINE#         65
  C:1499H         LINE#         67
  C:1499H         LINE#         68
  C:149FH         LINE#         69
  C:149FH         LINE#         70
  C:14A9H         LINE#         71
  C:14B3H         LINE#         72
  C:14B3H         LINE#         74
  C:14B3H         LINE#         75
  C:14B3H         LINE#         80
  C:14B3H         LINE#         81
  C:14B6H         LINE#         83
  C:14B8H         LINE#         84
  C:14B9H         LINE#         86
  C:14B9H         LINE#         89
  C:14C8H         LINE#         90
  C:14C8H         LINE#         91
  C:14C8H         LINE#         92
  C:14CEH         LINE#         93
  C:14CEH         LINE#         94
  C:14D8H         LINE#         95
  C:14E2H         LINE#         96
  C:14E2H         LINE#         98
  C:14E2H         LINE#         99
  C:14E2H         LINE#         104
  C:14E2H         LINE#         105
  C:14E5H         LINE#         106
BL51 BANKED LINKER/LOCATER V6.22.4.0                                                  12/12/2025  16:07:28  PAGE 44


  C:14E5H         LINE#         107
  C:14E5H         LINE#         136
  -------         ENDPROC       BATTERY_SCAN
  -------         ENDMOD        BATTERY

  -------         MODULE        TOUCH_KEY
  C:0000H         SYMBOL        _ICE_DUMMY_
  -------         ENDMOD        TOUCH_KEY

  -------         MODULE        ?C?COPY
  C:011EH         PUBLIC        ?C?COPY
  -------         ENDMOD        ?C?COPY

  -------         MODULE        ?C?CLDPTR
  C:0144H         PUBLIC        ?C?CLDPTR
  -------         ENDMOD        ?C?CLDPTR

  -------         MODULE        ?C?CSTPTR
  C:015DH         PUBLIC        ?C?CSTPTR
  -------         ENDMOD        ?C?CSTPTR

  -------         MODULE        ?C?IMUL
  C:016FH         PUBLIC        ?C?IMUL
  -------         ENDMOD        ?C?IMUL

  -------         MODULE        ?C?UIDIV
  C:0181H         PUBLIC        ?C?UIDIV
  -------         ENDMOD        ?C?UIDIV

  -------         MODULE        ?C?IILDX
  C:01D6H         PUBLIC        ?C?IILDX
  -------         ENDMOD        ?C?IILDX

  -------         MODULE        ?C?LADD
  C:01ECH         PUBLIC        ?C?LADD
  -------         ENDMOD        ?C?LADD

  -------         MODULE        ?C?LSUB
  C:01F9H         PUBLIC        ?C?LSUB
  -------         ENDMOD        ?C?LSUB

  -------         MODULE        ?C?LMUL
  C:0207H         PUBLIC        ?C?LMUL
  -------         ENDMOD        ?C?LMUL

  -------         MODULE        ?C?ULDIV
  C:0292H         PUBLIC        ?C?ULDIV
  -------         ENDMOD        ?C?ULDIV

  -------         MODULE        ?C?LOR
  C:0324H         PUBLIC        ?C?LOR
  -------         ENDMOD        ?C?LOR

  -------         MODULE        ?C?SLCMP
  C:0331H         PUBLIC        ?C?SLCMP
  -------         ENDMOD        ?C?SLCMP

BL51 BANKED LINKER/LOCATER V6.22.4.0                                                  12/12/2025  16:07:28  PAGE 45


  -------         MODULE        ?C?ULCMP
  C:0347H         PUBLIC        ?C?ULCMP
  -------         ENDMOD        ?C?ULCMP

  -------         MODULE        ?C?ULSHR
  C:0358H         PUBLIC        ?C?ULSHR
  -------         ENDMOD        ?C?ULSHR

  -------         MODULE        ?C?LSHL
  C:036BH         PUBLIC        ?C?LSHL
  -------         ENDMOD        ?C?LSHL

  -------         MODULE        ?C?LLDXDATA
  C:037EH         PUBLIC        ?C?LLDXDATA
  -------         ENDMOD        ?C?LLDXDATA

  -------         MODULE        ?C?LLDXDATA0
  C:038AH         PUBLIC        ?C?LLDXDATA0
  -------         ENDMOD        ?C?LLDXDATA0

  -------         MODULE        ?C?LSTXDATA
  C:0396H         PUBLIC        ?C?LSTXDATA
  -------         ENDMOD        ?C?LSTXDATA

  -------         MODULE        ?C?LSTKXDATA
  C:03A2H         PUBLIC        ?C?LSTKXDATA
  -------         ENDMOD        ?C?LSTKXDATA

  -------         MODULE        ?C?OFFXADD
  C:03D3H         PUBLIC        ?C?OFFXADD
  -------         ENDMOD        ?C?OFFXADD

  -------         MODULE        ?C?PLDIXDATA
  C:03DFH         PUBLIC        ?C?PLDIXDATA
  -------         ENDMOD        ?C?PLDIXDATA

  -------         MODULE        ?C?PSTXDATA
  C:03F6H         PUBLIC        ?C?PSTXDATA
  -------         ENDMOD        ?C?PSTXDATA

  -------         MODULE        ?C?CCASE
  C:03FFH         PUBLIC        ?C?CCASE
  -------         ENDMOD        ?C?CCASE

  -------         MODULE        ?C?LIMUL
  C:0425H         PUBLIC        ?C?LIMUL
  -------         ENDMOD        ?C?LIMUL

  -------         MODULE        ?C?MEMSET
  C:0452H         PUBLIC        ?C?MEMSET
  -------         ENDMOD        ?C?MEMSET

Program Size: data=12.5 xdata=260 code=8166
LINK/LOCATE RUN COMPLETE.  0 WARNING(S),  0 ERROR(S)
