BL51 BANKED LINKER/LOCATER V6.22.4.0                                                    12/05/2025  17:29:01  PAGE 1


BL51 BANKED LINKER/LOCATER V6.22.4.0, INVOKED BY:
C:\KEIL_V5\C51\BIN\BL51.EXE .\Release\Objects\STARTUP.obj, .\Release\Objects\system.obj, ..\..\User\lib\tk_simplify_algo
>> rithm_V1.0.0.LIB, .\Release\Objects\tk_set.obj, .\Release\Objects\tmr1.obj, .\Release\Objects\tmr2.obj, .\Release\Obj
>> ects\uart0.obj, .\Release\Objects\adc.obj, .\Release\Objects\aip1302.obj, .\Release\Objects\key_driver.obj, .\Release
>> \Objects\iic_soft.obj, .\Release\Objects\user_flash.obj, .\Release\Objects\main.obj, .\Release\Objects\fun_info.obj, 
>> .\Release\Objects\send_data.obj, .\Release\Objects\pin_level_scan.obj, .\Release\Objects\speed_scan.obj, .\Release\Ob
>> jects\engine_speed_scan.obj, .\Release\Objects\mileage.obj, .\Release\Objects\instruction.obj, .\Release\Objects\ad_k
>> ey.obj, .\Release\Objects\fuel_capacity.obj, .\Release\Objects\temp_of_water.obj, .\Release\Objects\battery.obj, .\Re
>> lease\Objects\touch_key.obj TO .\Release\Objects\Project PRINT (.\Release\Listings\Project.m51) RAMSIZE (256) CODE (0
>> X0000-0X3EEF) XDATA (0X6000-0X66FF)


MEMORY MODEL: LARGE


INPUT MODULES INCLUDED:
  .\Release\Objects\STARTUP.obj (?C_STARTUP)
  .\Release\Objects\system.obj (SYSTEM)
  .\Release\Objects\tk_set.obj (TK_SET)
  .\Release\Objects\tmr1.obj (TMR1)
  .\Release\Objects\tmr2.obj (TMR2)
  .\Release\Objects\uart0.obj (UART0)
  .\Release\Objects\adc.obj (ADC)
  .\Release\Objects\aip1302.obj (AIP1302)
  .\Release\Objects\key_driver.obj (KEY_DRIVER)
  .\Release\Objects\iic_soft.obj (IIC_SOFT)
  .\Release\Objects\user_flash.obj (USER_FLASH)
  .\Release\Objects\main.obj (MAIN)
  .\Release\Objects\fun_info.obj (FUN_INFO)
  .\Release\Objects\send_data.obj (SEND_DATA)
  .\Release\Objects\pin_level_scan.obj (PIN_LEVEL_SCAN)
  .\Release\Objects\speed_scan.obj (SPEED_SCAN)
  .\Release\Objects\engine_speed_scan.obj (ENGINE_SPEED_SCAN)
  .\Release\Objects\mileage.obj (MILEAGE)
  .\Release\Objects\instruction.obj (INSTRUCTION)
  .\Release\Objects\ad_key.obj (AD_KEY)
  .\Release\Objects\fuel_capacity.obj (FUEL_CAPACITY)
  .\Release\Objects\temp_of_water.obj (TEMP_OF_WATER)
  .\Release\Objects\battery.obj (BATTERY)
  .\Release\Objects\touch_key.obj (TOUCH_KEY)
  C:\KEIL_V5\C51\LIB\C51L.LIB (?C_INIT)
  C:\KEIL_V5\C51\LIB\C51L.LIB (?C?COPY)
  C:\KEIL_V5\C51\LIB\C51L.LIB (?C?CLDPTR)
  C:\KEIL_V5\C51\LIB\C51L.LIB (?C?CSTPTR)
  C:\KEIL_V5\C51\LIB\C51L.LIB (?C?IMUL)
  C:\KEIL_V5\C51\LIB\C51L.LIB (?C?UIDIV)
  C:\KEIL_V5\C51\LIB\C51L.LIB (?C?IILDX)
  C:\KEIL_V5\C51\LIB\C51L.LIB (?C?LADD)
  C:\KEIL_V5\C51\LIB\C51L.LIB (?C?LSUB)
  C:\KEIL_V5\C51\LIB\C51L.LIB (?C?LMUL)
  C:\KEIL_V5\C51\LIB\C51L.LIB (?C?ULDIV)
  C:\KEIL_V5\C51\LIB\C51L.LIB (?C?SLCMP)
  C:\KEIL_V5\C51\LIB\C51L.LIB (?C?ULCMP)
  C:\KEIL_V5\C51\LIB\C51L.LIB (?C?ULSHR)
  C:\KEIL_V5\C51\LIB\C51L.LIB (?C?LSHL)
  C:\KEIL_V5\C51\LIB\C51L.LIB (?C?LLDXDATA)
  C:\KEIL_V5\C51\LIB\C51L.LIB (?C?LLDXDATA0)
  C:\KEIL_V5\C51\LIB\C51L.LIB (?C?LSTXDATA)
BL51 BANKED LINKER/LOCATER V6.22.4.0                                                  12/05/2025  17:29:01  PAGE 2


  C:\KEIL_V5\C51\LIB\C51L.LIB (?C?LSTKXDATA)
  C:\KEIL_V5\C51\LIB\C51L.LIB (?C?OFFXADD)
  C:\KEIL_V5\C51\LIB\C51L.LIB (?C?PLDIXDATA)
  C:\KEIL_V5\C51\LIB\C51L.LIB (?C?PSTXDATA)
  C:\KEIL_V5\C51\LIB\C51L.LIB (?C?CCASE)
  C:\KEIL_V5\C51\LIB\C51L.LIB (?C?LIMUL)
  C:\KEIL_V5\C51\LIB\C51L.LIB (?C?MEMSET)


LINK MAP OF MODULE:  .\Release\Objects\Project (?C_STARTUP)


            TYPE    BASE      LENGTH    RELOCATION   SEGMENT NAME
            -----------------------------------------------------

            * * * * * * *   D A T A   M E M O R Y   * * * * * * *
            REG     0000H     0008H     ABSOLUTE     "REG BANK 0"
                    0008H     0018H                  *** GAP ***
            BIT     0020H.0   0002H.0   UNIT         ?BI?INSTRUCTION
            BIT     0022H.0   0000H.3   UNIT         ?BI?UART0
            BIT     0022H.3   0000H.2   UNIT         ?BI?TMR2
            BIT     0022H.5   0000H.1   UNIT         ?BI?SPEED_SCAN
            BIT     0022H.6   0000H.1   UNIT         ?BI?ENGINE_SPEED_SCAN
            BIT     0022H.7   0000H.1   UNIT         ?BI?MILEAGE
            BIT     0023H.0   0000H.1   UNIT         ?BI?BATTERY
            BIT     0023H.1   0000H.1   UNIT         _BIT_GROUP_
                    0023H.2   0000H.6                *** GAP ***
            IDATA   0024H     0001H     UNIT         ?STACK

            * * * * * * *  X D A T A   M E M O R Y  * * * * * * *
                    0000H     6000H                  *** GAP ***
            XDATA   6000H     003EH     UNIT         ?XD?UART0
            XDATA   603EH     002EH     UNIT         ?XD?FUEL_CAPACITY
            XDATA   606CH     0026H     UNIT         ?XD?FUN_INFO
            XDATA   6092H     0015H     UNIT         ?XD?MILEAGE
            XDATA   60A7H     0014H     UNIT         ?XD?SEND_DATA
            XDATA   60BBH     0013H     UNIT         _XDATA_GROUP_
            XDATA   60CEH     0010H     UNIT         ?XD?SPEED_SCAN
            XDATA   60DEH     000EH     UNIT         ?XD?ENGINE_SPEED_SCAN
            XDATA   60ECH     000AH     UNIT         ?XD?BATTERY
            XDATA   60F6H     0006H     UNIT         ?XD?INSTRUCTION
            XDATA   60FCH     0003H     UNIT         ?XD?TMR2
            XDATA   60FFH     0002H     UNIT         ?XD?ADC
            XDATA   6101H     0002H     UNIT         ?XD?PIN_LEVEL_SCAN

            * * * * * * *   C O D E   M E M O R Y   * * * * * * *
            CODE    0000H     0003H     ABSOLUTE     
            CODE    0003H     000CH     ABSOLUTE     
            CODE    000FH     0011H     UNIT         ?PR?TMR2
                    0020H     0001H                  *** GAP ***
            CODE    0021H     0003H     ABSOLUTE     
            CODE    0024H     0003H     ABSOLUTE     
            CODE    0027H     0023H     UNIT         ?PR?ADC_SINGLE_CONVERT?ADC
                    004AH     0001H                  *** GAP ***
            CODE    004BH     0003H     ABSOLUTE     
            CODE    004EH     0423H     UNIT         ?C?LIB_CODE
            CODE    0471H     0268H     UNIT         ?PR?_SEND_DATA_PACKET?SEND_DATA
BL51 BANKED LINKER/LOCATER V6.22.4.0                                                  12/05/2025  17:29:01  PAGE 3


            CODE    06D9H     0179H     UNIT         ?PR?_CONVERT_FUEL_ADC_TO_PERCENT?FUEL_CAPACITY
            CODE    0852H     0169H     UNIT         ?PR?INSTRUCTION_SCAN?INSTRUCTION
            CODE    09BBH     0120H     UNIT         ?PR?UART0_IRQHANDLER?UART0
            CODE    0ADBH     0118H     UNIT         ?PR?INSTRUCTION_HANDLE?INSTRUCTION
            CODE    0BF3H     0112H     UNIT         ?PR?UART0_SCAN_HANDLE?UART0
            CODE    0D05H     010CH     UNIT         ?PR?MILEAGE_SCAN?MILEAGE
            CODE    0E11H     00F6H     UNIT         ?PR?TIMR2_IRQHANDLER?TMR2
            CODE    0F07H     00DCH     UNIT         ?PR?SYSTEM_INIT?SYSTEM
            CODE    0FE3H     00D4H     UNIT         ?PR?ADC_GETVAL?ADC
            CODE    10B7H     00D0H     UNIT         ?PR?TIMR1_IRQHANDLER?TMR1
            CODE    1187H     00B5H     UNIT         ?PR?SPEED_SCAN?SPEED_SCAN
            CODE    123CH     00AFH     UNIT         ?PR?_AIP1302_WRITE_BYTE?AIP1302
            CODE    12EBH     009CH     UNIT         ?PR?BATTERY_SCAN?BATTERY
            CODE    1387H     009AH     UNIT         ?C_C51STARTUP
            CODE    1421H     0099H     UNIT         ?PR?FUEL_CAPACITY_SCAN?FUEL_CAPACITY
            CODE    14BAH     0092H     UNIT         ?PR?___AIP1302_READ_BYTE?AIP1302
            CODE    154CH     0090H     UNIT         ?PR?___AIP1302_WRITE_BYTE?AIP1302
            CODE    15DCH     0080H     UNIT         ?PR?ENGINE_SPEED_SCAN?ENGINE_SPEED_SCAN
            CODE    165CH     0077H     UNIT         ?PR?PIN_LEVEL_SCAN?PIN_LEVEL_SCAN
            CODE    16D3H     006EH     UNIT         ?PR?___AIP1302_CONVERT_READ_BYTE?AIP1302
            CODE    1741H     006DH     UNIT         ?C_INITSEG
            CODE    17AEH     006CH     UNIT         ?PR?_GET_FILTERED_ADC?FUEL_CAPACITY
            CODE    181AH     0060H     UNIT         ?PR?AIP1302_IS_RUNNING?AIP1302
            CODE    187AH     0058H     UNIT         ?PR?AIP1302_CONFIG?AIP1302
            CODE    18D2H     0056H     UNIT         ?PR?BATTERY
            CODE    1928H     0053H     UNIT         ?PR?UART0
            CODE    197BH     004DH     UNIT         ?PR?FUEL_CAPACITY
            CODE    19C8H     0046H     UNIT         ?PR?AIP1302_READ_ALL?AIP1302
            CODE    1A0EH     0045H     UNIT         ?PR?TMR2_CONFIG?TMR2
            CODE    1A53H     0040H     UNIT         ?PR?TMR1_CONFIG?TMR1
            CODE    1A93H     003FH     UNIT         ?PR?AIP1302_UPDATE_TIME?AIP1302
            CODE    1AD2H     003FH     UNIT         ?PR?SEND_DATA
            CODE    1B11H     003EH     UNIT         ?PR?MAIN?MAIN
            CODE    1B4FH     003EH     UNIT         ?PR?UPDATE_ENGINE_SPEED_SCAN_DATA?ENGINE_SPEED_SCAN
            CODE    1B8DH     003DH     UNIT         ?PR?FUN_INFO_INIT?FUN_INFO
            CODE    1BCAH     0039H     UNIT         ?PR?UPDATE_SPEED_SCAN_DATA?SPEED_SCAN
            CODE    1C03H     0037H     UNIT         ?PR?_ADC_SEL_PIN?ADC
            CODE    1C3AH     0037H     UNIT         ?PR?_FLASH_PROGRAM?USER_FLASH
            CODE    1C71H     0034H     UNIT         ?PR?_FLASH_READ?USER_FLASH
            CODE    1CA5H     0032H     UNIT         ?PR?PIN_LEVEL_SCAN_CONFIG?PIN_LEVEL_SCAN
            CODE    1CD7H     0031H     UNIT         ?PR?USER_INIT?MAIN
            CODE    1D08H     0030H     UNIT         ?PR?MILEAGE
            CODE    1D38H     002EH     UNIT         ?PR?AIP1302
            CODE    1D66H     002CH     UNIT         ?PR?ADC_CONFIG?ADC
            CODE    1D92H     002BH     UNIT         ?PR?UART0_CONFIG?UART0
            CODE    1DBDH     001DH     UNIT         ?PR?_CONVER_VOLTAGE_OF_BATTERY_TO_PERCENTAGE?BATTERY
            CODE    1DDAH     001CH     UNIT         ?PR?FUN_INFO_SAVE?FUN_INFO
            CODE    1DF6H     001BH     UNIT         ?PR?_DELAY_MS?SYSTEM
            CODE    1E11H     001AH     UNIT         ?PR?_REVERSE_U8?AIP1302
            CODE    1E2BH     0019H     UNIT         ?PR?_CONVER_ADC_VAL_TO_VOLTAGE?BATTERY
            CODE    1E44H     0016H     UNIT         ?PR?_AIP1302_READ_BYTE?AIP1302
            CODE    1E5AH     0011H     UNIT         ?PR?_FLASH_ERASE_SECTOR?USER_FLASH
            CODE    1E6BH     0011H     UNIT         ?PR?_SAMPLES_INIT?FUEL_CAPACITY
            CODE    1E7CH     000FH     UNIT         ?PR?ADC
            CODE    1E8BH     000DH     UNIT         ?PR?_UART0_SENDBYTE?UART0
            CODE    1E98H     000DH     UNIT         ?PR?SPEED_SCAN_CONFIG?SPEED_SCAN
            CODE    1EA5H     000DH     UNIT         ?PR?ENGINE_SPEED_SCAN_CONFIG?ENGINE_SPEED_SCAN
BL51 BANKED LINKER/LOCATER V6.22.4.0                                                  12/05/2025  17:29:01  PAGE 4


            CODE    1EB2H     000CH     UNIT         ?PR?SPEED_SCAN
            CODE    1EBEH     000BH     UNIT         ?PR?_DELAY?SYSTEM
            CODE    1EC9H     000AH     UNIT         ?PR?UART0_RECEIVE_TIMEOUT_ENABLE?UART0
            CODE    1ED3H     000AH     UNIT         ?PR?UART0_RECEIVE_TIMEOUT_DISABLE?UART0
            CODE    1EDDH     000AH     UNIT         ?PR?INSTRUCTION
            CODE    1EE7H     0007H     UNIT         ?PR?TMR1
            CODE    1EEEH     0006H     UNIT         ?PR?ENGINE_SPEED_SCAN



OVERLAY MAP OF MODULE:   .\Release\Objects\Project (?C_STARTUP)


SEGMENT                                             BIT_GROUP          XDATA_GROUP
  +--> CALLED SEGMENT                            START    LENGTH     START    LENGTH
------------------------------------------------------------------------------------
?C_C51STARTUP                                    -----    -----      -----    -----
  +--> ?PR?MAIN?MAIN
  +--> ?C_INITSEG

?PR?MAIN?MAIN                                    -----    -----      -----    -----
  +--> ?PR?SYSTEM_INIT?SYSTEM
  +--> ?PR?USER_INIT?MAIN
  +--> ?PR?_DELAY_MS?SYSTEM
  +--> ?PR?PIN_LEVEL_SCAN?PIN_LEVEL_SCAN
  +--> ?PR?SPEED_SCAN?SPEED_SCAN
  +--> ?PR?ENGINE_SPEED_SCAN?ENGINE_SPEED_SCAN
  +--> ?PR?MILEAGE_SCAN?MILEAGE
  +--> ?PR?FUEL_CAPACITY_SCAN?FUEL_CAPACITY
  +--> ?PR?BATTERY_SCAN?BATTERY
  +--> ?PR?UART0_SCAN_HANDLE?UART0
  +--> ?PR?INSTRUCTION_SCAN?INSTRUCTION
  +--> ?PR?INSTRUCTION_HANDLE?INSTRUCTION

?PR?SYSTEM_INIT?SYSTEM                           -----    -----      -----    -----
  +--> ?PR?_DELAY?SYSTEM
  +--> ?PR?_DELAY_MS?SYSTEM

?PR?_DELAY_MS?SYSTEM                             -----    -----      -----    -----
  +--> ?PR?_DELAY?SYSTEM

?PR?USER_INIT?MAIN                               -----    -----      -----    -----
  +--> ?PR?UART0_CONFIG?UART0
  +--> ?PR?PIN_LEVEL_SCAN_CONFIG?PIN_LEVEL_SCAN
  +--> ?PR?TMR1_CONFIG?TMR1
  +--> ?PR?SPEED_SCAN_CONFIG?SPEED_SCAN
  +--> ?PR?ENGINE_SPEED_SCAN_CONFIG?ENGINE_S...
  +--> ?PR?ADC_CONFIG?ADC
  +--> ?PR?AIP1302_CONFIG?AIP1302
  +--> ?PR?TMR2_CONFIG?TMR2
  +--> ?PR?FUN_INFO_INIT?FUN_INFO
  +--> ?PR?_DELAY_MS?SYSTEM

?PR?AIP1302_CONFIG?AIP1302                       -----    -----      -----    -----
  +--> ?PR?AIP1302
  +--> ?PR?AIP1302_IS_RUNNING?AIP1302
  +--> ?PR?_AIP1302_WRITE_BYTE?AIP1302
BL51 BANKED LINKER/LOCATER V6.22.4.0                                                  12/05/2025  17:29:01  PAGE 5


  +--> ?PR?AIP1302_READ_ALL?AIP1302

?PR?AIP1302_IS_RUNNING?AIP1302                   -----    -----      -----    -----
  +--> ?PR?AIP1302_READ_ALL?AIP1302

?PR?AIP1302_READ_ALL?AIP1302                     -----    -----      -----    -----
  +--> ?PR?_AIP1302_READ_BYTE?AIP1302

?PR?_AIP1302_READ_BYTE?AIP1302                   -----    -----      60BBH    0001H
  +--> ?PR?___AIP1302_READ_BYTE?AIP1302
  +--> ?PR?___AIP1302_CONVERT_READ_BYTE?AIP1302

?PR?___AIP1302_READ_BYTE?AIP1302                 -----    -----      60BCH    0003H
  +--> ?PR?AIP1302
  +--> ?PR?_DELAY?SYSTEM

?PR?___AIP1302_CONVERT_READ_BYTE?AIP1302         -----    -----      60BCH    0003H
  +--> ?PR?_REVERSE_U8?AIP1302

?PR?_AIP1302_WRITE_BYTE?AIP1302                  -----    -----      60C2H    0004H
  +--> ?PR?___AIP1302_WRITE_BYTE?AIP1302

?PR?___AIP1302_WRITE_BYTE?AIP1302                -----    -----      60C6H    0003H
  +--> ?PR?AIP1302
  +--> ?PR?_DELAY?SYSTEM

?PR?FUN_INFO_INIT?FUN_INFO                       -----    -----      60BBH    000DH
  +--> ?PR?_FLASH_READ?USER_FLASH

?PR?_FLASH_READ?USER_FLASH                       -----    -----      60C8H    0005H

?PR?SPEED_SCAN?SPEED_SCAN                        -----    -----      60BBH    0008H
  +--> ?PR?SPEED_SCAN

?PR?ENGINE_SPEED_SCAN?ENGINE_SPEED_SCAN          -----    -----      60BBH    0004H
  +--> ?PR?ENGINE_SPEED_SCAN

?PR?MILEAGE_SCAN?MILEAGE                         -----    -----      -----    -----
  +--> ?PR?FUN_INFO_SAVE?FUN_INFO
  +--> ?PR?MILEAGE

?PR?FUN_INFO_SAVE?FUN_INFO                       -----    -----      -----    -----
  +--> ?PR?_FLASH_ERASE_SECTOR?USER_FLASH
  +--> ?PR?_FLASH_PROGRAM?USER_FLASH

?PR?_FLASH_PROGRAM?USER_FLASH                    -----    -----      60BBH    0005H

?PR?FUEL_CAPACITY_SCAN?FUEL_CAPACITY             -----    -----      60BBH    0003H
  +--> ?PR?_ADC_SEL_PIN?ADC
  +--> ?PR?_GET_FILTERED_ADC?FUEL_CAPACITY
  +--> ?PR?FUEL_CAPACITY
  +--> ?PR?_SAMPLES_INIT?FUEL_CAPACITY
  +--> ?PR?_CONVERT_FUEL_ADC_TO_PERCENT?FUEL...
  +--> ?PR?ADC_GETVAL?ADC

?PR?_ADC_SEL_PIN?ADC                             -----    -----      -----    -----
  +--> ?PR?_DELAY_MS?SYSTEM
BL51 BANKED LINKER/LOCATER V6.22.4.0                                                  12/05/2025  17:29:01  PAGE 6



?PR?_GET_FILTERED_ADC?FUEL_CAPACITY              -----    -----      60BEH    0005H
  +--> ?PR?FUEL_CAPACITY

?PR?_SAMPLES_INIT?FUEL_CAPACITY                  -----    -----      -----    -----
  +--> ?PR?FUEL_CAPACITY

?PR?_CONVERT_FUEL_ADC_TO_PERCENT?FUEL...         -----    -----      60BEH    0002H
  +--> ?PR?FUEL_CAPACITY

?PR?ADC_GETVAL?ADC                               -----    -----      60BEH    000BH
  +--> ?PR?ADC_SINGLE_CONVERT?ADC
  +--> ?PR?ADC

?PR?BATTERY_SCAN?BATTERY                         -----    -----      60BBH    0003H
  +--> ?PR?_ADC_SEL_PIN?ADC
  +--> ?PR?ADC_GETVAL?ADC
  +--> ?PR?BATTERY
  +--> ?PR?_CONVER_ADC_VAL_TO_VOLTAGE?BATTERY

?PR?BATTERY                                      -----    -----      -----    -----
  +--> ?PR?_CONVER_VOLTAGE_OF_BATTERY_TO_PER...

?PR?UART0_SCAN_HANDLE?UART0                      0023H.1  0000H.1    60BBH    0003H
  +--> ?PR?UART0_RECEIVE_TIMEOUT_DISABLE?UART0
  +--> ?PR?UART0

?PR?INSTRUCTION_SCAN?INSTRUCTION                 -----    -----      60BBH    0001H
  +--> ?PR?INSTRUCTION

?PR?INSTRUCTION_HANDLE?INSTRUCTION               -----    -----      -----    -----
  +--> ?PR?_SEND_DATA_PACKET?SEND_DATA
  +--> ?PR?AIP1302_READ_ALL?AIP1302
  +--> ?PR?AIP1302_UPDATE_TIME?AIP1302
  +--> ?PR?FUN_INFO_SAVE?FUN_INFO

?PR?_SEND_DATA_PACKET?SEND_DATA                  -----    -----      60BBH    0007H
  +--> ?PR?SEND_DATA
  +--> ?PR?_UART0_SENDBYTE?UART0
  +--> ?PR?_DELAY_MS?SYSTEM

?PR?AIP1302_UPDATE_TIME?AIP1302                  -----    -----      60BBH    0007H
  +--> ?PR?_AIP1302_WRITE_BYTE?AIP1302

*** NEW ROOT ***************************************************

?PR?TIMR1_IRQHANDLER?TMR1                        -----    -----      -----    -----
  +--> ?PR?TMR1

*** NEW ROOT ***************************************************

?PR?TIMR2_IRQHANDLER?TMR2                        -----    -----      -----    -----
  +--> ?PR?TMR2
  +--> ?PR?UPDATE_ENGINE_SPEED_SCAN_DATA?ENG...
  +--> ?PR?UPDATE_SPEED_SCAN_DATA?SPEED_SCAN

?PR?UPDATE_ENGINE_SPEED_SCAN_DATA?ENG...         -----    -----      -----    -----
BL51 BANKED LINKER/LOCATER V6.22.4.0                                                  12/05/2025  17:29:01  PAGE 7


  +--> ?PR?ENGINE_SPEED_SCAN

?PR?UPDATE_SPEED_SCAN_DATA?SPEED_SCAN            -----    -----      -----    -----
  +--> ?PR?SPEED_SCAN

*** NEW ROOT ***************************************************

?PR?UART0_IRQHANDLER?UART0                       -----    -----      60CDH    0001H
  +--> ?PR?UART0
  +--> ?PR?UART0_RECEIVE_TIMEOUT_ENABLE?UART0
  +--> ?PR?UART0_RECEIVE_TIMEOUT_DISABLE?UART0



SYMBOL TABLE OF MODULE:  .\Release\Objects\Project (?C_STARTUP)

  VALUE           TYPE          NAME
  ----------------------------------

  -------         MODULE        ?C_STARTUP
  C:1387H         SEGMENT       ?C_C51STARTUP
  I:0024H         SEGMENT       ?STACK
  C:0000H         PUBLIC        ?C_STARTUP
  D:00E0H         SYMBOL        ACC
  D:00F0H         SYMBOL        B
  D:0083H         SYMBOL        DPH
  D:0082H         SYMBOL        DPL
  N:0000H         SYMBOL        IBPSTACK
  N:0100H         SYMBOL        IBPSTACKTOP
  N:0080H         SYMBOL        IDATALEN
  C:138AH         SYMBOL        IDATALOOP
  N:0000H         SYMBOL        PBPSTACK
  N:0100H         SYMBOL        PBPSTACKTOP
  N:0000H         SYMBOL        PDATALEN
  N:0000H         SYMBOL        PDATASTART
  N:0000H         SYMBOL        PPAGE
  N:0000H         SYMBOL        PPAGEENABLE
  D:00A0H         SYMBOL        PPAGE_SFR
  D:0081H         SYMBOL        SP
  C:1387H         SYMBOL        STARTUP1
  N:0000H         SYMBOL        XBPSTACK
  N:0000H         SYMBOL        XBPSTACKTOP
  N:0700H         SYMBOL        XDATALEN
  C:1395H         SYMBOL        XDATALOOP
  N:6000H         SYMBOL        XDATASTART
  C:0000H         LINE#         126
  C:1387H         LINE#         133
  C:1389H         LINE#         134
  C:138AH         LINE#         135
  C:138BH         LINE#         136
  C:138DH         LINE#         140
  C:1390H         LINE#         141
  C:1392H         LINE#         145
  C:1394H         LINE#         147
  C:1395H         LINE#         148
  C:1396H         LINE#         149
  C:1397H         LINE#         150
BL51 BANKED LINKER/LOCATER V6.22.4.0                                                  12/05/2025  17:29:01  PAGE 8


  C:1399H         LINE#         151
  C:139BH         LINE#         185
  C:139EH         LINE#         196
  -------         ENDMOD        ?C_STARTUP

  -------         MODULE        SYSTEM
  C:0000H         SYMBOL        _ICE_DUMMY_
  D:00D9H         PUBLIC        WDT_KEY
  D:00A7H         PUBLIC        FLASH_TIMEREG0
  D:00ACH         PUBLIC        FLASH_TIMEREG1
  C:1EBEH         PUBLIC        _delay
  C:1DF6H         PUBLIC        _delay_ms
  C:0F07H         PUBLIC        system_init
  -------         PROC          _DELAY
  D:0006H         SYMBOL        cnt
  C:1EBEH         LINE#         37
  C:1EBEH         LINE#         38
  C:1EBEH         LINE#         39
  C:1EC8H         LINE#         40
  C:1EC8H         LINE#         41
  C:1EC8H         LINE#         42
  -------         ENDPROC       _DELAY
  -------         PROC          _DELAY_MS
  D:0002H         SYMBOL        ms
  C:1DF6H         LINE#         49
  C:1DFAH         LINE#         50
  C:1DFAH         LINE#         51
  C:1E04H         LINE#         52
  C:1E04H         LINE#         53
  C:1E0BH         LINE#         54
  C:1E0EH         LINE#         55
  C:1E10H         LINE#         56
  -------         ENDPROC       _DELAY_MS
  -------         PROC          SYSTEM_INIT
  -------         DO            
  D:0007H         SYMBOL        i
  -------         ENDDO         
  C:0F07H         LINE#         63
  C:0F07H         LINE#         64
  C:0F07H         LINE#         67
  C:0F0EH         LINE#         68
  C:0F1BH         LINE#         69
  C:0F1EH         LINE#         72
  C:0F21H         LINE#         73
  C:0F27H         LINE#         74
  C:0F2DH         LINE#         75
  C:0F33H         LINE#         76
  C:0F39H         LINE#         77
  C:0F40H         LINE#         81
  C:0F42H         LINE#         82
  C:0F42H         LINE#         83
  C:0F4FH         LINE#         84
  C:0F54H         LINE#         86
  C:0FE2H         LINE#         87
  -------         ENDPROC       SYSTEM_INIT
  -------         ENDMOD        SYSTEM

BL51 BANKED LINKER/LOCATER V6.22.4.0                                                  12/05/2025  17:29:01  PAGE 9


  -------         MODULE        TK_SET
  C:0000H         SYMBOL        _ICE_DUMMY_
  -------         ENDMOD        TK_SET

  -------         MODULE        TMR1
  C:0000H         SYMBOL        _ICE_DUMMY_
  D:00A8H         PUBLIC        IE0
  D:00A9H         PUBLIC        IE1
  D:00AAH         PUBLIC        IE2
  D:00ABH         PUBLIC        IE3
  B:00A8H.7       PUBLIC        IE_EA
  D:00B8H         PUBLIC        IP0
  D:00B1H         PUBLIC        IP1
  D:00B2H         PUBLIC        IP2
  D:00B3H         PUBLIC        IP3
  D:00B4H         PUBLIC        IP4
  D:00B5H         PUBLIC        IP5
  D:00B6H         PUBLIC        IP6
  D:00B7H         PUBLIC        IP7
  D:00D1H         PUBLIC        TMR_ALLCON
  C:1A53H         PUBLIC        tmr1_config
  C:10B7H         PUBLIC        TIMR1_IRQHandler
  C:1EE7H         SYMBOL        Com0046
  C:1EE7H         SYMBOL        L?0071
  C:1EE7H         SYMBOL        L?0072
  -------         PROC          COM0046
  -------         ENDPROC       COM0046
  -------         PROC          TMR1_CONFIG
  C:1A53H         LINE#         15
  C:1A53H         LINE#         16
  C:1A53H         LINE#         17
  C:1A59H         LINE#         18
  C:1A5CH         LINE#         19
  C:1A5EH         LINE#         21
  C:1A61H         LINE#         23
  C:1A67H         LINE#         24
  C:1A6BH         LINE#         25
  C:1A6FH         LINE#         26
  C:1A73H         LINE#         28
  C:1A78H         LINE#         29
  C:1A7CH         LINE#         32
  C:1A81H         LINE#         33
  C:1A85H         LINE#         39
  C:1A8BH         LINE#         40
  C:1A8FH         LINE#         42
  C:1A92H         LINE#         44
  -------         ENDPROC       TMR1_CONFIG
  -------         PROC          TIMR1_IRQHANDLER
  C:10B7H         LINE#         47
  C:10D4H         LINE#         50
  C:10D4H         LINE#         55
  C:10DDH         LINE#         56
  C:10DDH         LINE#         57
  C:10E1H         LINE#         65
  C:10E4H         LINE#         66
  C:10E4H         LINE#         67
  C:10EAH         LINE#         68
BL51 BANKED LINKER/LOCATER V6.22.4.0                                                  12/05/2025  17:29:01  PAGE 10


  C:10EAH         LINE#         87
  C:10EAH         LINE#         88
  C:10F0H         LINE#         89
  C:10F0H         LINE#         93
  C:1107H         LINE#         94
  C:1107H         LINE#         95
  C:110DH         LINE#         97
  C:110DH         LINE#         101
  C:110DH         LINE#         102
  C:1126H         LINE#         104
  C:1126H         LINE#         108
  C:1126H         LINE#         109
  C:112CH         LINE#         111
  C:113BH         LINE#         112
  C:113BH         LINE#         114
  C:113FH         LINE#         115
  C:1143H         LINE#         116
  C:1143H         LINE#         117
  C:1143H         LINE#         135
  C:1143H         LINE#         137
  C:1149H         LINE#         139
  C:1158H         LINE#         140
  C:1158H         LINE#         142
  C:115CH         LINE#         143
  C:1160H         LINE#         144
  C:1160H         LINE#         145
  C:1160H         LINE#         148
  C:1160H         LINE#         149
  C:1166H         LINE#         150
  C:1166H         LINE#         154
  C:1166H         LINE#         155
  C:116CH         LINE#         156
  C:116CH         LINE#         183
  C:116CH         LINE#         187
  C:116CH         LINE#         188
  -------         ENDPROC       TIMR1_IRQHANDLER
  -------         ENDMOD        TMR1

  -------         MODULE        TMR2
  C:0000H         SYMBOL        _ICE_DUMMY_
  D:00A8H         PUBLIC        IE0
  D:00A9H         PUBLIC        IE1
  D:00AAH         PUBLIC        IE2
  D:00ABH         PUBLIC        IE3
  B:00A8H.7       PUBLIC        IE_EA
  D:00B8H         PUBLIC        IP0
  D:00B1H         PUBLIC        IP1
  D:00B2H         PUBLIC        IP2
  D:00B3H         PUBLIC        IP3
  D:00B4H         PUBLIC        IP4
  D:00B5H         PUBLIC        IP5
  D:00B6H         PUBLIC        IP6
  D:00B7H         PUBLIC        IP7
  B:0080H.2       PUBLIC        P02
  B:0090H.5       PUBLIC        P15
  D:00D1H         PUBLIC        TMR_ALLCON
  C:1A0EH         PUBLIC        tmr2_config
BL51 BANKED LINKER/LOCATER V6.22.4.0                                                  12/05/2025  17:29:01  PAGE 11


  C:0E11H         PUBLIC        TIMR2_IRQHandler
  C:000FH         SYMBOL        Com004C
  C:000FH         SYMBOL        L?0077
  C:000FH         SYMBOL        L?0078
  -------         PROC          COM004C
  -------         ENDPROC       COM004C
  -------         PROC          TMR2_CONFIG
  C:1A0EH         LINE#         14
  C:1A0EH         LINE#         15
  C:1A0EH         LINE#         16
  C:1A14H         LINE#         17
  C:1A17H         LINE#         18
  C:1A19H         LINE#         21
  C:1A1CH         LINE#         23
  C:1A23H         LINE#         24
  C:1A25H         LINE#         25
  C:1A29H         LINE#         26
  C:1A2DH         LINE#         29
  C:1A33H         LINE#         30
  C:1A39H         LINE#         34
  C:1A40H         LINE#         35
  C:1A44H         LINE#         37
  C:1A4BH         LINE#         38
  C:1A4FH         LINE#         40
  C:1A52H         LINE#         41
  -------         ENDPROC       TMR2_CONFIG
  -------         PROC          TIMR2_IRQHANDLER
  -------         DO            
  B:0022H.3       SYMBOL        last_engine_speed_scan_level
  B:0022H.4       SYMBOL        last_speed_scan_level
  -------         DO            
  X:60FCH         SYMBOL        cnt
  X:60FDH         SYMBOL        cnt
  -------         ENDDO         
  -------         DO            
  X:60FDH         SYMBOL        cnt
  -------         ENDDO         
  -------         ENDDO         
  C:0E11H         LINE#         77
  C:0E2EH         LINE#         93
  C:0E2EH         LINE#         98
  C:0E38H         LINE#         99
  C:0E38H         LINE#         100
  C:0E3CH         LINE#         104
  C:0E3CH         LINE#         106
  C:0E42H         LINE#         107
  C:0E48H         LINE#         108
  C:0E48H         LINE#         109
  C:0E4AH         LINE#         110
  C:0E53H         LINE#         112
  C:0E65H         LINE#         114
  C:0E65H         LINE#         115
  C:0E69H         LINE#         116
  C:0E6BH         LINE#         117
  C:0E6BH         LINE#         118
  C:0E6BH         LINE#         119
  C:0E6BH         LINE#         121
BL51 BANKED LINKER/LOCATER V6.22.4.0                                                  12/05/2025  17:29:01  PAGE 12


  C:0E6EH         LINE#         122
  C:0E6EH         LINE#         123
  C:0E71H         LINE#         124
  C:0E71H         LINE#         130
  C:0E7DH         LINE#         131
  C:0E80H         LINE#         132
  C:0E80H         LINE#         134
  C:0E82H         LINE#         135
  C:0E84H         LINE#         137
  C:0E84H         LINE#         139
  C:0E86H         LINE#         140
  C:0E86H         LINE#         145
  C:0E86H         LINE#         147
  C:0E90H         LINE#         148
  C:0E9FH         LINE#         149
  C:0E9FH         LINE#         150
  C:0EA3H         LINE#         151
  C:0EAFH         LINE#         154
  C:0EC5H         LINE#         156
  C:0EC5H         LINE#         157
  C:0ECFH         LINE#         158
  C:0ED1H         LINE#         159
  C:0ED1H         LINE#         160
  C:0ED1H         LINE#         161
  C:0ED1H         LINE#         163
  C:0ED4H         LINE#         164
  C:0ED4H         LINE#         165
  C:0ED7H         LINE#         166
  C:0ED7H         LINE#         175
  C:0EE3H         LINE#         176
  C:0EE6H         LINE#         177
  C:0EE6H         LINE#         179
  C:0EE8H         LINE#         180
  C:0EEAH         LINE#         182
  C:0EEAH         LINE#         184
  C:0EECH         LINE#         185
  C:0EECH         LINE#         187
  C:0EECH         LINE#         191
  C:0EECH         LINE#         192
  -------         ENDPROC       TIMR2_IRQHANDLER
  -------         ENDMOD        TMR2

  -------         MODULE        UART0
  C:0000H         SYMBOL        _ICE_DUMMY_
  D:00A8H         PUBLIC        IE0
  D:00A9H         PUBLIC        IE1
  D:00AAH         PUBLIC        IE2
  D:00ABH         PUBLIC        IE3
  B:00A8H.7       PUBLIC        IE_EA
  D:00B8H         PUBLIC        IP0
  D:00B1H         PUBLIC        IP1
  D:00B2H         PUBLIC        IP2
  D:00B3H         PUBLIC        IP3
  D:00B4H         PUBLIC        IP4
  D:00B5H         PUBLIC        IP5
  D:00B6H         PUBLIC        IP6
  D:00B7H         PUBLIC        IP7
BL51 BANKED LINKER/LOCATER V6.22.4.0                                                  12/05/2025  17:29:01  PAGE 13


  D:00D2H         PUBLIC        UART0_CON0
  D:00D4H         PUBLIC        UART0_STA
  D:00D5H         PUBLIC        UART0_BAUD0
  D:00D6H         PUBLIC        UART0_BAUD1
  D:00D7H         PUBLIC        UART0_DATA
  X:6000H         PUBLIC        uart0_recv_buf
  X:602DH         PUBLIC        uart0_recv_len
  X:6030H         PUBLIC        recved_flagbuf
  X:6033H         PUBLIC        recv_frame_cnt
  X:6034H         PUBLIC        flagbuf_valid_instruction
  B:0022H.0       PUBLIC        flag_is_uart0_receive_timeout
  B:0022H.1       PUBLIC        flag_is_uart0_receive_timeout_enable
  X:6037H         PUBLIC        uart0_receive_timeout_cnt
  C:1D92H         PUBLIC        uart0_config
  C:1E8BH         PUBLIC        _uart0_sendbyte
  C:0BF3H         PUBLIC        uart0_scan_handle
  B:0022H.2       SYMBOL        flag_is_recving_data
  X:6038H         SYMBOL        frame_len
  X:6039H         SYMBOL        cur_recv_len
  X:603AH         SYMBOL        blank_index
  C:1EC9H         SYMBOL        uart0_receive_timeout_enable
  C:1ED3H         SYMBOL        uart0_receive_timeout_disable
  C:09BBH         PUBLIC        UART0_IRQHandler
  C:1928H         SYMBOL        Com005B
  C:1928H         SYMBOL        L?0092
  C:1931H         SYMBOL        L?0093
  C:1939H         SYMBOL        L?0094
  C:1940H         SYMBOL        L?0095
  C:1948H         SYMBOL        L?0096
  C:195AH         SYMBOL        L?0097
  C:195DH         SYMBOL        L?0098
  C:1965H         SYMBOL        L?0099
  C:1971H         SYMBOL        L?0100
  -------         PROC          COM005B
  -------         ENDPROC       COM005B
  -------         PROC          UART0_RECEIVE_TIMEOUT_ENABLE
  C:1EC9H         LINE#         46
  C:1EC9H         LINE#         47
  C:1EC9H         LINE#         48
  C:1ECEH         LINE#         49
  C:1ED0H         LINE#         50
  C:1ED2H         LINE#         51
  -------         ENDPROC       UART0_RECEIVE_TIMEOUT_ENABLE
  -------         PROC          UART0_RECEIVE_TIMEOUT_DISABLE
  C:1ED3H         LINE#         53
  C:1ED3H         LINE#         54
  C:1ED3H         LINE#         55
  C:1ED5H         LINE#         56
  C:1EDAH         LINE#         57
  C:1EDCH         LINE#         58
  -------         ENDPROC       UART0_RECEIVE_TIMEOUT_DISABLE
  -------         PROC          UART0_CONFIG
  C:1D92H         LINE#         62
  C:1D92H         LINE#         63
  C:1D92H         LINE#         66
  C:1D98H         LINE#         67
  C:1D9CH         LINE#         68
BL51 BANKED LINKER/LOCATER V6.22.4.0                                                  12/05/2025  17:29:01  PAGE 14


  C:1DA0H         LINE#         69
  C:1DA7H         LINE#         70
  C:1DAEH         LINE#         89
  C:1DB1H         LINE#         90
  C:1DB3H         LINE#         92
  C:1DB6H         LINE#         93
  C:1DB9H         LINE#         94
  C:1DBCH         LINE#         97
  -------         ENDPROC       UART0_CONFIG
  -------         PROC          UART0_IRQHANDLER
  -------         DO            
  X:60CDH         SYMBOL        uart0_tmp_val
  -------         ENDDO         
  C:09BBH         LINE#         100
  C:09D8H         LINE#         102
  C:09DDH         LINE#         105
  C:09DDH         LINE#         110
  C:09E5H         LINE#         111
  C:09E5H         LINE#         113
  C:09E8H         LINE#         115
  C:09F8H         LINE#         117
  C:09F8H         LINE#         124
  C:09F8H         LINE#         126
  C:09FBH         LINE#         128
  C:09FBH         LINE#         131
  C:0A02H         LINE#         132
  C:0A02H         LINE#         135
  C:0A04H         LINE#         136
  C:0A04H         LINE#         137
  C:0A07H         LINE#         142
  C:0A0AH         LINE#         143
  C:0A0AH         LINE#         145
  C:0A11H         LINE#         146
  C:0A11H         LINE#         148
  C:0A19H         LINE#         151
  C:0A19H         LINE#         154
  C:0A22H         LINE#         155
  C:0A22H         LINE#         157
  C:0A54H         LINE#         161
  C:0A59H         LINE#         163
  C:0A64H         LINE#         165
  C:0A64H         LINE#         167
  C:0A77H         LINE#         169
  C:0A79H         LINE#         170
  C:0A79H         LINE#         171
  C:0A7CH         LINE#         173
  C:0A82H         LINE#         174
  C:0A88H         LINE#         176
  C:0AA1H         LINE#         177
  C:0AB3H         LINE#         178
  C:0AB3H         LINE#         179
  C:0ABDH         LINE#         180
  C:0ABDH         LINE#         205
  C:0ABDH         LINE#         209
  C:0AC0H         LINE#         210
  C:0AC0H         LINE#         212
  C:0AC0H         LINE#         213
BL51 BANKED LINKER/LOCATER V6.22.4.0                                                  12/05/2025  17:29:01  PAGE 15


  C:0AC0H         LINE#         214
  C:0AC0H         LINE#         219
  C:0AC0H         LINE#         223
  C:0AC0H         LINE#         224
  -------         ENDPROC       UART0_IRQHANDLER
  -------         PROC          _UART0_SENDBYTE
  D:0007H         SYMBOL        senddata
  C:1E8BH         LINE#         227
  C:1E8BH         LINE#         228
  C:1E8BH         LINE#         229
  C:1E90H         LINE#         231
  C:1E92H         LINE#         232
  C:1E97H         LINE#         234
  -------         ENDPROC       _UART0_SENDBYTE
  -------         PROC          UART0_SCAN_HANDLE
  -------         DO            
  X:60BBH         SYMBOL        i
  X:60BCH         SYMBOL        checksum
  B:0023H.1       SYMBOL        __flag_is_crc_or_len_err
  -------         DO            
  X:60BDH         SYMBOL        __loop_crc_cnt
  -------         ENDDO         
  -------         ENDDO         
  C:0BF3H         LINE#         250
  C:0BF3H         LINE#         251
  C:0BF3H         LINE#         252
  C:0BF8H         LINE#         253
  C:0BFAH         LINE#         254
  C:0BFCH         LINE#         299
  C:0C05H         LINE#         300
  C:0C05H         LINE#         304
  C:0C08H         LINE#         307
  C:0C0DH         LINE#         308
  C:0C11H         LINE#         309
  C:0C14H         LINE#         312
  C:0C14H         LINE#         316
  C:0C26H         LINE#         317
  C:0C26H         LINE#         318
  C:0C32H         LINE#         319
  C:0C32H         LINE#         323
  C:0C4FH         LINE#         324
  C:0C4FH         LINE#         331
  C:0C58H         LINE#         332
  C:0C58H         LINE#         333
  C:0C69H         LINE#         336
  C:0C69H         LINE#         338
  C:0C69H         LINE#         339
  C:0C6EH         LINE#         340
  C:0C72H         LINE#         341
  C:0C83H         LINE#         342
  C:0C83H         LINE#         343
  C:0C9FH         LINE#         344
  C:0CA5H         LINE#         347
  C:0CAAH         LINE#         348
  C:0CC9H         LINE#         349
  C:0CC9H         LINE#         351
  C:0CCBH         LINE#         352
BL51 BANKED LINKER/LOCATER V6.22.4.0                                                  12/05/2025  17:29:01  PAGE 16


  C:0CCBH         LINE#         353
  C:0CCBH         LINE#         355
  C:0CCEH         LINE#         356
  C:0CCEH         LINE#         377
  C:0CD0H         LINE#         378
  C:0CDAH         LINE#         379
  C:0CDAH         LINE#         380
  C:0CEBH         LINE#         381
  C:0CEBH         LINE#         384
  C:0CFBH         LINE#         385
  C:0CFBH         LINE#         386
  C:0D04H         LINE#         387
  -------         ENDPROC       UART0_SCAN_HANDLE
  -------         ENDMOD        UART0

  -------         MODULE        ADC
  C:0000H         SYMBOL        _ICE_DUMMY_
  D:0091H         PUBLIC        ADC_CFG2
  D:0093H         PUBLIC        ADC_DATAH0
  D:0094H         PUBLIC        ADC_DATAL0
  D:0099H         PUBLIC        ADC_CHS0
  D:009EH         PUBLIC        ADC_TRGS0
  X:60FFH         PUBLIC        adc_val
  C:1D66H         PUBLIC        adc_config
  C:1C03H         PUBLIC        _adc_sel_pin
  C:0027H         PUBLIC        adc_single_convert
  C:0FE3H         PUBLIC        adc_getval
  C:1E7CH         SYMBOL        Com0010
  C:1E7CH         SYMBOL        L?0017
  C:1E85H         SYMBOL        L?0018
  -------         PROC          COM0010
  -------         ENDPROC       COM0010
  -------         PROC          ADC_CONFIG
  C:1D66H         LINE#         9
  C:1D66H         LINE#         10
  C:1D66H         LINE#         13
  C:1D6CH         LINE#         23
  C:1D71H         LINE#         31
  C:1D77H         LINE#         32
  C:1D7AH         LINE#         39
  C:1D81H         LINE#         40
  C:1D85H         LINE#         41
  C:1D8BH         LINE#         45
  C:1D8EH         LINE#         46
  C:1D91H         LINE#         47
  -------         ENDPROC       ADC_CONFIG
  -------         PROC          _ADC_SEL_PIN
  D:0007H         SYMBOL        adc_pin
  C:1C03H         LINE#         51
  C:1C03H         LINE#         52
  C:1C03H         LINE#         53
  C:1C06H         LINE#         55
  C:1C0FH         LINE#         56
  C:1C0FH         LINE#         58
  C:1C0FH         LINE#         59
  C:1C16H         LINE#         60
  C:1C1AH         LINE#         61
BL51 BANKED LINKER/LOCATER V6.22.4.0                                                  12/05/2025  17:29:01  PAGE 17


  C:1C1DH         LINE#         62
  C:1C1FH         LINE#         76
  C:1C1FH         LINE#         81
  C:1C26H         LINE#         83
  C:1C2AH         LINE#         84
  C:1C2DH         LINE#         85
  C:1C2DH         LINE#         95
  C:1C2DH         LINE#         97
  C:1C33H         LINE#         100
  -------         ENDPROC       _ADC_SEL_PIN
  -------         PROC          ADC_SINGLE_CONVERT
  C:0027H         LINE#         104
  C:0027H         LINE#         105
  C:0027H         LINE#         106
  C:002DH         LINE#         107
  C:0033H         LINE#         109
  C:0036H         LINE#         110
  C:0049H         LINE#         111
  -------         ENDPROC       ADC_SINGLE_CONVERT
  -------         PROC          ADC_GETVAL
  -------         DO            
  X:60BEH         SYMBOL        adc_val_tmp
  X:60C0H         SYMBOL        adc_val_sum
  X:60C4H         SYMBOL        get_adcmax
  X:60C6H         SYMBOL        get_adcmin
  X:60C8H         SYMBOL        i
  -------         ENDDO         
  C:0FE3H         LINE#         114
  C:0FE3H         LINE#         115
  C:0FE3H         LINE#         116
  C:0FEAH         LINE#         117
  C:0FF2H         LINE#         118
  C:0FF9H         LINE#         119
  C:0FFFH         LINE#         120
  C:1002H         LINE#         122
  C:1003H         LINE#         123
  C:1003H         LINE#         124
  C:100EH         LINE#         125
  C:1017H         LINE#         126
  C:1017H         LINE#         127
  C:102DH         LINE#         128
  C:1035H         LINE#         129
  C:1044H         LINE#         130
  C:1053H         LINE#         131
  C:106BH         LINE#         132
  C:1077H         LINE#         134
  C:108FH         LINE#         135
  C:10A6H         LINE#         136
  C:10B6H         LINE#         138
  C:10B6H         LINE#         139
  -------         ENDPROC       ADC_GETVAL
  -------         ENDMOD        ADC

  -------         MODULE        AIP1302
  C:0000H         SYMBOL        _ICE_DUMMY_
  B:0090H.6       PUBLIC        P16
  B:0090H.7       PUBLIC        P17
BL51 BANKED LINKER/LOCATER V6.22.4.0                                                  12/05/2025  17:29:01  PAGE 18


  B:00A0H.4       PUBLIC        P24
  C:14BAH         PUBLIC        ___aip1302_read_byte
  C:181AH         PUBLIC        aip1302_is_running
  C:187AH         PUBLIC        aip1302_config
  C:1E44H         PUBLIC        _aip1302_read_byte
  C:123CH         PUBLIC        _aip1302_write_byte
  C:1A93H         PUBLIC        aip1302_update_time
  C:19C8H         PUBLIC        aip1302_read_all
  C:1E11H         SYMBOL        _reverse_u8
  C:16D3H         SYMBOL        ___aip1302_convert_read_byte
  C:154CH         SYMBOL        ___aip1302_write_byte
  C:1D38H         SYMBOL        Com0044
  C:1D38H         SYMBOL        L?0069
  C:1D3AH         SYMBOL        L?0070
  C:1D4AH         SYMBOL        L?0074
  C:1D55H         SYMBOL        L?0075
  C:1D5FH         SYMBOL        L?0076
  -------         PROC          COM0044
  -------         ENDPROC       COM0044
  -------         PROC          AIP1302_CONFIG
  -------         DO            
  D:0007H         SYMBOL        ret
  -------         ENDDO         
  C:187AH         LINE#         8
  C:187AH         LINE#         9
  C:187AH         LINE#         10
  C:187CH         LINE#         14
  C:1882H         LINE#         15
  C:1886H         LINE#         16
  C:188BH         LINE#         18
  C:188FH         LINE#         19
  C:1893H         LINE#         20
  C:1898H         LINE#         22
  C:1898H         LINE#         23
  C:1898H         LINE#         24
  C:189BH         LINE#         26
  C:189DH         LINE#         27
  C:189FH         LINE#         33
  C:18A2H         LINE#         34
  C:18A5H         LINE#         35
  C:18A5H         LINE#         41
  C:18A5H         LINE#         43
  C:18A5H         LINE#         50
  C:18ACH         LINE#         51
  C:18B3H         LINE#         52
  C:18BAH         LINE#         54
  C:18C1H         LINE#         55
  C:18C8H         LINE#         56
  C:18CFH         LINE#         65
  C:18CFH         LINE#         69
  -------         ENDPROC       AIP1302_CONFIG
  -------         PROC          _REVERSE_U8
  D:0007H         SYMBOL        arg
  -------         DO            
  D:0006H         SYMBOL        tmp
  D:0005H         SYMBOL        i
  -------         ENDDO         
BL51 BANKED LINKER/LOCATER V6.22.4.0                                                  12/05/2025  17:29:01  PAGE 19


  C:1E11H         LINE#         99
  C:1E11H         LINE#         100
  C:1E11H         LINE#         102
  C:1E13H         LINE#         105
  C:1E13H         LINE#         106
  C:1E13H         LINE#         107
  C:1E17H         LINE#         108
  C:1E1BH         LINE#         109
  C:1E1BH         LINE#         110
  C:1E1FH         LINE#         111
  C:1E1FH         LINE#         113
  C:1E1FH         LINE#         114
  C:1E1FH         LINE#         115
  C:1E23H         LINE#         116
  C:1E28H         LINE#         118
  C:1E2AH         LINE#         119
  -------         ENDPROC       _REVERSE_U8
  -------         PROC          ___AIP1302_CONVERT_READ_BYTE
  D:0004H         SYMBOL        cmd
  D:0005H         SYMBOL        byte
  -------         DO            
  D:0007H         SYMBOL        tmp
  X:60BCH         SYMBOL        i
  -------         DO            
  X:60BDH         SYMBOL        tens_place
  X:60BEH         SYMBOL        one_place
  -------         ENDDO         
  -------         ENDDO         
  C:16D3H         LINE#         122
  C:16D5H         LINE#         123
  C:16D5H         LINE#         124
  C:16D6H         LINE#         125
  C:16DAH         LINE#         128
  C:16DFH         LINE#         137
  C:16FDH         LINE#         138
  C:16FDH         LINE#         139
  C:1702H         LINE#         140
  C:1704H         LINE#         143
  C:170DH         LINE#         144
  C:170DH         LINE#         147
  C:1711H         LINE#         148
  C:1713H         LINE#         149
  C:171CH         LINE#         150
  C:171CH         LINE#         152
  C:1720H         LINE#         153
  C:1722H         LINE#         154
  C:1726H         LINE#         155
  C:1726H         LINE#         157
  C:172AH         LINE#         158
  C:172AH         LINE#         160
  C:1733H         LINE#         161
  C:1739H         LINE#         162
  C:1740H         LINE#         163
  C:1740H         LINE#         165
  C:1740H         LINE#         166
  -------         ENDPROC       ___AIP1302_CONVERT_READ_BYTE
  C:152EH         SYMBOL        L?0071
BL51 BANKED LINKER/LOCATER V6.22.4.0                                                  12/05/2025  17:29:01  PAGE 20


  C:1538H         SYMBOL        L?0072
  -------         PROC          ___AIP1302_READ_BYTE
  X:60BCH         SYMBOL        cmd
  -------         DO            
  X:60BDH         SYMBOL        recv_data
  X:60BEH         SYMBOL        i
  -------         ENDDO         
  C:14BAH         LINE#         169
  C:14BFH         LINE#         170
  C:14BFH         LINE#         171
  C:14C2H         LINE#         172
  C:14C2H         LINE#         175
  C:14C2H         LINE#         176
  C:14C2H         LINE#         177
  C:14C5H         LINE#         179
  C:14C5H         LINE#         180
  C:14C5H         LINE#         181
  C:14C5H         LINE#         182
  C:14CBH         LINE#         184
  C:14D0H         LINE#         185
  C:14D0H         LINE#         186
  C:14D0H         LINE#         187
  C:14D3H         LINE#         188
  C:14E6H         LINE#         189
  C:14E6H         LINE#         190
  C:14E8H         LINE#         191
  C:14EAH         LINE#         193
  C:14EAH         LINE#         194
  C:14ECH         LINE#         195
  C:14ECH         LINE#         196
  C:14F3H         LINE#         198
  C:14F3H         LINE#         199
  C:14F3H         LINE#         200
  C:14F8H         LINE#         203
  C:14FEH         LINE#         204
  C:1504H         LINE#         206
  C:1509H         LINE#         207
  C:1509H         LINE#         208
  C:1510H         LINE#         209
  C:1510H         LINE#         210
  C:1513H         LINE#         211
  C:1516H         LINE#         212
  C:1516H         LINE#         213
  C:151DH         LINE#         214
  C:151DH         LINE#         216
  C:151DH         LINE#         217
  C:151DH         LINE#         218
  C:151DH         LINE#         219
  C:151DH         LINE#         220
  C:1522H         LINE#         222
  C:1524H         LINE#         223
  C:1526H         LINE#         224
  C:1528H         LINE#         226
  C:152DH         LINE#         227
  -------         ENDPROC       ___AIP1302_READ_BYTE
  -------         PROC          _AIP1302_READ_BYTE
  X:60BBH         SYMBOL        cmd
BL51 BANKED LINKER/LOCATER V6.22.4.0                                                  12/05/2025  17:29:01  PAGE 21


  -------         DO            
  D:0006H         SYMBOL        recv_data
  -------         ENDDO         
  C:1E44H         LINE#         236
  C:1E49H         LINE#         237
  C:1E49H         LINE#         238
  C:1E4BH         LINE#         239
  C:1E50H         LINE#         240
  -------         ENDPROC       _AIP1302_READ_BYTE
  C:15C1H         SYMBOL        L?0067
  C:15D2H         SYMBOL        L?0073
  -------         PROC          ___AIP1302_WRITE_BYTE
  X:60C6H         SYMBOL        cmd
  X:60C7H         SYMBOL        byte
  -------         DO            
  X:60C8H         SYMBOL        i
  -------         ENDDO         
  C:154CH         LINE#         250
  C:1554H         LINE#         251
  C:1554H         LINE#         252
  C:1555H         LINE#         255
  C:1555H         LINE#         256
  C:1555H         LINE#         257
  C:1558H         LINE#         259
  C:1558H         LINE#         260
  C:1558H         LINE#         261
  C:1558H         LINE#         262
  C:155EH         LINE#         264
  C:1563H         LINE#         265
  C:1563H         LINE#         266
  C:1563H         LINE#         267
  C:1566H         LINE#         268
  C:1579H         LINE#         269
  C:1579H         LINE#         270
  C:157BH         LINE#         271
  C:157DH         LINE#         273
  C:157DH         LINE#         274
  C:157FH         LINE#         275
  C:157FH         LINE#         276
  C:157FH         LINE#         277
  C:157FH         LINE#         278
  C:1582H         LINE#         279
  C:1587H         LINE#         281
  C:158CH         LINE#         282
  C:158CH         LINE#         283
  C:158CH         LINE#         284
  C:158FH         LINE#         285
  C:15A5H         LINE#         286
  C:15A5H         LINE#         287
  C:15A7H         LINE#         288
  C:15A9H         LINE#         290
  C:15A9H         LINE#         291
  C:15ABH         LINE#         292
  C:15ABH         LINE#         293
  C:15ABH         LINE#         294
  C:15ABH         LINE#         295
  C:15AEH         LINE#         296
BL51 BANKED LINKER/LOCATER V6.22.4.0                                                  12/05/2025  17:29:01  PAGE 22


  C:15B3H         LINE#         298
  C:15B5H         LINE#         299
  C:15BCH         LINE#         300
  C:15BEH         LINE#         301
  C:15C0H         LINE#         302
  -------         ENDPROC       ___AIP1302_WRITE_BYTE
  -------         PROC          AIP1302_IS_RUNNING
  C:181AH         LINE#         311
  C:181AH         LINE#         312
  C:181AH         LINE#         330
  C:181DH         LINE#         331
  C:1874H         LINE#         339
  C:1874H         LINE#         340
  C:1877H         LINE#         341
  C:1877H         LINE#         343
  C:1877H         LINE#         344
  C:1879H         LINE#         345
  C:1879H         LINE#         346
  -------         ENDPROC       AIP1302_IS_RUNNING
  -------         PROC          _AIP1302_WRITE_BYTE
  X:60C2H         SYMBOL        cmd
  D:0005H         SYMBOL        byte
  -------         DO            
  X:60C3H         SYMBOL        tmp
  -------         DO            
  X:60C4H         SYMBOL        tens_place
  X:60C5H         SYMBOL        one_place
  -------         ENDDO         
  -------         ENDDO         
  C:123CH         LINE#         359
  C:1241H         LINE#         360
  C:1241H         LINE#         361
  C:1244H         LINE#         369
  C:1266H         LINE#         370
  C:1266H         LINE#         371
  C:126BH         LINE#         372
  C:126DH         LINE#         373
  C:1277H         LINE#         374
  C:1277H         LINE#         375
  C:127EH         LINE#         376
  C:127EH         LINE#         377
  C:128DH         LINE#         380
  C:129AH         LINE#         384
  C:12A7H         LINE#         385
  C:12A7H         LINE#         386
  C:12AEH         LINE#         387
  C:12B0H         LINE#         388
  C:12BDH         LINE#         389
  C:12BDH         LINE#         392
  C:12C4H         LINE#         393
  C:12C6H         LINE#         394
  C:12CDH         LINE#         395
  C:12CDH         LINE#         397
  C:12D2H         LINE#         398
  C:12D2H         LINE#         399
  C:12D2H         LINE#         402
  C:12D9H         LINE#         403
BL51 BANKED LINKER/LOCATER V6.22.4.0                                                  12/05/2025  17:29:01  PAGE 23


  C:12E4H         LINE#         405
  -------         ENDPROC       _AIP1302_WRITE_BYTE
  -------         PROC          AIP1302_UPDATE_TIME
  X:60BBH         SYMBOL        aip1302_saveinfo
  C:1A93H         LINE#         480
  C:1A93H         LINE#         481
  C:1A93H         LINE#         482
  C:1AA0H         LINE#         483
  C:1AAAH         LINE#         484
  C:1AB4H         LINE#         486
  C:1ABEH         LINE#         487
  C:1AC8H         LINE#         488
  -------         ENDPROC       AIP1302_UPDATE_TIME
  -------         PROC          AIP1302_READ_ALL
  C:19C8H         LINE#         508
  C:19C8H         LINE#         509
  C:19C8H         LINE#         510
  C:19D2H         LINE#         511
  C:19DCH         LINE#         512
  C:19E6H         LINE#         513
  C:19F0H         LINE#         514
  C:19FAH         LINE#         515
  C:1A0DH         LINE#         517
  -------         ENDPROC       AIP1302_READ_ALL
  -------         ENDMOD        AIP1302

  -------         MODULE        KEY_DRIVER
  C:0000H         SYMBOL        _ICE_DUMMY_
  -------         ENDMOD        KEY_DRIVER

  -------         MODULE        IIC_SOFT
  C:0000H         SYMBOL        _ICE_DUMMY_
  -------         ENDMOD        IIC_SOFT

  -------         MODULE        USER_FLASH
  C:0000H         SYMBOL        _ICE_DUMMY_
  D:00A4H         PUBLIC        FLASH_CON
  D:00A5H         PUBLIC        FLASH_STA
  D:00A6H         PUBLIC        FLASH_DATA
  D:00AEH         PUBLIC        FLASH_PASSWORD
  D:00AFH         PUBLIC        FLASH_ADDR
  C:1E5AH         PUBLIC        _flash_erase_sector
  C:1C3AH         PUBLIC        _flash_program
  C:1C71H         PUBLIC        _flash_read
  -------         PROC          _FLASH_ERASE_SECTOR
  D:0007H         SYMBOL        addr
  C:1E5AH         LINE#         9
  C:1E5AH         LINE#         10
  C:1E5AH         LINE#         11
  C:1E5DH         LINE#         12
  C:1E5FH         LINE#         13
  C:1E62H         LINE#         14
  C:1E65H         LINE#         16
  C:1E6AH         LINE#         18
  -------         ENDPROC       _FLASH_ERASE_SECTOR
  -------         PROC          _FLASH_PROGRAM
  D:0007H         SYMBOL        addr
BL51 BANKED LINKER/LOCATER V6.22.4.0                                                  12/05/2025  17:29:01  PAGE 24


  X:60BCH         SYMBOL        p_data
  X:60BFH         SYMBOL        len
  C:1C3AH         LINE#         27
  C:1C40H         LINE#         28
  C:1C40H         LINE#         29
  C:1C43H         LINE#         30
  C:1C45H         LINE#         32
  C:1C4EH         LINE#         33
  C:1C4EH         LINE#         34
  C:1C53H         LINE#         36
  C:1C62H         LINE#         37
  C:1C65H         LINE#         38
  C:1C68H         LINE#         40
  C:1C6EH         LINE#         41
  C:1C70H         LINE#         42
  -------         ENDPROC       _FLASH_PROGRAM
  -------         PROC          _FLASH_READ
  D:0007H         SYMBOL        addr
  X:60C9H         SYMBOL        p_data
  X:60CCH         SYMBOL        len
  C:1C71H         LINE#         51
  C:1C77H         LINE#         52
  C:1C77H         LINE#         53
  C:1C7DH         LINE#         54
  C:1C7DH         LINE#         55
  C:1C9CH         LINE#         56
  C:1CA2H         LINE#         57
  C:1CA4H         LINE#         58
  -------         ENDPROC       _FLASH_READ
  -------         ENDMOD        USER_FLASH

  -------         MODULE        MAIN
  C:0000H         SYMBOL        _ICE_DUMMY_
  D:00D9H         PUBLIC        WDT_KEY
  B:00A0H.3       PUBLIC        P23
  C:1CD7H         PUBLIC        user_init
  C:1B11H         PUBLIC        main
  -------         PROC          USER_INIT
  C:1CD7H         LINE#         27
  C:1CD7H         LINE#         28
  C:1CD7H         LINE#         30
  C:1CDDH         LINE#         31
  C:1CE1H         LINE#         32
  C:1CE6H         LINE#         35
  C:1CE9H         LINE#         38
  C:1CECH         LINE#         41
  C:1CEFH         LINE#         44
  C:1CF2H         LINE#         48
  C:1CF5H         LINE#         52
  C:1CF8H         LINE#         60
  C:1CFBH         LINE#         63
  C:1CFEH         LINE#         70
  C:1D01H         LINE#         73
  -------         ENDPROC       USER_INIT
  -------         PROC          MAIN
  C:1B11H         LINE#         77
  C:1B11H         LINE#         78
BL51 BANKED LINKER/LOCATER V6.22.4.0                                                  12/05/2025  17:29:01  PAGE 25


  C:1B11H         LINE#         80
  C:1B14H         LINE#         85
  C:1B17H         LINE#         86
  C:1B1EH         LINE#         87
  C:1B21H         LINE#         90
  C:1B24H         LINE#         95
  C:1B26H         LINE#         96
  C:1B2DH         LINE#         97
  C:1B2FH         LINE#         100
  C:1B2FH         LINE#         101
  C:1B2FH         LINE#         105
  C:1B32H         LINE#         123
  C:1B35H         LINE#         127
  C:1B38H         LINE#         131
  C:1B3BH         LINE#         133
  C:1B3EH         LINE#         136
  C:1B41H         LINE#         139
  C:1B44H         LINE#         143
  C:1B47H         LINE#         144
  C:1B4AH         LINE#         145
  C:1B4DH         LINE#         163
  -------         ENDPROC       MAIN
  -------         ENDMOD        MAIN

  -------         MODULE        FUN_INFO
  C:0000H         SYMBOL        _ICE_DUMMY_
  X:606CH         PUBLIC        fun_info
  C:1B8DH         PUBLIC        fun_info_init
  C:1DDAH         PUBLIC        fun_info_save
  -------         PROC          FUN_INFO_INIT
  -------         DO            
  X:60BBH         SYMBOL        save_info
  -------         ENDDO         
  C:1B8DH         LINE#         7
  C:1B8DH         LINE#         8
  C:1B8DH         LINE#         84
  C:1B9EH         LINE#         85
  C:1BA5H         LINE#         86
  C:1BA5H         LINE#         87
  C:1BB1H         LINE#         88
  C:1BBDH         LINE#         89
  C:1BC9H         LINE#         90
  C:1BC9H         LINE#         92
  C:1BC9H         LINE#         94
  C:1BC9H         LINE#         97
  -------         ENDPROC       FUN_INFO_INIT
  -------         PROC          FUN_INFO_SAVE
  C:1DDAH         LINE#         100
  C:1DDAH         LINE#         101
  C:1DDAH         LINE#         109
  C:1DDFH         LINE#         110
  C:1DE5H         LINE#         111
  -------         ENDPROC       FUN_INFO_SAVE
  -------         ENDMOD        FUN_INFO

  -------         MODULE        SEND_DATA
  C:0000H         SYMBOL        _ICE_DUMMY_
BL51 BANKED LINKER/LOCATER V6.22.4.0                                                  12/05/2025  17:29:01  PAGE 26


  C:0471H         PUBLIC        _send_data_packet
  C:1AD2H         SYMBOL        Com0028
  C:1AD2H         SYMBOL        L?0041
  C:1AD2H         SYMBOL        L?0042
  C:1AD4H         SYMBOL        L?0043
  C:1AD7H         SYMBOL        L?0044
  C:1ADEH         SYMBOL        L?0045
  C:1ADEH         SYMBOL        L?0046
  C:1AEDH         SYMBOL        L?0047
  C:1AF3H         SYMBOL        L?0048
  C:1AF6H         SYMBOL        L?0049
  C:1B01H         SYMBOL        L?0050
  C:1B01H         SYMBOL        L?0051
  C:1B08H         SYMBOL        L?0052
  -------         PROC          COM0028
  -------         ENDPROC       COM0028
  -------         PROC          _SEND_DATA_PACKET
  D:0003H         SYMBOL        cmd
  -------         DO            
  X:60A7H         SYMBOL        send_data_packet
  X:60BBH         SYMBOL        send_data_packet_len
  X:60BCH         SYMBOL        check_sum
  X:60BDH         SYMBOL        i
  X:60BEH         SYMBOL        tmp_val
  -------         ENDDO         
  C:0471H         LINE#         119
  C:0473H         LINE#         120
  C:0473H         LINE#         127
  C:0478H         LINE#         128
  C:047AH         LINE#         129
  C:047CH         LINE#         130
  C:0484H         LINE#         132
  C:048AH         LINE#         133
  C:048FH         LINE#         135
  C:04CCH         LINE#         136
  C:04CCH         LINE#         139
  C:04CCH         LINE#         140
  C:04CCH         LINE#         141
  C:04CCH         LINE#         142
  C:04CFH         LINE#         143
  C:04D2H         LINE#         144
  C:04D2H         LINE#         145
  C:04D5H         LINE#         148
  C:04D5H         LINE#         149
  C:04D5H         LINE#         150
  C:04D5H         LINE#         151
  C:04D8H         LINE#         152
  C:04DBH         LINE#         153
  C:04DBH         LINE#         154
  C:04DEH         LINE#         157
  C:04DEH         LINE#         158
  C:04DEH         LINE#         159
  C:04DEH         LINE#         160
  C:04E1H         LINE#         161
  C:04E4H         LINE#         162
  C:04E4H         LINE#         163
  C:04E7H         LINE#         166
BL51 BANKED LINKER/LOCATER V6.22.4.0                                                  12/05/2025  17:29:01  PAGE 27


  C:04E7H         LINE#         167
  C:04E7H         LINE#         168
  C:04E7H         LINE#         169
  C:04EAH         LINE#         170
  C:04EDH         LINE#         171
  C:04EDH         LINE#         172
  C:04EFH         LINE#         176
  C:04EFH         LINE#         177
  C:04EFH         LINE#         178
  C:04EFH         LINE#         179
  C:04F2H         LINE#         180
  C:04F5H         LINE#         181
  C:04F5H         LINE#         182
  C:04F7H         LINE#         185
  C:04F7H         LINE#         186
  C:04F7H         LINE#         187
  C:04F7H         LINE#         188
  C:04FAH         LINE#         189
  C:04FDH         LINE#         190
  C:04FDH         LINE#         191
  C:04FFH         LINE#         194
  C:04FFH         LINE#         195
  C:04FFH         LINE#         196
  C:0501H         LINE#         197
  C:0504H         LINE#         198
  C:0514H         LINE#         199
  C:051FH         LINE#         200
  C:051FH         LINE#         201
  C:0522H         LINE#         204
  C:0522H         LINE#         205
  C:0522H         LINE#         207
  C:0531H         LINE#         208
  C:0531H         LINE#         209
  C:0537H         LINE#         210
  C:0537H         LINE#         212
  C:0537H         LINE#         213
  C:053AH         LINE#         214
  C:053FH         LINE#         215
  C:053FH         LINE#         216
  C:0541H         LINE#         219
  C:0541H         LINE#         220
  C:0541H         LINE#         221
  C:0541H         LINE#         222
  C:0544H         LINE#         223
  C:054CH         LINE#         224
  C:054CH         LINE#         225
  C:054FH         LINE#         237
  C:054FH         LINE#         238
  C:054FH         LINE#         239
  C:0554H         LINE#         240
  C:0557H         LINE#         245
  C:055CH         LINE#         246
  C:055CH         LINE#         247
  C:055CH         LINE#         248
  C:055CH         LINE#         249
  C:055CH         LINE#         250
  C:055CH         LINE#         251
BL51 BANKED LINKER/LOCATER V6.22.4.0                                                  12/05/2025  17:29:01  PAGE 28


  C:055CH         LINE#         252
  C:055EH         LINE#         255
  C:055EH         LINE#         256
  C:055EH         LINE#         257
  C:0563H         LINE#         258
  C:0566H         LINE#         268
  C:0570H         LINE#         269
  C:0570H         LINE#         270
  C:0570H         LINE#         271
  C:0570H         LINE#         272
  C:0570H         LINE#         273
  C:0570H         LINE#         274
  C:0570H         LINE#         275
  C:0573H         LINE#         278
  C:0573H         LINE#         279
  C:0573H         LINE#         280
  C:0578H         LINE#         281
  C:057BH         LINE#         283
  C:0583H         LINE#         284
  C:058DH         LINE#         285
  C:0595H         LINE#         286
  C:059DH         LINE#         287
  C:05A5H         LINE#         288
  C:05ADH         LINE#         289
  C:05B5H         LINE#         290
  C:05B5H         LINE#         291
  C:05B8H         LINE#         294
  C:05B8H         LINE#         295
  C:05B8H         LINE#         296
  C:05BDH         LINE#         297
  C:05C0H         LINE#         299
  C:05C8H         LINE#         300
  C:05D2H         LINE#         301
  C:05D2H         LINE#         302
  C:05D5H         LINE#         313
  C:05D5H         LINE#         314
  C:05D5H         LINE#         315
  C:05DAH         LINE#         316
  C:05DDH         LINE#         321
  C:05E3H         LINE#         322
  C:05E3H         LINE#         323
  C:05E3H         LINE#         324
  C:05E3H         LINE#         325
  C:05E3H         LINE#         326
  C:05E3H         LINE#         327
  C:05E3H         LINE#         328
  C:05E5H         LINE#         331
  C:05E5H         LINE#         332
  C:05E5H         LINE#         333
  C:05EAH         LINE#         334
  C:05EDH         LINE#         344
  C:05F9H         LINE#         345
  C:0604H         LINE#         346
  C:060AH         LINE#         347
  C:060AH         LINE#         348
  C:060AH         LINE#         349
  C:060AH         LINE#         350
BL51 BANKED LINKER/LOCATER V6.22.4.0                                                  12/05/2025  17:29:01  PAGE 29


  C:060AH         LINE#         351
  C:060CH         LINE#         357
  C:060CH         LINE#         358
  C:060CH         LINE#         359
  C:0611H         LINE#         360
  C:0614H         LINE#         362
  C:061BH         LINE#         363
  C:061BH         LINE#         364
  C:061BH         LINE#         365
  C:061BH         LINE#         366
  C:061BH         LINE#         367
  C:061DH         LINE#         373
  C:061DH         LINE#         374
  C:061DH         LINE#         375
  C:0622H         LINE#         376
  C:0625H         LINE#         378
  C:062CH         LINE#         379
  C:0637H         LINE#         380
  C:063DH         LINE#         381
  C:0648H         LINE#         382
  C:0648H         LINE#         383
  C:064AH         LINE#         386
  C:064AH         LINE#         387
  C:064AH         LINE#         388
  C:0668H         LINE#         389
  C:067AH         LINE#         390
  C:067AH         LINE#         391
  C:0684H         LINE#         392
  C:0684H         LINE#         394
  C:0684H         LINE#         395
  C:0687H         LINE#         397
  C:068FH         LINE#         398
  C:068FH         LINE#         399
  C:068FH         LINE#         401
  C:068FH         LINE#         402
  C:068FH         LINE#         403
  C:068FH         LINE#         405
  C:06A1H         LINE#         406
  C:06A1H         LINE#         407
  C:06AEH         LINE#         408
  C:06AEH         LINE#         410
  C:06B9H         LINE#         411
  C:06B9H         LINE#         412
  C:06C1H         LINE#         413
  C:06CCH         LINE#         414
  C:06D2H         LINE#         416
  -------         ENDPROC       _SEND_DATA_PACKET
  -------         ENDMOD        SEND_DATA

  -------         MODULE        PIN_LEVEL_SCAN
  C:0000H         SYMBOL        _ICE_DUMMY_
  B:0080H.6       PUBLIC        P06
  B:0080H.7       PUBLIC        P07
  B:0090H.0       PUBLIC        P10
  B:0090H.3       PUBLIC        P13
  B:0090H.4       PUBLIC        P14
  B:00A0H.0       PUBLIC        P20
BL51 BANKED LINKER/LOCATER V6.22.4.0                                                  12/05/2025  17:29:01  PAGE 30


  B:00A0H.7       PUBLIC        P27
  B:00B0H.0       PUBLIC        P30
  X:6101H         PUBLIC        pin_level_scan_time_cnt
  C:1CA5H         PUBLIC        pin_level_scan_config
  C:165CH         PUBLIC        pin_level_scan
  -------         PROC          PIN_LEVEL_SCAN_CONFIG
  C:1CA5H         LINE#         7
  C:1CA5H         LINE#         8
  C:1CA5H         LINE#         30
  C:1CABH         LINE#         33
  C:1CB1H         LINE#         36
  C:1CB7H         LINE#         39
  C:1CBCH         LINE#         42
  C:1CC0H         LINE#         45
  C:1CC6H         LINE#         48
  C:1CCAH         LINE#         51
  C:1CD0H         LINE#         52
  C:1CD6H         LINE#         57
  -------         ENDPROC       PIN_LEVEL_SCAN_CONFIG
  -------         PROC          PIN_LEVEL_SCAN
  C:165CH         LINE#         60
  C:165CH         LINE#         61
  C:165CH         LINE#         63
  C:166BH         LINE#         64
  C:166BH         LINE#         65
  C:166FH         LINE#         121
  C:1672H         LINE#         122
  C:1672H         LINE#         124
  C:1676H         LINE#         125
  C:1678H         LINE#         126
  C:167BH         LINE#         127
  C:167BH         LINE#         129
  C:1681H         LINE#         130
  C:1683H         LINE#         131
  C:1686H         LINE#         132
  C:1686H         LINE#         134
  C:168CH         LINE#         135
  C:168EH         LINE#         136
  C:1691H         LINE#         137
  C:1691H         LINE#         139
  C:1697H         LINE#         140
  C:1699H         LINE#         141
  C:169CH         LINE#         142
  C:169CH         LINE#         144
  C:16A2H         LINE#         145
  C:16A4H         LINE#         146
  C:16A7H         LINE#         147
  C:16A7H         LINE#         149
  C:16ADH         LINE#         150
  C:16AFH         LINE#         151
  C:16B5H         LINE#         152
  C:16B5H         LINE#         154
  C:16B8H         LINE#         155
  C:16BAH         LINE#         157
  C:16BAH         LINE#         162
  C:16BDH         LINE#         163
  C:16BDH         LINE#         166
BL51 BANKED LINKER/LOCATER V6.22.4.0                                                  12/05/2025  17:29:01  PAGE 31


  C:16BFH         LINE#         168
  C:16C2H         LINE#         169
  C:16C2H         LINE#         171
  C:16C7H         LINE#         174
  C:16C7H         LINE#         175
  C:16C9H         LINE#         177
  C:16C9H         LINE#         179
  C:16CEH         LINE#         182
  C:16D0H         LINE#         183
  C:16D0H         LINE#         187
  C:16D2H         LINE#         188
  C:16D2H         LINE#         200
  -------         ENDPROC       PIN_LEVEL_SCAN
  -------         ENDMOD        PIN_LEVEL_SCAN

  -------         MODULE        SPEED_SCAN
  C:0000H         SYMBOL        _ICE_DUMMY_
  B:0022H.5       PUBLIC        flag_is_speed_scan_over_time
  X:60CEH         PUBLIC        speed_pulse_cnt
  X:60D2H         PUBLIC        speed_scan_time_ms
  C:1E98H         PUBLIC        speed_scan_config
  C:1187H         PUBLIC        speed_scan
  X:60D6H         SYMBOL        cur_speed_scan_time
  X:60DAH         SYMBOL        cur_speed_scan_pulse
  C:1BCAH         PUBLIC        update_speed_scan_data
  C:1EB2H         SYMBOL        Com0008
  C:1EB2H         SYMBOL        L?0009
  C:1EB2H         SYMBOL        L?0010
  C:1EB8H         SYMBOL        L?0011
  -------         PROC          COM0008
  -------         ENDPROC       COM0008
  -------         PROC          SPEED_SCAN_CONFIG
  C:1E98H         LINE#         6
  C:1E98H         LINE#         7
  C:1E98H         LINE#         10
  C:1E9EH         LINE#         11
  C:1EA4H         LINE#         14
  -------         ENDPROC       SPEED_SCAN_CONFIG
  -------         PROC          UPDATE_SPEED_SCAN_DATA
  C:1BCAH         LINE#         23
  C:1BCAH         LINE#         24
  C:1BCAH         LINE#         25
  C:1BDCH         LINE#         26
  C:1BE6H         LINE#         27
  C:1BF8H         LINE#         28
  C:1C02H         LINE#         29
  -------         ENDPROC       UPDATE_SPEED_SCAN_DATA
  -------         PROC          SPEED_SCAN
  -------         DO            
  X:60BBH         SYMBOL        cur_speed
  X:60BFH         SYMBOL        tmp
  -------         ENDDO         
  C:1187H         LINE#         31
  C:1187H         LINE#         32
  C:1187H         LINE#         33
  C:1191H         LINE#         34
  C:119BH         LINE#         36
BL51 BANKED LINKER/LOCATER V6.22.4.0                                                  12/05/2025  17:29:01  PAGE 32


  C:11B1H         LINE#         37
  C:11B1H         LINE#         43
  C:11CDH         LINE#         46
  C:11D0H         LINE#         47
  C:11D0H         LINE#         48
  C:11DAH         LINE#         49
  C:11DCH         LINE#         51
  C:11DCH         LINE#         65
  C:1203H         LINE#         66
  C:1203H         LINE#         69
  C:1215H         LINE#         75
  C:121FH         LINE#         76
  C:1229H         LINE#         77
  C:122BH         LINE#         79
  C:1239H         LINE#         86
  C:123BH         LINE#         87
  C:123BH         LINE#         88
  -------         ENDPROC       SPEED_SCAN
  -------         ENDMOD        SPEED_SCAN

  -------         MODULE        ENGINE_SPEED_SCAN
  C:0000H         SYMBOL        _ICE_DUMMY_
  B:0022H.6       PUBLIC        flag_is_engine_speed_scan_over_time
  X:60DEH         PUBLIC        engine_speed_scan_cnt
  X:60E2H         PUBLIC        engine_speed_scan_ms
  C:1EA5H         PUBLIC        engine_speed_scan_config
  C:15DCH         PUBLIC        engine_speed_scan
  X:60E4H         SYMBOL        cur_engine_speed_scan_cnt
  X:60E8H         SYMBOL        cur_engine_speed_scan_ms
  C:1B4FH         PUBLIC        update_engine_speed_scan_data
  C:1EEEH         SYMBOL        Com0009
  C:1EEEH         SYMBOL        L?0010
  C:1EEEH         SYMBOL        L?0011
  -------         PROC          COM0009
  -------         ENDPROC       COM0009
  -------         PROC          ENGINE_SPEED_SCAN_CONFIG
  C:1EA5H         LINE#         6
  C:1EA5H         LINE#         7
  C:1EA5H         LINE#         10
  C:1EABH         LINE#         11
  C:1EB1H         LINE#         12
  -------         ENDPROC       ENGINE_SPEED_SCAN_CONFIG
  -------         PROC          UPDATE_ENGINE_SPEED_SCAN_DATA
  C:1B4FH         LINE#         22
  C:1B4FH         LINE#         23
  C:1B4FH         LINE#         24
  C:1B64H         LINE#         25
  C:1B6EH         LINE#         26
  C:1B85H         LINE#         27
  C:1B8CH         LINE#         28
  -------         ENDPROC       UPDATE_ENGINE_SPEED_SCAN_DATA
  -------         PROC          ENGINE_SPEED_SCAN
  -------         DO            
  X:60BBH         SYMBOL        rpm
  -------         ENDDO         
  C:15DCH         LINE#         31
  C:15DCH         LINE#         32
BL51 BANKED LINKER/LOCATER V6.22.4.0                                                  12/05/2025  17:29:01  PAGE 33


  C:15DCH         LINE#         36
  C:15EFH         LINE#         38
  C:15EFH         LINE#         40
  C:15F2H         LINE#         41
  C:15F2H         LINE#         42
  C:15FCH         LINE#         43
  C:15FEH         LINE#         45
  C:15FEH         LINE#         60
  C:161AH         LINE#         61
  C:161AH         LINE#         65
  C:1624H         LINE#         66
  C:162EH         LINE#         67
  C:1630H         LINE#         70
  C:1643H         LINE#         71
  C:1643H         LINE#         72
  C:164DH         LINE#         73
  C:164DH         LINE#         83
  C:1659H         LINE#         84
  C:165BH         LINE#         88
  C:165BH         LINE#         89
  -------         ENDPROC       ENGINE_SPEED_SCAN
  -------         ENDMOD        ENGINE_SPEED_SCAN

  -------         MODULE        MILEAGE
  C:0000H         SYMBOL        _ICE_DUMMY_
  X:609FH         PUBLIC        distance
  X:60A3H         PUBLIC        mileage_save_time_cnt
  X:60A5H         PUBLIC        mileage_update_time_cnt
  C:0D05H         PUBLIC        mileage_scan
  C:1D08H         SYMBOL        Com000C
  C:1D08H         SYMBOL        L?0013
  C:1D08H         SYMBOL        L?0014
  C:1D19H         SYMBOL        L?0015
  C:1D19H         SYMBOL        L?0016
  C:1D29H         SYMBOL        L?0017
  C:1D31H         SYMBOL        L?0018
  -------         PROC          COM000C
  -------         ENDPROC       COM000C
  -------         PROC          MILEAGE_SCAN
  -------         DO            
  X:6093H         SYMBOL        old_total_mileage
  X:6097H         SYMBOL        old_subtotal_mileage
  X:609BH         SYMBOL        old_subtotal_mileage_2
  B:0022H.7       SYMBOL        flag_is_any_mileage_save
  -------         DO            
  X:6092H         SYMBOL        cnt
  -------         ENDDO         
  -------         ENDDO         
  C:0D05H         LINE#         11
  C:0D05H         LINE#         12
  C:0D05H         LINE#         25
  C:0D17H         LINE#         27
  C:0D17H         LINE#         28
  C:0D1AH         LINE#         29
  C:0D1CH         LINE#         30
  C:0D23H         LINE#         37
  C:0D23H         LINE#         39
BL51 BANKED LINKER/LOCATER V6.22.4.0                                                  12/05/2025  17:29:01  PAGE 34


  C:0D32H         LINE#         40
  C:0D32H         LINE#         42
  C:0D42H         LINE#         43
  C:0D42H         LINE#         44
  C:0D4EH         LINE#         45
  C:0D4EH         LINE#         47
  C:0D56H         LINE#         48
  C:0D56H         LINE#         49
  C:0D62H         LINE#         50
  C:0D62H         LINE#         52
  C:0D6AH         LINE#         53
  C:0D6AH         LINE#         54
  C:0D76H         LINE#         55
  C:0D76H         LINE#         57
  C:0D93H         LINE#         59
  C:0D93H         LINE#         61
  C:0D99H         LINE#         62
  C:0D9FH         LINE#         63
  C:0D9FH         LINE#         64
  C:0DA1H         LINE#         65
  C:0DA3H         LINE#         66
  C:0DA3H         LINE#         67
  C:0DA3H         LINE#         68
  C:0DA3H         LINE#         71
  C:0DB1H         LINE#         72
  C:0DB1H         LINE#         73
  C:0DBDH         LINE#         78
  C:0DBFH         LINE#         79
  C:0DBFH         LINE#         82
  C:0DCDH         LINE#         83
  C:0DCDH         LINE#         84
  C:0DD9H         LINE#         89
  C:0DDBH         LINE#         90
  C:0DDBH         LINE#         92
  C:0DE9H         LINE#         93
  C:0DE9H         LINE#         94
[...]
  C:0865H         LINE#         60
  C:0875H         LINE#         61
  C:0875H         LINE#         64
  C:0875H         LINE#         65
  C:08A7H         LINE#         66
  C:08A7H         LINE#         67
  C:08A7H         LINE#         68
  C:08A9H         LINE#         69
  C:08ACH         LINE#         71
  C:08ACH         LINE#         72
  C:08AEH         LINE#         73
  C:08B1H         LINE#         75
  C:08B1H         LINE#         76
  C:08B3H         LINE#         77
  C:08B6H         LINE#         79
  C:08B6H         LINE#         80
  C:08B8H         LINE#         81
  C:08BBH         LINE#         83
  C:08BBH         LINE#         84
  C:08BDH         LINE#         87
  C:08F2H         LINE#         88
  C:0903H         LINE#         89
  C:0916H         LINE#         91
  C:0927H         LINE#         92
  C:093AH         LINE#         93
  C:0950H         LINE#         115
  C:0952H         LINE#         117
  C:0952H         LINE#         118
BL51 BANKED LINKER/LOCATER V6.22.4.0                                                  12/05/2025  17:29:01  PAGE 36


  C:0954H         LINE#         119
  C:0956H         LINE#         121
  C:0956H         LINE#         122
  C:0958H         LINE#         124
  C:095AH         LINE#         126
  C:095AH         LINE#         127
  C:095CH         LINE#         128
  C:095CH         LINE#         129
  C:095CH         LINE#         131
  C:0965H         LINE#         132
  C:0965H         LINE#         133
  C:0968H         LINE#         134
  C:0968H         LINE#         136
  C:0978H         LINE#         137
  C:0984H         LINE#         138
  C:0990H         LINE#         139
  C:09B1H         LINE#         140
  C:09B1H         LINE#         141
  C:09B1H         LINE#         142
  C:09BAH         LINE#         143
  -------         ENDPROC       INSTRUCTION_SCAN
  C:0BE8H         SYMBOL        L?0034
  -------         PROC          INSTRUCTION_HANDLE
  C:0ADBH         LINE#         145
  C:0ADBH         LINE#         146
  C:0ADBH         LINE#         480
  C:0ADEH         LINE#         481
  C:0ADEH         LINE#         484
  C:0AE0H         LINE#         490
  C:0AE6H         LINE#         491
  C:0AE6H         LINE#         493
  C:0AE8H         LINE#         495
  C:0AECH         LINE#         496
  C:0AF1H         LINE#         497
  C:0AF6H         LINE#         498
  C:0AF6H         LINE#         499
  C:0AF9H         LINE#         500
  C:0AFEH         LINE#         502
  C:0B03H         LINE#         509
  C:0B06H         LINE#         511
  C:0B0BH         LINE#         516
  C:0B10H         LINE#         525
  C:0B10H         LINE#         526
  C:0B10H         LINE#         528
  C:0B13H         LINE#         529
  C:0B13H         LINE#         530
  C:0B15H         LINE#         536
  C:0B1AH         LINE#         538
  C:0B1AH         LINE#         540
  C:0B1DH         LINE#         541
  C:0B1DH         LINE#         543
  C:0B1FH         LINE#         548
  C:0B24H         LINE#         549
  C:0B24H         LINE#         551
  C:0B27H         LINE#         552
  C:0B27H         LINE#         554
  C:0B29H         LINE#         559
BL51 BANKED LINKER/LOCATER V6.22.4.0                                                  12/05/2025  17:29:01  PAGE 37


  C:0B2EH         LINE#         560
  C:0B2EH         LINE#         562
  C:0B31H         LINE#         563
  C:0B31H         LINE#         565
  C:0B33H         LINE#         570
  C:0B33H         LINE#         574
  C:0B36H         LINE#         575
  C:0B36H         LINE#         577
  C:0B39H         LINE#         578
  C:0B39H         LINE#         580
  C:0B3BH         LINE#         586
  C:0B40H         LINE#         587
  C:0B40H         LINE#         589
  C:0B43H         LINE#         590
  C:0B43H         LINE#         591
  C:0B45H         LINE#         592
  C:0B4AH         LINE#         595
  C:0B4FH         LINE#         596
  C:0B4FH         LINE#         598
  C:0B52H         LINE#         599
  C:0B52H         LINE#         600
  C:0B54H         LINE#         609
  C:0B54H         LINE#         611
  C:0B57H         LINE#         612
  C:0B57H         LINE#         614
  C:0B59H         LINE#         618
  C:0B5EH         LINE#         622
  C:0B5EH         LINE#         624
  C:0B61H         LINE#         625
  C:0B61H         LINE#         626
  C:0B63H         LINE#         631
  C:0B63H         LINE#         634
  C:0B66H         LINE#         635
  C:0B66H         LINE#         637
  C:0B68H         LINE#         650
  C:0B6EH         LINE#         651
  C:0B6EH         LINE#         655
  C:0B83H         LINE#         656
  C:0B89H         LINE#         658
  C:0B89H         LINE#         659
  C:0B89H         LINE#         662
  C:0B8CH         LINE#         663
  C:0B8CH         LINE#         665
  C:0B8EH         LINE#         670
  C:0B93H         LINE#         671
  C:0B93H         LINE#         673
  C:0B96H         LINE#         674
  C:0B96H         LINE#         676
  C:0B98H         LINE#         677
  C:0BA2H         LINE#         678
  C:0BACH         LINE#         679
  C:0BAFH         LINE#         683
  C:0BAFH         LINE#         685
  C:0BB2H         LINE#         686
  C:0BB2H         LINE#         688
  C:0BB4H         LINE#         689
  C:0BBEH         LINE#         690
BL51 BANKED LINKER/LOCATER V6.22.4.0                                                  12/05/2025  17:29:01  PAGE 38


  C:0BC8H         LINE#         691
  C:0BCBH         LINE#         695
  C:0BCBH         LINE#         697
  C:0BCEH         LINE#         698
  C:0BCEH         LINE#         699
  C:0BD0H         LINE#         700
  C:0BDAH         LINE#         701
  C:0BE4H         LINE#         702
  C:0BE7H         LINE#         703
  C:0BE7H         LINE#         704
  -------         ENDPROC       INSTRUCTION_HANDLE
  -------         ENDMOD        INSTRUCTION

  -------         MODULE        AD_KEY
  C:0000H         SYMBOL        _ICE_DUMMY_
  -------         ENDMOD        AD_KEY

  -------         MODULE        FUEL_CAPACITY
  C:0000H         SYMBOL        _ICE_DUMMY_
  X:603FH         PUBLIC        fuel_capacity_scan_cnt
  C:1421H         PUBLIC        fuel_capacity_scan
  X:6043H         SYMBOL        samples
  X:606BH         SYMBOL        sample_index
  C:17AEH         PUBLIC        _get_filtered_adc
  C:1E6BH         PUBLIC        _samples_init
  C:06D9H         PUBLIC        _convert_fuel_adc_to_percent
  C:197BH         SYMBOL        Com0026
  C:197BH         SYMBOL        L?0039
  C:1989H         SYMBOL        L?0040
  C:1991H         SYMBOL        L?0041
  C:1991H         SYMBOL        L?0042
  C:199AH         SYMBOL        L?0043
  C:199AH         SYMBOL        L?0044
  C:19A4H         SYMBOL        L?0045
  C:19A8H         SYMBOL        L?0046
  C:19B3H         SYMBOL        L?0048
  C:19B3H         SYMBOL        L?0049
  C:19BFH         SYMBOL        L?0051
  -------         PROC          COM0026
  -------         ENDPROC       COM0026
  -------         PROC          _GET_FILTERED_ADC
  D:0002H         SYMBOL        adc_val
  -------         DO            
  X:60BEH         SYMBOL        i
  X:60BFH         SYMBOL        sum
  -------         ENDDO         
  C:17AEH         LINE#         183
  C:17B2H         LINE#         184
  C:17B2H         LINE#         185
  C:17B7H         LINE#         186
  C:17BFH         LINE#         187
  C:17D3H         LINE#         188
  C:17DCH         LINE#         189
  C:17DEH         LINE#         191
  C:17E3H         LINE#         192
  C:180BH         LINE#         194
  -------         ENDPROC       _GET_FILTERED_ADC
BL51 BANKED LINKER/LOCATER V6.22.4.0                                                  12/05/2025  17:29:01  PAGE 39


  -------         PROC          _SAMPLES_INIT
  D:0006H         SYMBOL        adc_val
  -------         DO            
  D:0005H         SYMBOL        i
  -------         ENDDO         
  C:1E6BH         LINE#         198
  C:1E6BH         LINE#         199
  C:1E6BH         LINE#         200
  C:1E6DH         LINE#         201
  C:1E6DH         LINE#         202
  C:1E6DH         LINE#         203
  C:1E76H         LINE#         204
  C:1E7BH         LINE#         205
  -------         ENDPROC       _SAMPLES_INIT
  -------         PROC          _CONVERT_FUEL_ADC_TO_PERCENT
  X:60BEH         SYMBOL        fuel_adc_val
  -------         DO            
  D:0005H         SYMBOL        ret
  -------         ENDDO         
  C:06D9H         LINE#         208
  C:06E1H         LINE#         209
  C:06E1H         LINE#         243
  C:06E3H         LINE#         254
  C:06F6H         LINE#         255
  C:06F6H         LINE#         256
  C:06F8H         LINE#         257
  C:06FBH         LINE#         259
  C:06FBH         LINE#         260
  C:0704H         LINE#         261
  C:0704H         LINE#         262
  C:0706H         LINE#         263
  C:0709H         LINE#         264
  C:0712H         LINE#         265
  C:0712H         LINE#         266
  C:0714H         LINE#         267
  C:0717H         LINE#         268
  C:0728H         LINE#         269
  C:0728H         LINE#         274
  C:0735H         LINE#         275
  C:073CH         LINE#         276
  C:073FH         LINE#         277
  C:0752H         LINE#         278
  C:0752H         LINE#         279
  C:0760H         LINE#         280
  C:0767H         LINE#         281
  C:076FH         LINE#         282
  C:076FH         LINE#         283
  C:0771H         LINE#         284
  C:0771H         LINE#         285
  C:0774H         LINE#         286
  C:0787H         LINE#         287
  C:0787H         LINE#         288
  C:0798H         LINE#         289
  C:079FH         LINE#         290
  C:07A7H         LINE#         291
  C:07A7H         LINE#         292
  C:07A9H         LINE#         293
BL51 BANKED LINKER/LOCATER V6.22.4.0                                                  12/05/2025  17:29:01  PAGE 40


  C:07A9H         LINE#         294
  C:07ACH         LINE#         295
  C:07BFH         LINE#         296
  C:07BFH         LINE#         297
  C:07D0H         LINE#         298
  C:07D7H         LINE#         299
  C:07DCH         LINE#         300
  C:07DCH         LINE#         301
  C:07DEH         LINE#         302
  C:07DEH         LINE#         303
  C:07E1H         LINE#         304
  C:07F4H         LINE#         305
  C:07F4H         LINE#         306
  C:0809H         LINE#         307
  C:0810H         LINE#         308
  C:0815H         LINE#         309
  C:0815H         LINE#         310
  C:0817H         LINE#         311
  C:0817H         LINE#         312
  C:0819H         LINE#         313
  C:082CH         LINE#         314
  C:082CH         LINE#         315
  C:0841H         LINE#         316
  C:0848H         LINE#         317
  C:084DH         LINE#         318
  C:084DH         LINE#         319
  C:084FH         LINE#         320
  C:084FH         LINE#         321
  C:084FH         LINE#         322
  C:084FH         LINE#         331
  C:0851H         LINE#         333
  -------         ENDPROC       _CONVERT_FUEL_ADC_TO_PERCENT
  C:1498H         SYMBOL        L?0047
  C:14AEH         SYMBOL        L?0050
  -------         PROC          FUEL_CAPACITY_SCAN
  -------         DO            
  X:60BBH         SYMBOL        fuel_percent
  X:60BCH         SYMBOL        fuel_adc_val
  -------         DO            
  X:603EH         SYMBOL        status
  -------         ENDDO         
  -------         ENDDO         
  C:1421H         LINE#         341
  C:1421H         LINE#         342
  C:1421H         LINE#         343
  C:1426H         LINE#         344
  C:142AH         LINE#         346
  C:142FH         LINE#         347
  C:1432H         LINE#         348
  C:143DH         LINE#         360
  C:143DH         LINE#         362
  C:1443H         LINE#         363
  C:1443H         LINE#         364
  C:144DH         LINE#         365
  C:144DH         LINE#         366
  C:1457H         LINE#         368
  C:145AH         LINE#         369
BL51 BANKED LINKER/LOCATER V6.22.4.0                                                  12/05/2025  17:29:01  PAGE 41


  C:145DH         LINE#         370
  C:146DH         LINE#         372
  C:146DH         LINE#         375
  C:146DH         LINE#         377
  C:146DH         LINE#         378
  C:1470H         LINE#         380
  C:1475H         LINE#         381
  C:1475H         LINE#         382
  C:1475H         LINE#         383
  C:1475H         LINE#         385
  C:1482H         LINE#         386
  C:1482H         LINE#         388
  C:148CH         LINE#         392
  C:1494H         LINE#         395
  C:1494H         LINE#         397
  C:1494H         LINE#         398
  C:1497H         LINE#         399
  C:1497H         LINE#         400
  -------         ENDPROC       FUEL_CAPACITY_SCAN
  -------         ENDMOD        FUEL_CAPACITY

  -------         MODULE        TEMP_OF_WATER
  C:0000H         SYMBOL        _ICE_DUMMY_
  -------         ENDMOD        TEMP_OF_WATER

  -------         MODULE        BATTERY
  C:0000H         SYMBOL        _ICE_DUMMY_
  X:60F4H         PUBLIC        battery_scan_time_cnt
  C:12EBH         PUBLIC        battery_scan
  C:1E2BH         PUBLIC        _conver_adc_val_to_voltage
  C:1DBDH         PUBLIC        _conver_voltage_of_battery_to_percentage
  C:18D2H         SYMBOL        Com0009
  C:18D2H         SYMBOL        L?0010
  C:18F5H         SYMBOL        L?0011
  C:1910H         SYMBOL        L?0012
  -------         PROC          COM0009
  -------         ENDPROC       COM0009
  -------         PROC          _CONVER_ADC_VAL_TO_VOLTAGE
  D:0006H         SYMBOL        arg_adc_val
  C:1E2BH         LINE#         13
  C:1E2BH         LINE#         14
  C:1E2BH         LINE#         24
  -------         ENDPROC       _CONVER_ADC_VAL_TO_VOLTAGE
  -------         PROC          _CONVER_VOLTAGE_OF_BATTERY_TO_PERCENTAGE
  D:0007H         SYMBOL        voltage
  -------         DO            
  D:0006H         SYMBOL        tmp
  -------         ENDDO         
  C:1DBDH         LINE#         30
  C:1DBDH         LINE#         31
  C:1DBDH         LINE#         35
  C:1DC3H         LINE#         36
  C:1DC3H         LINE#         37
  C:1DC5H         LINE#         38
  C:1DC7H         LINE#         40
  C:1DC7H         LINE#         43
  C:1DD7H         LINE#         44
BL51 BANKED LINKER/LOCATER V6.22.4.0                                                  12/05/2025  17:29:01  PAGE 42


  C:1DD7H         LINE#         46
  C:1DD9H         LINE#         47
  -------         ENDPROC       _CONVER_VOLTAGE_OF_BATTERY_TO_PERCENTAGE
  -------         PROC          BATTERY_SCAN
  -------         DO            
  X:60BBH         SYMBOL        voltage_of_battery
  X:60BDH         SYMBOL        cur_percentage_of_battery
  X:60ECH         SYMBOL        battery_scan_cnt
  X:60F0H         SYMBOL        battery_val
  B:0023H.0       SYMBOL        flag_is_power_on_first
  -------         ENDDO         
  C:12EBH         LINE#         49
  C:12EBH         LINE#         50
  C:12EBH         LINE#         51
  C:12F2H         LINE#         52
  C:12F4H         LINE#         60
  C:12F9H         LINE#         61
  C:131EH         LINE#         62
  C:1337H         LINE#         64
  C:133AH         LINE#         65
  C:133AH         LINE#         67
  C:133AH         LINE#         68
  C:1340H         LINE#         69
  C:1340H         LINE#         70
  C:134AH         LINE#         71
  C:1354H         LINE#         72
  C:1354H         LINE#         74
  C:1354H         LINE#         75
  C:1354H         LINE#         80
  C:1354H         LINE#         81
  C:1357H         LINE#         83
  C:1359H         LINE#         84
  C:135AH         LINE#         86
  C:135AH         LINE#         89
  C:1369H         LINE#         90
  C:1369H         LINE#         91
  C:1369H         LINE#         92
  C:136FH         LINE#         93
  C:136FH         LINE#         94
  C:1379H         LINE#         95
  C:1383H         LINE#         96
  C:1383H         LINE#         98
  C:1383H         LINE#         99
  C:1383H         LINE#         104
  C:1383H         LINE#         105
  C:1386H         LINE#         106
  C:1386H         LINE#         107
  C:1386H         LINE#         136
  -------         ENDPROC       BATTERY_SCAN
  -------         ENDMOD        BATTERY

  -------         MODULE        TOUCH_KEY
  C:0000H         SYMBOL        _ICE_DUMMY_
  -------         ENDMOD        TOUCH_KEY

  -------         MODULE        ?C?COPY
  C:011EH         PUBLIC        ?C?COPY
BL51 BANKED LINKER/LOCATER V6.22.4.0                                                  12/05/2025  17:29:01  PAGE 43


  -------         ENDMOD        ?C?COPY

  -------         MODULE        ?C?CLDPTR
  C:0144H         PUBLIC        ?C?CLDPTR
  -------         ENDMOD        ?C?CLDPTR

  -------         MODULE        ?C?CSTPTR
  C:015DH         PUBLIC        ?C?CSTPTR
  -------         ENDMOD        ?C?CSTPTR

  -------         MODULE        ?C?IMUL
  C:016FH         PUBLIC        ?C?IMUL
  -------         ENDMOD        ?C?IMUL

  -------         MODULE        ?C?UIDIV
  C:0181H         PUBLIC        ?C?UIDIV
  -------         ENDMOD        ?C?UIDIV

  -------         MODULE        ?C?IILDX
  C:01D6H         PUBLIC        ?C?IILDX
  -------         ENDMOD        ?C?IILDX

  -------         MODULE        ?C?LADD
  C:01ECH         PUBLIC        ?C?LADD
  -------         ENDMOD        ?C?LADD

  -------         MODULE        ?C?LSUB
  C:01F9H         PUBLIC        ?C?LSUB
  -------         ENDMOD        ?C?LSUB

  -------         MODULE        ?C?LMUL
  C:0207H         PUBLIC        ?C?LMUL
  -------         ENDMOD        ?C?LMUL

  -------         MODULE        ?C?ULDIV
  C:0292H         PUBLIC        ?C?ULDIV
  -------         ENDMOD        ?C?ULDIV

  -------         MODULE        ?C?SLCMP
  C:0324H         PUBLIC        ?C?SLCMP
  -------         ENDMOD        ?C?SLCMP

  -------         MODULE        ?C?ULCMP
  C:033AH         PUBLIC        ?C?ULCMP
  -------         ENDMOD        ?C?ULCMP

  -------         MODULE        ?C?ULSHR
  C:034BH         PUBLIC        ?C?ULSHR
  -------         ENDMOD        ?C?ULSHR

  -------         MODULE        ?C?LSHL
  C:035EH         PUBLIC        ?C?LSHL
  -------         ENDMOD        ?C?LSHL

  -------         MODULE        ?C?LLDXDATA
  C:0371H         PUBLIC        ?C?LLDXDATA
  -------         ENDMOD        ?C?LLDXDATA
BL51 BANKED LINKER/LOCATER V6.22.4.0                                                  12/05/2025  17:29:01  PAGE 44



  -------         MODULE        ?C?LLDXDATA0
  C:037DH         PUBLIC        ?C?LLDXDATA0
  -------         ENDMOD        ?C?LLDXDATA0

  -------         MODULE        ?C?LSTXDATA
  C:0389H         PUBLIC        ?C?LSTXDATA
  -------         ENDMOD        ?C?LSTXDATA

  -------         MODULE        ?C?LSTKXDATA
  C:0395H         PUBLIC        ?C?LSTKXDATA
  -------         ENDMOD        ?C?LSTKXDATA

  -------         MODULE        ?C?OFFXADD
  C:03C6H         PUBLIC        ?C?OFFXADD
  -------         ENDMOD        ?C?OFFXADD

  -------         MODULE        ?C?PLDIXDATA
  C:03D2H         PUBLIC        ?C?PLDIXDATA
  -------         ENDMOD        ?C?PLDIXDATA

  -------         MODULE        ?C?PSTXDATA
  C:03E9H         PUBLIC        ?C?PSTXDATA
  -------         ENDMOD        ?C?PSTXDATA

  -------         MODULE        ?C?CCASE
  C:03F2H         PUBLIC        ?C?CCASE
  -------         ENDMOD        ?C?CCASE

  -------         MODULE        ?C?LIMUL
  C:0418H         PUBLIC        ?C?LIMUL
  -------         ENDMOD        ?C?LIMUL

  -------         MODULE        ?C?MEMSET
  C:0445H         PUBLIC        ?C?MEMSET
  -------         ENDMOD        ?C?MEMSET

Program Size: data=12.2 xdata=259 code=7922
LINK/LOCATE RUN COMPLETE.  0 WARNING(S),  0 ERROR(S)
