BL51 BANKED LINKER/LOCATER V6.22.4.0                                                    03/13/2026  08:55:20  PAGE 1


BL51 BANKED LINKER/LOCATER V6.22.4.0, INVOKED BY:
C:\KEIL_V5\C51\BIN\BL51.EXE .\Release\Objects\STARTUP.obj, .\Release\Objects\system.obj, ..\..\User\lib\tk_simplify_algo
>> rithm_V1.0.0.LIB, .\Release\Objects\tk_set.obj, .\Release\Objects\tmr1.obj, .\Release\Objects\tmr2.obj, .\Release\Obj
>> ects\uart0.obj, .\Release\Objects\adc.obj, .\Release\Objects\aip1302.obj, .\Release\Objects\key_driver.obj, .\Release
>> \Objects\iic_soft.obj, .\Release\Objects\user_flash.obj, .\Release\Objects\main.obj, .\Release\Objects\fun_info.obj, 
>> .\Release\Objects\send_data.obj, .\Release\Objects\pin_level_scan.obj, .\Release\Objects\speed_scan.obj, .\Release\Ob
>> jects\engine_speed_scan.obj, .\Release\Objects\mileage.obj, .\Release\Objects\instruction.obj, .\Release\Objects\ad_k
>> ey.obj, .\Release\Objects\fuel_capacity.obj, .\Release\Objects\temp_of_water.obj, .\Release\Objects\battery.obj, .\Re
>> lease\Objects\touch_key.obj TO .\Release\Objects\Project PRINT (.\Release\Listings\Project.m51) RAMSIZE (256) CODE (0
>> X0000-0X3EEF) XDATA (0X6000-0X66FF)


MEMORY MODEL: LARGE


INPUT MODULES INCLUDED:
  .\Release\Objects\STARTUP.obj (?C_STARTUP)
  .\Release\Objects\system.obj (SYSTEM)
  .\Release\Objects\tk_set.obj (TK_SET)
  .\Release\Objects\tmr1.obj (TMR1)
  .\Release\Objects\tmr2.obj (TMR2)
  .\Release\Objects\uart0.obj (UART0)
  .\Release\Objects\adc.obj (ADC)
  .\Release\Objects\aip1302.obj (AIP1302)
  .\Release\Objects\key_driver.obj (KEY_DRIVER)
  .\Release\Objects\iic_soft.obj (IIC_SOFT)
  .\Release\Objects\user_flash.obj (USER_FLASH)
  .\Release\Objects\main.obj (MAIN)
  .\Release\Objects\fun_info.obj (FUN_INFO)
  .\Release\Objects\send_data.obj (SEND_DATA)
  .\Release\Objects\pin_level_scan.obj (PIN_LEVEL_SCAN)
  .\Release\Objects\speed_scan.obj (SPEED_SCAN)
  .\Release\Objects\engine_speed_scan.obj (ENGINE_SPEED_SCAN)
  .\Release\Objects\mileage.obj (MILEAGE)
  .\Release\Objects\instruction.obj (INSTRUCTION)
  .\Release\Objects\ad_key.obj (AD_KEY)
  .\Release\Objects\fuel_capacity.obj (FUEL_CAPACITY)
  .\Release\Objects\temp_of_water.obj (TEMP_OF_WATER)
  .\Release\Objects\battery.obj (BATTERY)
  .\Release\Objects\touch_key.obj (TOUCH_KEY)
  C:\KEIL_V5\C51\LIB\C51L.LIB (?C_INIT)
  C:\KEIL_V5\C51\LIB\C51L.LIB (?C?COPY)
  C:\KEIL_V5\C51\LIB\C51L.LIB (?C?CLDPTR)
  C:\KEIL_V5\C51\LIB\C51L.LIB (?C?CSTPTR)
  C:\KEIL_V5\C51\LIB\C51L.LIB (?C?IMUL)
  C:\KEIL_V5\C51\LIB\C51L.LIB (?C?UIDIV)
  C:\KEIL_V5\C51\LIB\C51L.LIB (?C?IILDX)
  C:\KEIL_V5\C51\LIB\C51L.LIB (?C?LADD)
  C:\KEIL_V5\C51\LIB\C51L.LIB (?C?LSUB)
  C:\KEIL_V5\C51\LIB\C51L.LIB (?C?LMUL)
  C:\KEIL_V5\C51\LIB\C51L.LIB (?C?ULDIV)
  C:\KEIL_V5\C51\LIB\C51L.LIB (?C?LOR)
  C:\KEIL_V5\C51\LIB\C51L.LIB (?C?SLCMP)
  C:\KEIL_V5\C51\LIB\C51L.LIB (?C?ULCMP)
  C:\KEIL_V5\C51\LIB\C51L.LIB (?C?ULSHR)
  C:\KEIL_V5\C51\LIB\C51L.LIB (?C?LSHL)
  C:\KEIL_V5\C51\LIB\C51L.LIB (?C?LLDXDATA)
  C:\KEIL_V5\C51\LIB\C51L.LIB (?C?LLDXDATA0)
BL51 BANKED LINKER/LOCATER V6.22.4.0                                                  03/13/2026  08:55:20  PAGE 2


  C:\KEIL_V5\C51\LIB\C51L.LIB (?C?LSTXDATA)
  C:\KEIL_V5\C51\LIB\C51L.LIB (?C?LSTKXDATA)
  C:\KEIL_V5\C51\LIB\C51L.LIB (?C?OFFXADD)
  C:\KEIL_V5\C51\LIB\C51L.LIB (?C?PLDIXDATA)
  C:\KEIL_V5\C51\LIB\C51L.LIB (?C?PSTXDATA)
  C:\KEIL_V5\C51\LIB\C51L.LIB (?C?CCASE)
  C:\KEIL_V5\C51\LIB\C51L.LIB (?C?LIMUL)
  C:\KEIL_V5\C51\LIB\C51L.LIB (?C?MEMSET)


LINK MAP OF MODULE:  .\Release\Objects\Project (?C_STARTUP)


            TYPE    BASE      LENGTH    RELOCATION   SEGMENT NAME
            -----------------------------------------------------

            * * * * * * *   D A T A   M E M O R Y   * * * * * * *
            REG     0000H     0008H     ABSOLUTE     "REG BANK 0"
                    0008H     0018H                  *** GAP ***
            BIT     0020H.0   0002H.3   UNIT         ?BI?INSTRUCTION
            BIT     0022H.3   0000H.3   UNIT         ?BI?UART0
            BIT     0022H.6   0000H.2   UNIT         ?BI?TMR2
            BIT     0023H.0   0000H.2   UNIT         ?BI?MILEAGE
            BIT     0023H.2   0000H.1   UNIT         ?BI?SPEED_SCAN
            BIT     0023H.3   0000H.1   UNIT         ?BI?ENGINE_SPEED_SCAN
            BIT     0023H.4   0000H.1   UNIT         ?BI?BATTERY
            BIT     0023H.5   0000H.1   UNIT         _BIT_GROUP_
                    0023H.6   0000H.2                *** GAP ***
            IDATA   0024H     0001H     UNIT         ?STACK

            * * * * * * *  X D A T A   M E M O R Y  * * * * * * *
                    0000H     6000H                  *** GAP ***
            XDATA   6000H     003EH     UNIT         ?XD?UART0
            XDATA   603EH     002EH     UNIT         ?XD?FUEL_CAPACITY
            XDATA   606CH     0023H     UNIT         ?XD?FUN_INFO
            XDATA   608FH     0014H     UNIT         ?XD?SEND_DATA
            XDATA   60A3H     0011H     UNIT         ?XD?MILEAGE
            XDATA   60B4H     0010H     UNIT         ?XD?SPEED_SCAN
            XDATA   60C4H     000FH     UNIT         _XDATA_GROUP_
            XDATA   60D3H     000EH     UNIT         ?XD?ENGINE_SPEED_SCAN
            XDATA   60E1H     000AH     UNIT         ?XD?BATTERY
            XDATA   60EBH     0006H     UNIT         ?XD?INSTRUCTION
            XDATA   60F1H     0003H     UNIT         ?XD?TMR2
            XDATA   60F4H     0002H     UNIT         ?XD?ADC
            XDATA   60F6H     0002H     UNIT         ?XD?PIN_LEVEL_SCAN

            * * * * * * *   C O D E   M E M O R Y   * * * * * * *
            CODE    0000H     0003H     ABSOLUTE     
            CODE    0003H     000CH     ABSOLUTE     
            CODE    000FH     0011H     UNIT         ?PR?TMR2
                    0020H     0001H                  *** GAP ***
            CODE    0021H     0003H     ABSOLUTE     
            CODE    0024H     0003H     ABSOLUTE     
            CODE    0027H     0023H     UNIT         ?PR?ADC_SINGLE_CONVERT?ADC
                    004AH     0001H                  *** GAP ***
            CODE    004BH     0003H     ABSOLUTE     
            CODE    004EH     0430H     UNIT         ?C?LIB_CODE
BL51 BANKED LINKER/LOCATER V6.22.4.0                                                  03/13/2026  08:55:20  PAGE 3


            CODE    047EH     0311H     UNIT         ?PR?_SEND_DATA_PACKET?SEND_DATA
            CODE    078FH     0179H     UNIT         ?PR?_CONVERT_FUEL_ADC_TO_PERCENT?FUEL_CAPACITY
            CODE    0908H     0168H     UNIT         ?PR?INSTRUCTION_SCAN?INSTRUCTION
            CODE    0A70H     012CH     UNIT         ?PR?INSTRUCTION_HANDLE?INSTRUCTION
            CODE    0B9CH     0120H     UNIT         ?PR?UART0_IRQHANDLER?UART0
            CODE    0CBCH     0112H     UNIT         ?PR?UART0_SCAN_HANDLE?UART0
            CODE    0DCEH     00F6H     UNIT         ?PR?TIMR2_IRQHANDLER?TMR2
            CODE    0EC4H     00E9H     UNIT         ?PR?MILEAGE_SCAN?MILEAGE
            CODE    0FADH     00DCH     UNIT         ?PR?SYSTEM_INIT?SYSTEM
            CODE    1089H     00D4H     UNIT         ?PR?ADC_GETVAL?ADC
            CODE    115DH     00D0H     UNIT         ?PR?TIMR1_IRQHANDLER?TMR1
            CODE    122DH     00B5H     UNIT         ?PR?SPEED_SCAN?SPEED_SCAN
            CODE    12E2H     00AFH     UNIT         ?PR?_AIP1302_WRITE_BYTE?AIP1302
            CODE    1391H     00A9H     UNIT         ?PR?PIN_LEVEL_SCAN?PIN_LEVEL_SCAN
            CODE    143AH     009CH     UNIT         ?PR?BATTERY_SCAN?BATTERY
            CODE    14D6H     009AH     UNIT         ?C_C51STARTUP
            CODE    1570H     0099H     UNIT         ?PR?FUEL_CAPACITY_SCAN?FUEL_CAPACITY
            CODE    1609H     0092H     UNIT         ?PR?___AIP1302_READ_BYTE?AIP1302
            CODE    169BH     0090H     UNIT         ?PR?___AIP1302_WRITE_BYTE?AIP1302
            CODE    172BH     0080H     UNIT         ?PR?ENGINE_SPEED_SCAN?ENGINE_SPEED_SCAN
            CODE    17ABH     0071H     UNIT         ?C_INITSEG
            CODE    181CH     006EH     UNIT         ?PR?___AIP1302_CONVERT_READ_BYTE?AIP1302
            CODE    188AH     006CH     UNIT         ?PR?_GET_FILTERED_ADC?FUEL_CAPACITY
            CODE    18F6H     0068H     UNIT         ?PR?SEND_DATA
            CODE    195EH     0060H     UNIT         ?PR?AIP1302_IS_RUNNING?AIP1302
            CODE    19BEH     0058H     UNIT         ?PR?AIP1302_CONFIG?AIP1302
            CODE    1A16H     0056H     UNIT         ?PR?BATTERY
            CODE    1A6CH     0053H     UNIT         ?PR?UART0
            CODE    1ABFH     004DH     UNIT         ?PR?FUEL_CAPACITY
            CODE    1B0CH     0046H     UNIT         ?PR?AIP1302_READ_ALL?AIP1302
            CODE    1B52H     0045H     UNIT         ?PR?TMR2_CONFIG?TMR2
            CODE    1B97H     0040H     UNIT         ?PR?TMR1_CONFIG?TMR1
            CODE    1BD7H     003EH     UNIT         ?PR?MAIN?MAIN
            CODE    1C15H     003EH     UNIT         ?PR?UPDATE_ENGINE_SPEED_SCAN_DATA?ENGINE_SPEED_SCAN
            CODE    1C53H     003BH     UNIT         ?PR?PIN_LEVEL_SCAN_CONFIG?PIN_LEVEL_SCAN
            CODE    1C8EH     0039H     UNIT         ?PR?UPDATE_SPEED_SCAN_DATA?SPEED_SCAN
            CODE    1CC7H     0037H     UNIT         ?PR?_ADC_SEL_PIN?ADC
            CODE    1CFEH     0037H     UNIT         ?PR?_FLASH_PROGRAM?USER_FLASH
            CODE    1D35H     0034H     UNIT         ?PR?_FLASH_READ?USER_FLASH
            CODE    1D69H     0031H     UNIT         ?PR?USER_INIT?MAIN
            CODE    1D9AH     0031H     UNIT         ?PR?FUN_INFO_INIT?FUN_INFO
            CODE    1DCBH     002EH     UNIT         ?PR?AIP1302
            CODE    1DF9H     002CH     UNIT         ?PR?ADC_CONFIG?ADC
            CODE    1E25H     002BH     UNIT         ?PR?UART0_CONFIG?UART0
            CODE    1E50H     0028H     UNIT         ?PR?MILEAGE
            CODE    1E78H     001EH     UNIT         ?PR?AIP1302_UPDATE_TIME?AIP1302
            CODE    1E96H     001DH     UNIT         ?PR?_CONVER_VOLTAGE_OF_BATTERY_TO_PERCENTAGE?BATTERY
            CODE    1EB3H     001CH     UNIT         ?PR?FUN_INFO_SAVE?FUN_INFO
            CODE    1ECFH     001BH     UNIT         ?PR?_DELAY_MS?SYSTEM
            CODE    1EEAH     001AH     UNIT         ?PR?_REVERSE_U8?AIP1302
            CODE    1F04H     0019H     UNIT         ?PR?_CONVER_ADC_VAL_TO_VOLTAGE?BATTERY
            CODE    1F1DH     0016H     UNIT         ?PR?_AIP1302_READ_BYTE?AIP1302
            CODE    1F33H     0011H     UNIT         ?PR?_FLASH_ERASE_SECTOR?USER_FLASH
            CODE    1F44H     0011H     UNIT         ?PR?_SAMPLES_INIT?FUEL_CAPACITY
            CODE    1F55H     000FH     UNIT         ?PR?ADC
            CODE    1F64H     000DH     UNIT         ?PR?_UART0_SENDBYTE?UART0
            CODE    1F71H     000DH     UNIT         ?PR?SPEED_SCAN_CONFIG?SPEED_SCAN
BL51 BANKED LINKER/LOCATER V6.22.4.0                                                  03/13/2026  08:55:20  PAGE 4


            CODE    1F7EH     000DH     UNIT         ?PR?ENGINE_SPEED_SCAN_CONFIG?ENGINE_SPEED_SCAN
            CODE    1F8BH     000CH     UNIT         ?PR?SPEED_SCAN
            CODE    1F97H     000BH     UNIT         ?PR?_DELAY?SYSTEM
            CODE    1FA2H     000AH     UNIT         ?PR?UART0_RECEIVE_TIMEOUT_ENABLE?UART0
            CODE    1FACH     000AH     UNIT         ?PR?UART0_RECEIVE_TIMEOUT_DISABLE?UART0
            CODE    1FB6H     000AH     UNIT         ?PR?INSTRUCTION
            CODE    1FC0H     0007H     UNIT         ?PR?TMR1
            CODE    1FC7H     0006H     UNIT         ?PR?ENGINE_SPEED_SCAN



OVERLAY MAP OF MODULE:   .\Release\Objects\Project (?C_STARTUP)


SEGMENT                                             BIT_GROUP          XDATA_GROUP
  +--> CALLED SEGMENT                            START    LENGTH     START    LENGTH
------------------------------------------------------------------------------------
?C_C51STARTUP                                    -----    -----      -----    -----
  +--> ?PR?MAIN?MAIN
  +--> ?C_INITSEG

?PR?MAIN?MAIN                                    -----    -----      -----    -----
  +--> ?PR?SYSTEM_INIT?SYSTEM
  +--> ?PR?USER_INIT?MAIN
  +--> ?PR?_DELAY_MS?SYSTEM
  +--> ?PR?PIN_LEVEL_SCAN?PIN_LEVEL_SCAN
  +--> ?PR?SPEED_SCAN?SPEED_SCAN
  +--> ?PR?ENGINE_SPEED_SCAN?ENGINE_SPEED_SCAN
  +--> ?PR?MILEAGE_SCAN?MILEAGE
  +--> ?PR?FUEL_CAPACITY_SCAN?FUEL_CAPACITY
  +--> ?PR?BATTERY_SCAN?BATTERY
  +--> ?PR?UART0_SCAN_HANDLE?UART0
  +--> ?PR?INSTRUCTION_SCAN?INSTRUCTION
  +--> ?PR?INSTRUCTION_HANDLE?INSTRUCTION

?PR?SYSTEM_INIT?SYSTEM                           -----    -----      -----    -----
  +--> ?PR?_DELAY?SYSTEM
  +--> ?PR?_DELAY_MS?SYSTEM

?PR?_DELAY_MS?SYSTEM                             -----    -----      -----    -----
  +--> ?PR?_DELAY?SYSTEM

?PR?USER_INIT?MAIN                               -----    -----      -----    -----
  +--> ?PR?UART0_CONFIG?UART0
  +--> ?PR?PIN_LEVEL_SCAN_CONFIG?PIN_LEVEL_SCAN
  +--> ?PR?TMR1_CONFIG?TMR1
  +--> ?PR?SPEED_SCAN_CONFIG?SPEED_SCAN
  +--> ?PR?ENGINE_SPEED_SCAN_CONFIG?ENGINE_S...
  +--> ?PR?ADC_CONFIG?ADC
  +--> ?PR?AIP1302_CONFIG?AIP1302
  +--> ?PR?TMR2_CONFIG?TMR2
  +--> ?PR?FUN_INFO_INIT?FUN_INFO
  +--> ?PR?_DELAY_MS?SYSTEM

?PR?AIP1302_CONFIG?AIP1302                       -----    -----      -----    -----
  +--> ?PR?AIP1302
  +--> ?PR?AIP1302_IS_RUNNING?AIP1302
BL51 BANKED LINKER/LOCATER V6.22.4.0                                                  03/13/2026  08:55:20  PAGE 5


  +--> ?PR?_AIP1302_WRITE_BYTE?AIP1302
  +--> ?PR?AIP1302_READ_ALL?AIP1302

?PR?AIP1302_IS_RUNNING?AIP1302                   -----    -----      -----    -----
  +--> ?PR?AIP1302_READ_ALL?AIP1302

?PR?AIP1302_READ_ALL?AIP1302                     -----    -----      -----    -----
  +--> ?PR?_AIP1302_READ_BYTE?AIP1302

?PR?_AIP1302_READ_BYTE?AIP1302                   -----    -----      60C4H    0001H
  +--> ?PR?___AIP1302_READ_BYTE?AIP1302
  +--> ?PR?___AIP1302_CONVERT_READ_BYTE?AIP1302

?PR?___AIP1302_READ_BYTE?AIP1302                 -----    -----      60C5H    0003H
  +--> ?PR?AIP1302
  +--> ?PR?_DELAY?SYSTEM

?PR?___AIP1302_CONVERT_READ_BYTE?AIP1302         -----    -----      60C5H    0003H
  +--> ?PR?_REVERSE_U8?AIP1302

?PR?_AIP1302_WRITE_BYTE?AIP1302                  -----    -----      60CBH    0004H
  +--> ?PR?___AIP1302_WRITE_BYTE?AIP1302

?PR?___AIP1302_WRITE_BYTE?AIP1302                -----    -----      60CFH    0003H
  +--> ?PR?AIP1302
  +--> ?PR?_DELAY?SYSTEM

?PR?FUN_INFO_INIT?FUN_INFO                       -----    -----      60C4H    0009H
  +--> ?PR?_FLASH_READ?USER_FLASH

?PR?_FLASH_READ?USER_FLASH                       -----    -----      60CDH    0005H

?PR?SPEED_SCAN?SPEED_SCAN                        -----    -----      60C4H    0008H
  +--> ?PR?SPEED_SCAN

?PR?ENGINE_SPEED_SCAN?ENGINE_SPEED_SCAN          -----    -----      60C4H    0004H
  +--> ?PR?ENGINE_SPEED_SCAN

?PR?MILEAGE_SCAN?MILEAGE                         -----    -----      -----    -----
  +--> ?PR?FUN_INFO_SAVE?FUN_INFO
  +--> ?PR?MILEAGE

?PR?FUN_INFO_SAVE?FUN_INFO                       -----    -----      -----    -----
  +--> ?PR?_FLASH_ERASE_SECTOR?USER_FLASH
  +--> ?PR?_FLASH_PROGRAM?USER_FLASH

?PR?_FLASH_PROGRAM?USER_FLASH                    -----    -----      60C4H    0005H

?PR?FUEL_CAPACITY_SCAN?FUEL_CAPACITY             -----    -----      60C4H    0003H
  +--> ?PR?_ADC_SEL_PIN?ADC
  +--> ?PR?_GET_FILTERED_ADC?FUEL_CAPACITY
  +--> ?PR?FUEL_CAPACITY
  +--> ?PR?_SAMPLES_INIT?FUEL_CAPACITY
  +--> ?PR?_CONVERT_FUEL_ADC_TO_PERCENT?FUEL...
  +--> ?PR?ADC_GETVAL?ADC

?PR?_ADC_SEL_PIN?ADC                             -----    -----      -----    -----
BL51 BANKED LINKER/LOCATER V6.22.4.0                                                  03/13/2026  08:55:20  PAGE 6


  +--> ?PR?_DELAY_MS?SYSTEM

?PR?_GET_FILTERED_ADC?FUEL_CAPACITY              -----    -----      60C7H    0005H
  +--> ?PR?FUEL_CAPACITY

?PR?_SAMPLES_INIT?FUEL_CAPACITY                  -----    -----      -----    -----
  +--> ?PR?FUEL_CAPACITY

?PR?_CONVERT_FUEL_ADC_TO_PERCENT?FUEL...         -----    -----      60C7H    0002H
  +--> ?PR?FUEL_CAPACITY

?PR?ADC_GETVAL?ADC                               -----    -----      60C7H    000BH
  +--> ?PR?ADC_SINGLE_CONVERT?ADC
  +--> ?PR?ADC

?PR?BATTERY_SCAN?BATTERY                         -----    -----      60C4H    0003H
  +--> ?PR?_ADC_SEL_PIN?ADC
  +--> ?PR?ADC_GETVAL?ADC
  +--> ?PR?BATTERY
  +--> ?PR?_CONVER_ADC_VAL_TO_VOLTAGE?BATTERY

?PR?BATTERY                                      -----    -----      -----    -----
  +--> ?PR?_CONVER_VOLTAGE_OF_BATTERY_TO_PER...

?PR?UART0_SCAN_HANDLE?UART0                      0023H.5  0000H.1    60C4H    0003H
  +--> ?PR?UART0_RECEIVE_TIMEOUT_DISABLE?UART0
  +--> ?PR?UART0

?PR?INSTRUCTION_SCAN?INSTRUCTION                 -----    -----      60C4H    0001H
  +--> ?PR?INSTRUCTION

?PR?INSTRUCTION_HANDLE?INSTRUCTION               -----    -----      -----    -----
  +--> ?PR?_SEND_DATA_PACKET?SEND_DATA
  +--> ?PR?AIP1302_READ_ALL?AIP1302
  +--> ?PR?AIP1302_UPDATE_TIME?AIP1302
  +--> ?PR?FUN_INFO_SAVE?FUN_INFO

?PR?_SEND_DATA_PACKET?SEND_DATA                  -----    -----      60C4H    0007H
  +--> ?PR?SEND_DATA
  +--> ?PR?_UART0_SENDBYTE?UART0
  +--> ?PR?_DELAY_MS?SYSTEM

?PR?AIP1302_UPDATE_TIME?AIP1302                  -----    -----      60C4H    0007H
  +--> ?PR?_AIP1302_WRITE_BYTE?AIP1302

*** NEW ROOT ***************************************************

?PR?TIMR1_IRQHANDLER?TMR1                        -----    -----      -----    -----
  +--> ?PR?TMR1

*** NEW ROOT ***************************************************

?PR?TIMR2_IRQHANDLER?TMR2                        -----    -----      -----    -----
  +--> ?PR?TMR2
  +--> ?PR?UPDATE_ENGINE_SPEED_SCAN_DATA?ENG...
  +--> ?PR?UPDATE_SPEED_SCAN_DATA?SPEED_SCAN

BL51 BANKED LINKER/LOCATER V6.22.4.0                                                  03/13/2026  08:55:20  PAGE 7


?PR?UPDATE_ENGINE_SPEED_SCAN_DATA?ENG...         -----    -----      -----    -----
  +--> ?PR?ENGINE_SPEED_SCAN

?PR?UPDATE_SPEED_SCAN_DATA?SPEED_SCAN            -----    -----      -----    -----
  +--> ?PR?SPEED_SCAN

*** NEW ROOT ***************************************************

?PR?UART0_IRQHANDLER?UART0                       -----    -----      60D2H    0001H
  +--> ?PR?UART0
  +--> ?PR?UART0_RECEIVE_TIMEOUT_ENABLE?UART0
  +--> ?PR?UART0_RECEIVE_TIMEOUT_DISABLE?UART0



SYMBOL TABLE OF MODULE:  .\Release\Objects\Project (?C_STARTUP)

  VALUE           TYPE          NAME
  ----------------------------------

  -------         MODULE        ?C_STARTUP
  C:14D6H         SEGMENT       ?C_C51STARTUP
  I:0024H         SEGMENT       ?STACK
  C:0000H         PUBLIC        ?C_STARTUP
  D:00E0H         SYMBOL        ACC
  D:00F0H         SYMBOL        B
  D:0083H         SYMBOL        DPH
  D:0082H         SYMBOL        DPL
  N:0000H         SYMBOL        IBPSTACK
  N:0100H         SYMBOL        IBPSTACKTOP
  N:0080H         SYMBOL        IDATALEN
  C:14D9H         SYMBOL        IDATALOOP
  N:0000H         SYMBOL        PBPSTACK
  N:0100H         SYMBOL        PBPSTACKTOP
  N:0000H         SYMBOL        PDATALEN
  N:0000H         SYMBOL        PDATASTART
  N:0000H         SYMBOL        PPAGE
  N:0000H         SYMBOL        PPAGEENABLE
  D:00A0H         SYMBOL        PPAGE_SFR
  D:0081H         SYMBOL        SP
  C:14D6H         SYMBOL        STARTUP1
  N:0000H         SYMBOL        XBPSTACK
  N:0000H         SYMBOL        XBPSTACKTOP
  N:0700H         SYMBOL        XDATALEN
  C:14E4H         SYMBOL        XDATALOOP
  N:6000H         SYMBOL        XDATASTART
  C:0000H         LINE#         126
  C:14D6H         LINE#         133
  C:14D8H         LINE#         134
  C:14D9H         LINE#         135
  C:14DAH         LINE#         136
  C:14DCH         LINE#         140
  C:14DFH         LINE#         141
  C:14E1H         LINE#         145
  C:14E3H         LINE#         147
  C:14E4H         LINE#         148
  C:14E5H         LINE#         149
BL51 BANKED LINKER/LOCATER V6.22.4.0                                                  03/13/2026  08:55:20  PAGE 8


  C:14E6H         LINE#         150
  C:14E8H         LINE#         151
  C:14EAH         LINE#         185
  C:14EDH         LINE#         196
  -------         ENDMOD        ?C_STARTUP

  -------         MODULE        SYSTEM
  C:0000H         SYMBOL        _ICE_DUMMY_
  D:00D9H         PUBLIC        WDT_KEY
  D:00A7H         PUBLIC        FLASH_TIMEREG0
  D:00ACH         PUBLIC        FLASH_TIMEREG1
  C:1F97H         PUBLIC        _delay
  C:1ECFH         PUBLIC        _delay_ms
  C:0FADH         PUBLIC        system_init
  -------         PROC          _DELAY
  D:0006H         SYMBOL        cnt
  C:1F97H         LINE#         37
  C:1F97H         LINE#         38
  C:1F97H         LINE#         39
  C:1FA1H         LINE#         40
  C:1FA1H         LINE#         41
  C:1FA1H         LINE#         42
  -------         ENDPROC       _DELAY
  -------         PROC          _DELAY_MS
  D:0002H         SYMBOL        ms
  C:1ECFH         LINE#         49
  C:1ED3H         LINE#         50
  C:1ED3H         LINE#         51
  C:1EDDH         LINE#         52
  C:1EDDH         LINE#         53
  C:1EE4H         LINE#         54
  C:1EE7H         LINE#         55
  C:1EE9H         LINE#         56
  -------         ENDPROC       _DELAY_MS
  -------         PROC          SYSTEM_INIT
  -------         DO            
  D:0007H         SYMBOL        i
  -------         ENDDO         
  C:0FADH         LINE#         63
  C:0FADH         LINE#         64
  C:0FADH         LINE#         67
  C:0FB4H         LINE#         68
  C:0FC1H         LINE#         69
  C:0FC4H         LINE#         72
  C:0FC7H         LINE#         73
  C:0FCDH         LINE#         74
  C:0FD3H         LINE#         75
  C:0FD9H         LINE#         76
  C:0FDFH         LINE#         77
  C:0FE6H         LINE#         81
  C:0FE8H         LINE#         82
  C:0FE8H         LINE#         83
  C:0FF5H         LINE#         84
  C:0FFAH         LINE#         86
  C:1088H         LINE#         87
  -------         ENDPROC       SYSTEM_INIT
  -------         ENDMOD        SYSTEM
BL51 BANKED LINKER/LOCATER V6.22.4.0                                                  03/13/2026  08:55:20  PAGE 9



  -------         MODULE        TK_SET
  C:0000H         SYMBOL        _ICE_DUMMY_
  -------         ENDMOD        TK_SET

  -------         MODULE        TMR1
  C:0000H         SYMBOL        _ICE_DUMMY_
  D:00A8H         PUBLIC        IE0
  D:00A9H         PUBLIC        IE1
  D:00AAH         PUBLIC        IE2
  D:00ABH         PUBLIC        IE3
  B:00A8H.7       PUBLIC        IE_EA
  D:00B8H         PUBLIC        IP0
  D:00B1H         PUBLIC        IP1
  D:00B2H         PUBLIC        IP2
  D:00B3H         PUBLIC        IP3
  D:00B4H         PUBLIC        IP4
  D:00B5H         PUBLIC        IP5
  D:00B6H         PUBLIC        IP6
  D:00B7H         PUBLIC        IP7
  D:00D1H         PUBLIC        TMR_ALLCON
  C:1B97H         PUBLIC        tmr1_config
  C:115DH         PUBLIC        TIMR1_IRQHandler
  C:1FC0H         SYMBOL        Com0046
  C:1FC0H         SYMBOL        L?0071
  C:1FC0H         SYMBOL        L?0072
  -------         PROC          COM0046
  -------         ENDPROC       COM0046
  -------         PROC          TMR1_CONFIG
  C:1B97H         LINE#         15
  C:1B97H         LINE#         16
  C:1B97H         LINE#         17
  C:1B9DH         LINE#         18
  C:1BA0H         LINE#         19
  C:1BA2H         LINE#         21
  C:1BA5H         LINE#         23
  C:1BABH         LINE#         24
  C:1BAFH         LINE#         25
  C:1BB3H         LINE#         26
  C:1BB7H         LINE#         28
  C:1BBCH         LINE#         29
  C:1BC0H         LINE#         32
  C:1BC5H         LINE#         33
  C:1BC9H         LINE#         39
  C:1BCFH         LINE#         40
  C:1BD3H         LINE#         42
  C:1BD6H         LINE#         44
  -------         ENDPROC       TMR1_CONFIG
  -------         PROC          TIMR1_IRQHANDLER
  C:115DH         LINE#         47
  C:117AH         LINE#         50
  C:117AH         LINE#         55
  C:1183H         LINE#         56
  C:1183H         LINE#         57
  C:1187H         LINE#         60
  C:118AH         LINE#         61
  C:118AH         LINE#         62
BL51 BANKED LINKER/LOCATER V6.22.4.0                                                  03/13/2026  08:55:20  PAGE 10


  C:1190H         LINE#         63
  C:1190H         LINE#         82
  C:1190H         LINE#         83
  C:1196H         LINE#         84
  C:1196H         LINE#         88
  C:11ADH         LINE#         89
  C:11ADH         LINE#         90
  C:11B3H         LINE#         92
  C:11B3H         LINE#         96
  C:11B3H         LINE#         97
  C:11CCH         LINE#         99
  C:11CCH         LINE#         103
  C:11CCH         LINE#         104
  C:11D2H         LINE#         106
  C:11E1H         LINE#         107
  C:11E1H         LINE#         109
  C:11E5H         LINE#         110
  C:11E9H         LINE#         111
  C:11E9H         LINE#         112
  C:11E9H         LINE#         130
  C:11E9H         LINE#         132
  C:11EFH         LINE#         134
  C:11FEH         LINE#         135
  C:11FEH         LINE#         137
  C:1202H         LINE#         138
  C:1206H         LINE#         139
  C:1206H         LINE#         140
  C:1206H         LINE#         143
  C:1206H         LINE#         144
  C:120CH         LINE#         145
  C:120CH         LINE#         149
  C:120CH         LINE#         150
  C:1212H         LINE#         151
  C:1212H         LINE#         156
  C:1212H         LINE#         160
  C:1212H         LINE#         161
  -------         ENDPROC       TIMR1_IRQHANDLER
  -------         ENDMOD        TMR1

  -------         MODULE        TMR2
  C:0000H         SYMBOL        _ICE_DUMMY_
  D:00A8H         PUBLIC        IE0
  D:00A9H         PUBLIC        IE1
  D:00AAH         PUBLIC        IE2
  D:00ABH         PUBLIC        IE3
  B:00A8H.7       PUBLIC        IE_EA
  D:00B8H         PUBLIC        IP0
  D:00B1H         PUBLIC        IP1
  D:00B2H         PUBLIC        IP2
  D:00B3H         PUBLIC        IP3
  D:00B4H         PUBLIC        IP4
  D:00B5H         PUBLIC        IP5
  D:00B6H         PUBLIC        IP6
  D:00B7H         PUBLIC        IP7
  B:0080H.2       PUBLIC        P02
  B:0090H.5       PUBLIC        P15
  D:00D1H         PUBLIC        TMR_ALLCON
BL51 BANKED LINKER/LOCATER V6.22.4.0                                                  03/13/2026  08:55:20  PAGE 11


  C:1B52H         PUBLIC        tmr2_config
  C:0DCEH         PUBLIC        TIMR2_IRQHandler
  C:000FH         SYMBOL        Com004C
  C:000FH         SYMBOL        L?0077
  C:000FH         SYMBOL        L?0078
  -------         PROC          COM004C
  -------         ENDPROC       COM004C
  -------         PROC          TMR2_CONFIG
  C:1B52H         LINE#         14
  C:1B52H         LINE#         15
  C:1B52H         LINE#         16
  C:1B58H         LINE#         17
  C:1B5BH         LINE#         18
  C:1B5DH         LINE#         21
  C:1B60H         LINE#         23
  C:1B67H         LINE#         24
  C:1B69H         LINE#         25
  C:1B6DH         LINE#         26
  C:1B71H         LINE#         29
  C:1B77H         LINE#         30
  C:1B7DH         LINE#         34
  C:1B84H         LINE#         35
  C:1B88H         LINE#         37
  C:1B8FH         LINE#         38
  C:1B93H         LINE#         40
  C:1B96H         LINE#         41
  -------         ENDPROC       TMR2_CONFIG
  -------         PROC          TIMR2_IRQHANDLER
  -------         DO            
  B:0022H.6       SYMBOL        last_engine_speed_scan_level
  B:0022H.7       SYMBOL        last_speed_scan_level
  -------         DO            
  X:60F1H         SYMBOL        cnt
  X:60F2H         SYMBOL        cnt
  -------         ENDDO         
  -------         DO            
  X:60F2H         SYMBOL        cnt
  -------         ENDDO         
  -------         ENDDO         
  C:0DCEH         LINE#         77
  C:0DEBH         LINE#         93
  C:0DEBH         LINE#         98
  C:0DF5H         LINE#         99
  C:0DF5H         LINE#         100
  C:0DF9H         LINE#         104
  C:0DF9H         LINE#         106
  C:0DFFH         LINE#         107
  C:0E05H         LINE#         108
  C:0E05H         LINE#         109
  C:0E07H         LINE#         110
  C:0E10H         LINE#         112
  C:0E22H         LINE#         114
  C:0E22H         LINE#         115
  C:0E26H         LINE#         116
  C:0E28H         LINE#         117
  C:0E28H         LINE#         118
  C:0E28H         LINE#         119
BL51 BANKED LINKER/LOCATER V6.22.4.0                                                  03/13/2026  08:55:20  PAGE 12


  C:0E28H         LINE#         121
  C:0E2BH         LINE#         122
  C:0E2BH         LINE#         123
  C:0E2EH         LINE#         124
  C:0E2EH         LINE#         130
  C:0E3AH         LINE#         131
  C:0E3DH         LINE#         132
  C:0E3DH         LINE#         134
  C:0E3FH         LINE#         135
  C:0E41H         LINE#         137
  C:0E41H         LINE#         139
  C:0E43H         LINE#         140
  C:0E43H         LINE#         145
  C:0E43H         LINE#         147
  C:0E4DH         LINE#         148
  C:0E5CH         LINE#         149
  C:0E5CH         LINE#         150
  C:0E60H         LINE#         151
  C:0E6CH         LINE#         154
  C:0E82H         LINE#         156
  C:0E82H         LINE#         157
  C:0E8CH         LINE#         158
  C:0E8EH         LINE#         159
  C:0E8EH         LINE#         160
  C:0E8EH         LINE#         161
  C:0E8EH         LINE#         163
  C:0E91H         LINE#         164
  C:0E91H         LINE#         165
  C:0E94H         LINE#         166
  C:0E94H         LINE#         175
  C:0EA0H         LINE#         176
  C:0EA3H         LINE#         177
  C:0EA3H         LINE#         179
  C:0EA5H         LINE#         180
  C:0EA7H         LINE#         182
  C:0EA7H         LINE#         184
  C:0EA9H         LINE#         185
  C:0EA9H         LINE#         187
  C:0EA9H         LINE#         191
  C:0EA9H         LINE#         192
  -------         ENDPROC       TIMR2_IRQHANDLER
  -------         ENDMOD        TMR2

  -------         MODULE        UART0
  C:0000H         SYMBOL        _ICE_DUMMY_
  D:00A8H         PUBLIC        IE0
  D:00A9H         PUBLIC        IE1
  D:00AAH         PUBLIC        IE2
  D:00ABH         PUBLIC        IE3
  B:00A8H.7       PUBLIC        IE_EA
  D:00B8H         PUBLIC        IP0
  D:00B1H         PUBLIC        IP1
  D:00B2H         PUBLIC        IP2
  D:00B3H         PUBLIC        IP3
  D:00B4H         PUBLIC        IP4
  D:00B5H         PUBLIC        IP5
  D:00B6H         PUBLIC        IP6
BL51 BANKED LINKER/LOCATER V6.22.4.0                                                  03/13/2026  08:55:20  PAGE 13


  D:00B7H         PUBLIC        IP7
  D:00D2H         PUBLIC        UART0_CON0
  D:00D4H         PUBLIC        UART0_STA
  D:00D5H         PUBLIC        UART0_BAUD0
  D:00D6H         PUBLIC        UART0_BAUD1
  D:00D7H         PUBLIC        UART0_DATA
  X:6000H         PUBLIC        uart0_recv_buf
  X:602DH         PUBLIC        uart0_recv_len
  X:6030H         PUBLIC        recved_flagbuf
  X:6033H         PUBLIC        recv_frame_cnt
  X:6034H         PUBLIC        flagbuf_valid_instruction
  B:0022H.3       PUBLIC        flag_is_uart0_receive_timeout
  B:0022H.4       PUBLIC        flag_is_uart0_receive_timeout_enable
  X:6037H         PUBLIC        uart0_receive_timeout_cnt
  C:1E25H         PUBLIC        uart0_config
  C:1F64H         PUBLIC        _uart0_sendbyte
  C:0CBCH         PUBLIC        uart0_scan_handle
  B:0022H.5       SYMBOL        flag_is_recving_data
  X:6038H         SYMBOL        frame_len
  X:6039H         SYMBOL        cur_recv_len
  X:603AH         SYMBOL        blank_index
  C:1FA2H         SYMBOL        uart0_receive_timeout_enable
  C:1FACH         SYMBOL        uart0_receive_timeout_disable
  C:0B9CH         PUBLIC        UART0_IRQHandler
  C:1A6CH         SYMBOL        Com005B
  C:1A6CH         SYMBOL        L?0092
  C:1A75H         SYMBOL        L?0093
  C:1A7DH         SYMBOL        L?0094
  C:1A84H         SYMBOL        L?0095
  C:1A8CH         SYMBOL        L?0096
  C:1A9EH         SYMBOL        L?0097
  C:1AA1H         SYMBOL        L?0098
  C:1AA9H         SYMBOL        L?0099
  C:1AB5H         SYMBOL        L?0100
  -------         PROC          COM005B
  -------         ENDPROC       COM005B
  -------         PROC          UART0_RECEIVE_TIMEOUT_ENABLE
  C:1FA2H         LINE#         46
  C:1FA2H         LINE#         47
  C:1FA2H         LINE#         48
  C:1FA7H         LINE#         49
  C:1FA9H         LINE#         50
  C:1FABH         LINE#         51
  -------         ENDPROC       UART0_RECEIVE_TIMEOUT_ENABLE
  -------         PROC          UART0_RECEIVE_TIMEOUT_DISABLE
  C:1FACH         LINE#         53
  C:1FACH         LINE#         54
  C:1FACH         LINE#         55
  C:1FAEH         LINE#         56
  C:1FB3H         LINE#         57
  C:1FB5H         LINE#         58
  -------         ENDPROC       UART0_RECEIVE_TIMEOUT_DISABLE
  -------         PROC          UART0_CONFIG
  C:1E25H         LINE#         62
  C:1E25H         LINE#         63
  C:1E25H         LINE#         66
  C:1E2BH         LINE#         67
BL51 BANKED LINKER/LOCATER V6.22.4.0                                                  03/13/2026  08:55:20  PAGE 14


  C:1E2FH         LINE#         68
  C:1E33H         LINE#         69
  C:1E3AH         LINE#         70
  C:1E41H         LINE#         89
  C:1E44H         LINE#         90
  C:1E46H         LINE#         92
  C:1E49H         LINE#         93
  C:1E4CH         LINE#         94
  C:1E4FH         LINE#         97
  -------         ENDPROC       UART0_CONFIG
  -------         PROC          UART0_IRQHANDLER
  -------         DO            
  X:60D2H         SYMBOL        uart0_tmp_val
  -------         ENDDO         
  C:0B9CH         LINE#         100
  C:0BB9H         LINE#         102
  C:0BBEH         LINE#         105
  C:0BBEH         LINE#         110
  C:0BC6H         LINE#         111
  C:0BC6H         LINE#         113
  C:0BC9H         LINE#         115
  C:0BD9H         LINE#         117
  C:0BD9H         LINE#         124
  C:0BD9H         LINE#         126
  C:0BDCH         LINE#         128
  C:0BDCH         LINE#         131
  C:0BE3H         LINE#         132
  C:0BE3H         LINE#         135
  C:0BE5H         LINE#         136
  C:0BE5H         LINE#         137
  C:0BE8H         LINE#         142
  C:0BEBH         LINE#         143
  C:0BEBH         LINE#         145
  C:0BF2H         LINE#         146
  C:0BF2H         LINE#         148
  C:0BFAH         LINE#         151
  C:0BFAH         LINE#         154
  C:0C03H         LINE#         155
  C:0C03H         LINE#         157
  C:0C35H         LINE#         161
  C:0C3AH         LINE#         163
  C:0C45H         LINE#         165
  C:0C45H         LINE#         167
  C:0C58H         LINE#         169
  C:0C5AH         LINE#         170
  C:0C5AH         LINE#         171
  C:0C5DH         LINE#         173
  C:0C63H         LINE#         174
  C:0C69H         LINE#         176
  C:0C82H         LINE#         177
  C:0C94H         LINE#         178
  C:0C94H         LINE#         179
  C:0C9EH         LINE#         180
  C:0C9EH         LINE#         205
  C:0C9EH         LINE#         209
  C:0CA1H         LINE#         210
  C:0CA1H         LINE#         212
BL51 BANKED LINKER/LOCATER V6.22.4.0                                                  03/13/2026  08:55:20  PAGE 15


  C:0CA1H         LINE#         213
  C:0CA1H         LINE#         214
  C:0CA1H         LINE#         219
  C:0CA1H         LINE#         223
  C:0CA1H         LINE#         224
  -------         ENDPROC       UART0_IRQHANDLER
  -------         PROC          _UART0_SENDBYTE
  D:0007H         SYMBOL        senddata
  C:1F64H         LINE#         227
  C:1F64H         LINE#         228
  C:1F64H         LINE#         229
  C:1F69H         LINE#         231
  C:1F6BH         LINE#         232
  C:1F70H         LINE#         234
  -------         ENDPROC       _UART0_SENDBYTE
  -------         PROC          UART0_SCAN_HANDLE
  -------         DO            
  X:60C4H         SYMBOL        i
  X:60C5H         SYMBOL        checksum
  B:0023H.5       SYMBOL        __flag_is_crc_or_len_err
  -------         DO            
  X:60C6H         SYMBOL        __loop_crc_cnt
  -------         ENDDO         
  -------         ENDDO         
  C:0CBCH         LINE#         250
  C:0CBCH         LINE#         251
  C:0CBCH         LINE#         252
  C:0CC1H         LINE#         253
  C:0CC3H         LINE#         254
  C:0CC5H         LINE#         299
  C:0CCEH         LINE#         300
  C:0CCEH         LINE#         304
  C:0CD1H         LINE#         307
  C:0CD6H         LINE#         308
  C:0CDAH         LINE#         309
  C:0CDDH         LINE#         312
  C:0CDDH         LINE#         316
  C:0CEFH         LINE#         317
  C:0CEFH         LINE#         318
  C:0CFBH         LINE#         319
  C:0CFBH         LINE#         323
  C:0D18H         LINE#         324
  C:0D18H         LINE#         331
  C:0D21H         LINE#         332
  C:0D21H         LINE#         333
  C:0D32H         LINE#         336
  C:0D32H         LINE#         338
  C:0D32H         LINE#         339
  C:0D37H         LINE#         340
  C:0D3BH         LINE#         341
  C:0D4CH         LINE#         342
  C:0D4CH         LINE#         343
  C:0D68H         LINE#         344
  C:0D6EH         LINE#         347
  C:0D73H         LINE#         348
  C:0D92H         LINE#         349
  C:0D92H         LINE#         351
BL51 BANKED LINKER/LOCATER V6.22.4.0                                                  03/13/2026  08:55:20  PAGE 16


  C:0D94H         LINE#         352
  C:0D94H         LINE#         353
  C:0D94H         LINE#         355
  C:0D97H         LINE#         356
  C:0D97H         LINE#         377
  C:0D99H         LINE#         378
  C:0DA3H         LINE#         379
  C:0DA3H         LINE#         380
  C:0DB4H         LINE#         381
  C:0DB4H         LINE#         384
  C:0DC4H         LINE#         385
  C:0DC4H         LINE#         386
  C:0DCDH         LINE#         387
  -------         ENDPROC       UART0_SCAN_HANDLE
  -------         ENDMOD        UART0

  -------         MODULE        ADC
  C:0000H         SYMBOL        _ICE_DUMMY_
  D:0091H         PUBLIC        ADC_CFG2
  D:0093H         PUBLIC        ADC_DATAH0
  D:0094H         PUBLIC        ADC_DATAL0
  D:0099H         PUBLIC        ADC_CHS0
  D:009EH         PUBLIC        ADC_TRGS0
  X:60F4H         PUBLIC        adc_val
  C:1DF9H         PUBLIC        adc_config
  C:1CC7H         PUBLIC        _adc_sel_pin
  C:0027H         PUBLIC        adc_single_convert
  C:1089H         PUBLIC        adc_getval
  C:1F55H         SYMBOL        Com0010
  C:1F55H         SYMBOL        L?0017
  C:1F5EH         SYMBOL        L?0018
  -------         PROC          COM0010
  -------         ENDPROC       COM0010
  -------         PROC          ADC_CONFIG
  C:1DF9H         LINE#         9
  C:1DF9H         LINE#         10
  C:1DF9H         LINE#         13
  C:1DFFH         LINE#         23
  C:1E04H         LINE#         31
  C:1E0AH         LINE#         32
  C:1E0DH         LINE#         39
  C:1E14H         LINE#         40
  C:1E18H         LINE#         41
  C:1E1EH         LINE#         45
  C:1E21H         LINE#         46
  C:1E24H         LINE#         47
  -------         ENDPROC       ADC_CONFIG
  -------         PROC          _ADC_SEL_PIN
  D:0007H         SYMBOL        adc_pin
  C:1CC7H         LINE#         51
  C:1CC7H         LINE#         52
  C:1CC7H         LINE#         53
  C:1CCAH         LINE#         55
  C:1CD3H         LINE#         56
  C:1CD3H         LINE#         58
  C:1CD3H         LINE#         59
  C:1CDAH         LINE#         60
BL51 BANKED LINKER/LOCATER V6.22.4.0                                                  03/13/2026  08:55:20  PAGE 17


  C:1CDEH         LINE#         61
  C:1CE1H         LINE#         62
  C:1CE3H         LINE#         76
  C:1CE3H         LINE#         81
  C:1CEAH         LINE#         83
  C:1CEEH         LINE#         84
  C:1CF1H         LINE#         85
  C:1CF1H         LINE#         95
  C:1CF1H         LINE#         97
  C:1CF7H         LINE#         100
  -------         ENDPROC       _ADC_SEL_PIN
  -------         PROC          ADC_SINGLE_CONVERT
  C:0027H         LINE#         104
  C:0027H         LINE#         105
  C:0027H         LINE#         106
  C:002DH         LINE#         107
  C:0033H         LINE#         109
  C:0036H         LINE#         110
  C:0049H         LINE#         111
  -------         ENDPROC       ADC_SINGLE_CONVERT
  -------         PROC          ADC_GETVAL
  -------         DO            
  X:60C7H         SYMBOL        adc_val_tmp
  X:60C9H         SYMBOL        adc_val_sum
  X:60CDH         SYMBOL        get_adcmax
  X:60CFH         SYMBOL        get_adcmin
  X:60D1H         SYMBOL        i
  -------         ENDDO         
  C:1089H         LINE#         114
  C:1089H         LINE#         115
  C:1089H         LINE#         116
  C:1090H         LINE#         117
  C:1098H         LINE#         118
  C:109FH         LINE#         119
  C:10A5H         LINE#         120
  C:10A8H         LINE#         122
  C:10A9H         LINE#         123
  C:10A9H         LINE#         124
  C:10B4H         LINE#         125
  C:10BDH         LINE#         126
  C:10BDH         LINE#         127
  C:10D3H         LINE#         128
  C:10DBH         LINE#         129
  C:10EAH         LINE#         130
  C:10F9H         LINE#         131
  C:1111H         LINE#         132
  C:111DH         LINE#         134
  C:1135H         LINE#         135
  C:114CH         LINE#         136
  C:115CH         LINE#         138
  C:115CH         LINE#         139
  -------         ENDPROC       ADC_GETVAL
  -------         ENDMOD        ADC

  -------         MODULE        AIP1302
  C:0000H         SYMBOL        _ICE_DUMMY_
  B:0090H.6       PUBLIC        P16
BL51 BANKED LINKER/LOCATER V6.22.4.0                                                  03/13/2026  08:55:20  PAGE 18


  B:0090H.7       PUBLIC        P17
  B:00A0H.4       PUBLIC        P24
  C:1609H         PUBLIC        ___aip1302_read_byte
  C:195EH         PUBLIC        aip1302_is_running
  C:19BEH         PUBLIC        aip1302_config
  C:1F1DH         PUBLIC        _aip1302_read_byte
  C:12E2H         PUBLIC        _aip1302_write_byte
  C:1E78H         PUBLIC        aip1302_update_time
  C:1B0CH         PUBLIC        aip1302_read_all
  C:1EEAH         SYMBOL        _reverse_u8
  C:181CH         SYMBOL        ___aip1302_convert_read_byte
  C:169BH         SYMBOL        ___aip1302_write_byte
  C:1DCBH         SYMBOL        Com0044
  C:1DCBH         SYMBOL        L?0069
  C:1DCDH         SYMBOL        L?0070
  C:1DDDH         SYMBOL        L?0074
  C:1DE8H         SYMBOL        L?0075
  C:1DF2H         SYMBOL        L?0076
  -------         PROC          COM0044
  -------         ENDPROC       COM0044
  -------         PROC          AIP1302_CONFIG
  -------         DO            
  D:0007H         SYMBOL        ret
  -------         ENDDO         
  C:19BEH         LINE#         8
  C:19BEH         LINE#         9
  C:19BEH         LINE#         10
  C:19C0H         LINE#         14
  C:19C6H         LINE#         15
  C:19CAH         LINE#         16
  C:19CFH         LINE#         18
  C:19D3H         LINE#         19
  C:19D7H         LINE#         20
  C:19DCH         LINE#         22
  C:19DCH         LINE#         23
  C:19DCH         LINE#         24
  C:19DFH         LINE#         26
  C:19E1H         LINE#         27
  C:19E3H         LINE#         33
  C:19E6H         LINE#         34
  C:19E9H         LINE#         35
  C:19E9H         LINE#         41
  C:19E9H         LINE#         43
  C:19E9H         LINE#         50
  C:19F0H         LINE#         51
  C:19F7H         LINE#         52
  C:19FEH         LINE#         54
  C:1A05H         LINE#         55
  C:1A0CH         LINE#         56
  C:1A13H         LINE#         65
  C:1A13H         LINE#         69
  -------         ENDPROC       AIP1302_CONFIG
  -------         PROC          _REVERSE_U8
  D:0007H         SYMBOL        arg
  -------         DO            
  D:0006H         SYMBOL        tmp
  D:0005H         SYMBOL        i
BL51 BANKED LINKER/LOCATER V6.22.4.0                                                  03/13/2026  08:55:20  PAGE 19


  -------         ENDDO         
  C:1EEAH         LINE#         99
  C:1EEAH         LINE#         100
  C:1EEAH         LINE#         102
  C:1EECH         LINE#         105
  C:1EECH         LINE#         106
  C:1EECH         LINE#         107
  C:1EF0H         LINE#         108
  C:1EF4H         LINE#         109
  C:1EF4H         LINE#         110
  C:1EF8H         LINE#         111
  C:1EF8H         LINE#         113
  C:1EF8H         LINE#         114
  C:1EF8H         LINE#         115
  C:1EFCH         LINE#         116
  C:1F01H         LINE#         118
  C:1F03H         LINE#         119
  -------         ENDPROC       _REVERSE_U8
  -------         PROC          ___AIP1302_CONVERT_READ_BYTE
  D:0004H         SYMBOL        cmd
  D:0005H         SYMBOL        byte
  -------         DO            
  D:0007H         SYMBOL        tmp
  X:60C5H         SYMBOL        i
  -------         DO            
  X:60C6H         SYMBOL        tens_place
  X:60C7H         SYMBOL        one_place
  -------         ENDDO         
  -------         ENDDO         
  C:181CH         LINE#         122
  C:181EH         LINE#         123
  C:181EH         LINE#         124
  C:181FH         LINE#         125
  C:1823H         LINE#         128
  C:1828H         LINE#         137
  C:1846H         LINE#         138
  C:1846H         LINE#         139
  C:184BH         LINE#         140
  C:184DH         LINE#         143
  C:1856H         LINE#         144
  C:1856H         LINE#         147
  C:185AH         LINE#         148
  C:185CH         LINE#         149
  C:1865H         LINE#         150
  C:1865H         LINE#         152
  C:1869H         LINE#         153
  C:186BH         LINE#         154
  C:186FH         LINE#         155
  C:186FH         LINE#         157
  C:1873H         LINE#         158
  C:1873H         LINE#         160
  C:187CH         LINE#         161
  C:1882H         LINE#         162
  C:1889H         LINE#         163
  C:1889H         LINE#         165
  C:1889H         LINE#         166
  -------         ENDPROC       ___AIP1302_CONVERT_READ_BYTE
BL51 BANKED LINKER/LOCATER V6.22.4.0                                                  03/13/2026  08:55:20  PAGE 20


  C:167DH         SYMBOL        L?0071
  C:1687H         SYMBOL        L?0072
  -------         PROC          ___AIP1302_READ_BYTE
  X:60C5H         SYMBOL        cmd
  -------         DO            
  X:60C6H         SYMBOL        recv_data
  X:60C7H         SYMBOL        i
  -------         ENDDO         
  C:1609H         LINE#         169
  C:160EH         LINE#         170
  C:160EH         LINE#         171
  C:1611H         LINE#         172
  C:1611H         LINE#         175
  C:1611H         LINE#         176
  C:1611H         LINE#         177
  C:1614H         LINE#         179
  C:1614H         LINE#         180
  C:1614H         LINE#         181
  C:1614H         LINE#         182
  C:161AH         LINE#         184
  C:161FH         LINE#         185
  C:161FH         LINE#         186
  C:161FH         LINE#         187
  C:1622H         LINE#         188
  C:1635H         LINE#         189
  C:1635H         LINE#         190
  C:1637H         LINE#         191
  C:1639H         LINE#         193
  C:1639H         LINE#         194
  C:163BH         LINE#         195
  C:163BH         LINE#         196
  C:1642H         LINE#         198
  C:1642H         LINE#         199
  C:1642H         LINE#         200
  C:1647H         LINE#         203
  C:164DH         LINE#         204
  C:1653H         LINE#         206
  C:1658H         LINE#         207
  C:1658H         LINE#         208
  C:165FH         LINE#         209
  C:165FH         LINE#         210
  C:1662H         LINE#         211
  C:1665H         LINE#         212
  C:1665H         LINE#         213
  C:166CH         LINE#         214
  C:166CH         LINE#         216
  C:166CH         LINE#         217
  C:166CH         LINE#         218
  C:166CH         LINE#         219
  C:166CH         LINE#         220
  C:1671H         LINE#         222
  C:1673H         LINE#         223
  C:1675H         LINE#         224
  C:1677H         LINE#         226
  C:167CH         LINE#         227
  -------         ENDPROC       ___AIP1302_READ_BYTE
  -------         PROC          _AIP1302_READ_BYTE
BL51 BANKED LINKER/LOCATER V6.22.4.0                                                  03/13/2026  08:55:20  PAGE 21


  X:60C4H         SYMBOL        cmd
  -------         DO            
  D:0006H         SYMBOL        recv_data
  -------         ENDDO         
  C:1F1DH         LINE#         236
  C:1F22H         LINE#         237
  C:1F22H         LINE#         238
  C:1F24H         LINE#         239
  C:1F29H         LINE#         240
  -------         ENDPROC       _AIP1302_READ_BYTE
  C:1710H         SYMBOL        L?0067
  C:1721H         SYMBOL        L?0073
  -------         PROC          ___AIP1302_WRITE_BYTE
  X:60CFH         SYMBOL        cmd
  X:60D0H         SYMBOL        byte
  -------         DO            
  X:60D1H         SYMBOL        i
  -------         ENDDO         
  C:169BH         LINE#         250
  C:16A3H         LINE#         251
  C:16A3H         LINE#         252
  C:16A4H         LINE#         255
  C:16A4H         LINE#         256
  C:16A4H         LINE#         257
  C:16A7H         LINE#         259
  C:16A7H         LINE#         260
  C:16A7H         LINE#         261
  C:16A7H         LINE#         262
  C:16ADH         LINE#         264
  C:16B2H         LINE#         265
  C:16B2H         LINE#         266
  C:16B2H         LINE#         267
  C:16B5H         LINE#         268
  C:16C8H         LINE#         269
  C:16C8H         LINE#         270
  C:16CAH         LINE#         271
  C:16CCH         LINE#         273
  C:16CCH         LINE#         274
  C:16CEH         LINE#         275
  C:16CEH         LINE#         276
  C:16CEH         LINE#         277
  C:16CEH         LINE#         278
  C:16D1H         LINE#         279
  C:16D6H         LINE#         281
  C:16DBH         LINE#         282
  C:16DBH         LINE#         283
  C:16DBH         LINE#         284
  C:16DEH         LINE#         285
  C:16F4H         LINE#         286
  C:16F4H         LINE#         287
  C:16F6H         LINE#         288
  C:16F8H         LINE#         290
  C:16F8H         LINE#         291
  C:16FAH         LINE#         292
  C:16FAH         LINE#         293
  C:16FAH         LINE#         294
  C:16FAH         LINE#         295
BL51 BANKED LINKER/LOCATER V6.22.4.0                                                  03/13/2026  08:55:20  PAGE 22


  C:16FDH         LINE#         296
  C:1702H         LINE#         298
  C:1704H         LINE#         299
  C:170BH         LINE#         300
  C:170DH         LINE#         301
  C:170FH         LINE#         302
  -------         ENDPROC       ___AIP1302_WRITE_BYTE
  -------         PROC          AIP1302_IS_RUNNING
  C:195EH         LINE#         311
  C:195EH         LINE#         312
  C:195EH         LINE#         330
  C:1961H         LINE#         331
  C:19B8H         LINE#         339
  C:19B8H         LINE#         340
  C:19BBH         LINE#         341
  C:19BBH         LINE#         343
  C:19BBH         LINE#         344
  C:19BDH         LINE#         345
  C:19BDH         LINE#         346
  -------         ENDPROC       AIP1302_IS_RUNNING
  -------         PROC          _AIP1302_WRITE_BYTE
  X:60CBH         SYMBOL        cmd
  D:0005H         SYMBOL        byte
  -------         DO            
  X:60CCH         SYMBOL        tmp
  -------         DO            
  X:60CDH         SYMBOL        tens_place
  X:60CEH         SYMBOL        one_place
  -------         ENDDO         
  -------         ENDDO         
  C:12E2H         LINE#         359
  C:12E7H         LINE#         360
  C:12E7H         LINE#         361
  C:12EAH         LINE#         369
  C:130CH         LINE#         370
  C:130CH         LINE#         371
  C:1311H         LINE#         372
  C:1313H         LINE#         373
  C:131DH         LINE#         374
  C:131DH         LINE#         375
  C:1324H         LINE#         376
  C:1324H         LINE#         377
  C:1333H         LINE#         380
  C:1340H         LINE#         384
  C:134DH         LINE#         385
  C:134DH         LINE#         386
  C:1354H         LINE#         387
  C:1356H         LINE#         388
  C:1363H         LINE#         389
  C:1363H         LINE#         392
  C:136AH         LINE#         393
  C:136CH         LINE#         394
  C:1373H         LINE#         395
  C:1373H         LINE#         397
  C:1378H         LINE#         398
  C:1378H         LINE#         399
  C:1378H         LINE#         402
BL51 BANKED LINKER/LOCATER V6.22.4.0                                                  03/13/2026  08:55:20  PAGE 23


  C:137FH         LINE#         403
  C:138AH         LINE#         405
  -------         ENDPROC       _AIP1302_WRITE_BYTE
  -------         PROC          AIP1302_UPDATE_TIME
  X:60C4H         SYMBOL        aip1302_saveinfo
  C:1E78H         LINE#         480
  C:1E78H         LINE#         481
  C:1E78H         LINE#         486
  C:1E82H         LINE#         487
  C:1E8CH         LINE#         488
  -------         ENDPROC       AIP1302_UPDATE_TIME
  -------         PROC          AIP1302_READ_ALL
  C:1B0CH         LINE#         508
  C:1B0CH         LINE#         509
  C:1B0CH         LINE#         510
  C:1B16H         LINE#         511
  C:1B20H         LINE#         512
  C:1B2AH         LINE#         513
  C:1B34H         LINE#         514
  C:1B3EH         LINE#         515
  C:1B51H         LINE#         517
  -------         ENDPROC       AIP1302_READ_ALL
  -------         ENDMOD        AIP1302

  -------         MODULE        KEY_DRIVER
  C:0000H         SYMBOL        _ICE_DUMMY_
  -------         ENDMOD        KEY_DRIVER

  -------         MODULE        IIC_SOFT
  C:0000H         SYMBOL        _ICE_DUMMY_
  -------         ENDMOD        IIC_SOFT

  -------         MODULE        USER_FLASH
  C:0000H         SYMBOL        _ICE_DUMMY_
  D:00A4H         PUBLIC        FLASH_CON
  D:00A5H         PUBLIC        FLASH_STA
  D:00A6H         PUBLIC        FLASH_DATA
  D:00AEH         PUBLIC        FLASH_PASSWORD
  D:00AFH         PUBLIC        FLASH_ADDR
  C:1F33H         PUBLIC        _flash_erase_sector
  C:1CFEH         PUBLIC        _flash_program
  C:1D35H         PUBLIC        _flash_read
  -------         PROC          _FLASH_ERASE_SECTOR
  D:0007H         SYMBOL        addr
  C:1F33H         LINE#         9
  C:1F33H         LINE#         10
  C:1F33H         LINE#         11
  C:1F36H         LINE#         12
  C:1F38H         LINE#         13
  C:1F3BH         LINE#         14
  C:1F3EH         LINE#         16
  C:1F43H         LINE#         18
  -------         ENDPROC       _FLASH_ERASE_SECTOR
  -------         PROC          _FLASH_PROGRAM
  D:0007H         SYMBOL        addr
  X:60C5H         SYMBOL        p_data
  X:60C8H         SYMBOL        len
BL51 BANKED LINKER/LOCATER V6.22.4.0                                                  03/13/2026  08:55:20  PAGE 24


  C:1CFEH         LINE#         27
  C:1D04H         LINE#         28
  C:1D04H         LINE#         29
  C:1D07H         LINE#         30
  C:1D09H         LINE#         32
  C:1D12H         LINE#         33
  C:1D12H         LINE#         34
  C:1D17H         LINE#         36
  C:1D26H         LINE#         37
  C:1D29H         LINE#         38
  C:1D2CH         LINE#         40
  C:1D32H         LINE#         41
  C:1D34H         LINE#         42
  -------         ENDPROC       _FLASH_PROGRAM
  -------         PROC          _FLASH_READ
  D:0007H         SYMBOL        addr
  X:60CEH         SYMBOL        p_data
  X:60D1H         SYMBOL        len
  C:1D35H         LINE#         51
  C:1D3BH         LINE#         52
  C:1D3BH         LINE#         53
  C:1D41H         LINE#         54
  C:1D41H         LINE#         55
  C:1D60H         LINE#         56
  C:1D66H         LINE#         57
  C:1D68H         LINE#         58
  -------         ENDPROC       _FLASH_READ
  -------         ENDMOD        USER_FLASH

  -------         MODULE        MAIN
  C:0000H         SYMBOL        _ICE_DUMMY_
  D:00D9H         PUBLIC        WDT_KEY
  B:00A0H.3       PUBLIC        P23
  C:1D69H         PUBLIC        user_init
  C:1BD7H         PUBLIC        main
  -------         PROC          USER_INIT
  C:1D69H         LINE#         27
  C:1D69H         LINE#         28
  C:1D69H         LINE#         30
  C:1D6FH         LINE#         31
  C:1D73H         LINE#         32
  C:1D78H         LINE#         35
  C:1D7BH         LINE#         38
  C:1D7EH         LINE#         41
  C:1D81H         LINE#         44
  C:1D84H         LINE#         48
  C:1D87H         LINE#         52
  C:1D8AH         LINE#         60
  C:1D8DH         LINE#         63
  C:1D90H         LINE#         70
  C:1D93H         LINE#         73
  -------         ENDPROC       USER_INIT
  -------         PROC          MAIN
  C:1BD7H         LINE#         77
  C:1BD7H         LINE#         78
  C:1BD7H         LINE#         80
  C:1BDAH         LINE#         85
BL51 BANKED LINKER/LOCATER V6.22.4.0                                                  03/13/2026  08:55:20  PAGE 25


  C:1BDDH         LINE#         86
  C:1BE4H         LINE#         87
  C:1BE7H         LINE#         90
  C:1BEAH         LINE#         95
  C:1BECH         LINE#         96
  C:1BF3H         LINE#         97
  C:1BF5H         LINE#         104
  C:1BF5H         LINE#         105
  C:1BF5H         LINE#         109
  C:1BF8H         LINE#         127
  C:1BFBH         LINE#         131
  C:1BFEH         LINE#         136
  C:1C01H         LINE#         138
  C:1C04H         LINE#         141
  C:1C07H         LINE#         144
  C:1C0AH         LINE#         148
  C:1C0DH         LINE#         149
  C:1C10H         LINE#         150
  C:1C13H         LINE#         215
  -------         ENDPROC       MAIN
  -------         ENDMOD        MAIN

  -------         MODULE        FUN_INFO
  C:0000H         SYMBOL        _ICE_DUMMY_
  X:606CH         PUBLIC        fun_info
  C:1D9AH         PUBLIC        fun_info_init
  C:1EB3H         PUBLIC        fun_info_save
  -------         PROC          FUN_INFO_INIT
  -------         DO            
  X:60C4H         SYMBOL        save_info
  -------         ENDDO         
  C:1D9AH         LINE#         7
  C:1D9AH         LINE#         8
  C:1D9AH         LINE#         84
  C:1DABH         LINE#         85
  C:1DB2H         LINE#         86
  C:1DB2H         LINE#         87
  C:1DBEH         LINE#         88
  C:1DCAH         LINE#         90
  C:1DCAH         LINE#         92
  C:1DCAH         LINE#         94
  C:1DCAH         LINE#         97
  -------         ENDPROC       FUN_INFO_INIT
  -------         PROC          FUN_INFO_SAVE
  C:1EB3H         LINE#         100
  C:1EB3H         LINE#         101
  C:1EB3H         LINE#         109
  C:1EB8H         LINE#         110
  C:1EBEH         LINE#         111
  -------         ENDPROC       FUN_INFO_SAVE
  -------         ENDMOD        FUN_INFO

  -------         MODULE        SEND_DATA
  C:0000H         SYMBOL        _ICE_DUMMY_
  C:047EH         PUBLIC        _send_data_packet
  C:18F6H         SYMBOL        Com0029
  C:18F6H         SYMBOL        L?0042
BL51 BANKED LINKER/LOCATER V6.22.4.0                                                  03/13/2026  08:55:20  PAGE 26


  C:18F9H         SYMBOL        L?0043
  C:1906H         SYMBOL        L?0044
  C:1911H         SYMBOL        L?0045
  C:1912H         SYMBOL        L?0046
  C:1918H         SYMBOL        L?0047
  C:191EH         SYMBOL        L?0048
  C:191EH         SYMBOL        L?0049
  C:1920H         SYMBOL        L?0050
  C:1923H         SYMBOL        L?0051
  C:192AH         SYMBOL        L?0052
  C:192AH         SYMBOL        L?0053
  C:193BH         SYMBOL        L?0054
  C:193BH         SYMBOL        L?0055
  C:1948H         SYMBOL        L?0056
  C:194BH         SYMBOL        L?0057
  C:1956H         SYMBOL        L?0058
  C:1956H         SYMBOL        L?0059
  C:1958H         SYMBOL        L?0060
  -------         PROC          COM0029
  -------         ENDPROC       COM0029
  -------         PROC          _SEND_DATA_PACKET
  D:0003H         SYMBOL        cmd
  -------         DO            
  X:608FH         SYMBOL        send_data_packet
  X:60C4H         SYMBOL        send_data_packet_len
  X:60C5H         SYMBOL        check_sum
  X:60C6H         SYMBOL        i
  X:60C7H         SYMBOL        tmp_val
  -------         ENDDO         
  C:047EH         LINE#         3
  C:0480H         LINE#         4
  C:0480H         LINE#         11
  C:0485H         LINE#         12
  C:0487H         LINE#         13
  C:0489H         LINE#         14
  C:0491H         LINE#         16
  C:0497H         LINE#         17
  C:049CH         LINE#         19
  C:04DCH         LINE#         20
  C:04DCH         LINE#         23
  C:04DCH         LINE#         24
  C:04DCH         LINE#         25
  C:04DCH         LINE#         26
  C:04DFH         LINE#         27
  C:04E2H         LINE#         28
  C:04E2H         LINE#         29
  C:04E5H         LINE#         32
  C:04E5H         LINE#         33
  C:04E5H         LINE#         34
  C:04E5H         LINE#         35
  C:04E8H         LINE#         36
  C:04EBH         LINE#         37
  C:04EBH         LINE#         38
  C:04EEH         LINE#         41
  C:04EEH         LINE#         42
  C:04EEH         LINE#         43
  C:04EEH         LINE#         44
BL51 BANKED LINKER/LOCATER V6.22.4.0                                                  03/13/2026  08:55:20  PAGE 27


  C:04F1H         LINE#         45
  C:04F4H         LINE#         46
  C:04F4H         LINE#         47
  C:04F7H         LINE#         50
  C:04F7H         LINE#         51
  C:04F7H         LINE#         52
  C:04F7H         LINE#         53
  C:04FAH         LINE#         54
  C:04FDH         LINE#         55
  C:04FDH         LINE#         56
  C:0500H         LINE#         60
  C:0500H         LINE#         61
  C:0500H         LINE#         62
  C:0500H         LINE#         63
  C:0503H         LINE#         64
  C:0506H         LINE#         65
  C:0506H         LINE#         66
  C:0509H         LINE#         69
  C:0509H         LINE#         70
  C:0509H         LINE#         71
  C:0509H         LINE#         72
  C:050CH         LINE#         73
  C:050FH         LINE#         74
  C:050FH         LINE#         75
  C:0512H         LINE#         78
  C:0512H         LINE#         79
  C:0512H         LINE#         80
  C:0514H         LINE#         81
  C:0517H         LINE#         82
  C:0527H         LINE#         83
  C:0532H         LINE#         84
  C:0532H         LINE#         85
  C:0535H         LINE#         88
  C:0535H         LINE#         89
  C:0535H         LINE#         91
  C:0544H         LINE#         92
  C:0544H         LINE#         93
  C:054AH         LINE#         94
  C:054AH         LINE#         96
  C:054AH         LINE#         97
  C:054DH         LINE#         98
  C:0552H         LINE#         99
  C:0552H         LINE#         100
  C:0555H         LINE#         103
  C:0555H         LINE#         104
  C:0555H         LINE#         105
  C:0555H         LINE#         106
  C:0558H         LINE#         107
  C:055BH         LINE#         108
  C:055BH         LINE#         109
  C:055EH         LINE#         121
  C:055EH         LINE#         122
  C:055EH         LINE#         123
  C:0563H         LINE#         124
  C:0566H         LINE#         125
  C:0570H         LINE#         126
  C:0570H         LINE#         127
BL51 BANKED LINKER/LOCATER V6.22.4.0                                                  03/13/2026  08:55:20  PAGE 28


  C:0570H         LINE#         128
  C:0570H         LINE#         129
  C:0570H         LINE#         130
  C:0570H         LINE#         131
  C:0573H         LINE#         134
  C:0573H         LINE#         135
  C:0573H         LINE#         153
  C:0573H         LINE#         154
  C:0573H         LINE#         157
  C:0573H         LINE#         158
  C:0573H         LINE#         159
  C:0578H         LINE#         160
  C:057BH         LINE#         162
  C:0583H         LINE#         163
  C:058DH         LINE#         164
  C:0595H         LINE#         165
  C:059DH         LINE#         166
  C:05A5H         LINE#         167
  C:05ADH         LINE#         168
  C:05B5H         LINE#         169
  C:05B5H         LINE#         170
  C:05B8H         LINE#         172
  C:05B8H         LINE#         173
  C:05BDH         LINE#         174
  C:05C0H         LINE#         175
  C:05C8H         LINE#         176
  C:05D0H         LINE#         177
  C:05D8H         LINE#         178
  C:05DBH         LINE#         181
  C:05DBH         LINE#         182
  C:05DBH         LINE#         183
  C:05E0H         LINE#         184
  C:05E3H         LINE#         186
  C:05EBH         LINE#         187
  C:05F5H         LINE#         188
  C:05F5H         LINE#         189
  C:05F8H         LINE#         192
  C:05F8H         LINE#         193
  C:05F8H         LINE#         194
  C:05F8H         LINE#         195
  C:05FBH         LINE#         196
  C:0603H         LINE#         197
  C:0603H         LINE#         198
  C:0606H         LINE#         211
  C:0606H         LINE#         212
  C:0606H         LINE#         213
  C:060BH         LINE#         214
  C:060EH         LINE#         215
  C:0620H         LINE#         216
  C:062BH         LINE#         217
  C:0636H         LINE#         218
  C:0641H         LINE#         219
  C:0649H         LINE#         220
  C:0649H         LINE#         221
  C:064CH         LINE#         224
  C:064CH         LINE#         225
  C:064CH         LINE#         226
BL51 BANKED LINKER/LOCATER V6.22.4.0                                                  03/13/2026  08:55:20  PAGE 29


  C:0651H         LINE#         227
  C:0654H         LINE#         237
  C:0660H         LINE#         238
  C:0685H         LINE#         239
  C:0685H         LINE#         240
  C:06A8H         LINE#         241
  C:06A8H         LINE#         242
  C:06CAH         LINE#         243
  C:06CAH         LINE#         244
  C:06CDH         LINE#         249
  C:06CDH         LINE#         250
  C:06CDH         LINE#         251
  C:06D2H         LINE#         252
  C:06D5H         LINE#         254
  C:06DAH         LINE#         255
  C:06DAH         LINE#         256
  C:06DAH         LINE#         257
  C:06DAH         LINE#         258
  C:06DAH         LINE#         259
  C:06DCH         LINE#         265
  C:06DCH         LINE#         266
  C:06DCH         LINE#         267
  C:06E1H         LINE#         268
  C:06E4H         LINE#         270
  C:06F1H         LINE#         271
  C:06F5H         LINE#         272
  C:06F5H         LINE#         273
  C:06FDH         LINE#         274
  C:06FDH         LINE#         275
  C:06FFH         LINE#         278
  C:06FFH         LINE#         279
  C:06FFH         LINE#         280
  C:071EH         LINE#         281
  C:0730H         LINE#         282
  C:0730H         LINE#         283
  C:073AH         LINE#         284
  C:073AH         LINE#         286
  C:073AH         LINE#         287
  C:073DH         LINE#         289
  C:0745H         LINE#         290
  C:0745H         LINE#         291
  C:0745H         LINE#         293
  C:0745H         LINE#         294
  C:0745H         LINE#         295
  C:0745H         LINE#         297
  C:0757H         LINE#         298
  C:0757H         LINE#         299
  C:0764H         LINE#         300
  C:0764H         LINE#         302
  C:076FH         LINE#         303
  C:076FH         LINE#         304
  C:0777H         LINE#         305
  C:0782H         LINE#         306
  C:0788H         LINE#         308
  -------         ENDPROC       _SEND_DATA_PACKET
  -------         ENDMOD        SEND_DATA

BL51 BANKED LINKER/LOCATER V6.22.4.0                                                  03/13/2026  08:55:20  PAGE 30


  -------         MODULE        PIN_LEVEL_SCAN
  C:0000H         SYMBOL        _ICE_DUMMY_
  B:0080H.6       PUBLIC        P06
  B:0080H.7       PUBLIC        P07
  B:0090H.0       PUBLIC        P10
  B:0090H.3       PUBLIC        P13
  B:0090H.4       PUBLIC        P14
  B:00A0H.0       PUBLIC        P20
  B:00A0H.1       PUBLIC        P21
  B:00A0H.2       PUBLIC        P22
  B:00A0H.5       PUBLIC        P25
  B:00A0H.7       PUBLIC        P27
  B:00B0H.0       PUBLIC        P30
  X:60F6H         PUBLIC        pin_level_scan_time_cnt
  C:1C53H         PUBLIC        pin_level_scan_config
  C:1391H         PUBLIC        pin_level_scan
  -------         PROC          PIN_LEVEL_SCAN_CONFIG
  C:1C53H         LINE#         7
  C:1C53H         LINE#         8
  C:1C53H         LINE#         11
  C:1C59H         LINE#         14
  C:1C5EH         LINE#         17
  C:1C63H         LINE#         20
  C:1C68H         LINE#         23
  C:1C6EH         LINE#         26
  C:1C74H         LINE#         29
  C:1C79H         LINE#         32
  C:1C7DH         LINE#         35
  C:1C83H         LINE#         38
  C:1C87H         LINE#         41
  C:1C8DH         LINE#         42
  -------         ENDPROC       PIN_LEVEL_SCAN_CONFIG
  -------         PROC          PIN_LEVEL_SCAN
  C:1391H         LINE#         45
  C:1391H         LINE#         46
  C:1391H         LINE#         48
  C:13A0H         LINE#         49
  C:13A0H         LINE#         50
  C:13A4H         LINE#         68
  C:13AAH         LINE#         69
  C:13AAH         LINE#         71
  C:13ABH         LINE#         72
  C:13ADH         LINE#         74
  C:13ADH         LINE#         76
  C:13B0H         LINE#         77
  C:13B0H         LINE#         78
  C:13B2H         LINE#         80
  C:13B5H         LINE#         81
  C:13B5H         LINE#         83
  C:13BAH         LINE#         84
  C:13BCH         LINE#         86
  C:13BCH         LINE#         88
  C:13C2H         LINE#         89
  C:13C2H         LINE#         90
  C:13C4H         LINE#         105
  C:13C7H         LINE#         106
  C:13C7H         LINE#         108
BL51 BANKED LINKER/LOCATER V6.22.4.0                                                  03/13/2026  08:55:20  PAGE 31


  C:13CCH         LINE#         109
  C:13CEH         LINE#         111
  C:13CEH         LINE#         113
  C:13D4H         LINE#         114
  C:13D4H         LINE#         116
  C:13D6H         LINE#         117
  C:13D6H         LINE#         122
  C:13D9H         LINE#         123
  C:13D9H         LINE#         125
  C:13DEH         LINE#         126
  C:13E0H         LINE#         127
  C:13E3H         LINE#         128
  C:13E3H         LINE#         130
  C:13E9H         LINE#         131
  C:13EBH         LINE#         132
  C:13EEH         LINE#         133
  C:13EEH         LINE#         135
  C:13F4H         LINE#         136
  C:13F6H         LINE#         137
  C:13F9H         LINE#         138
  C:13F9H         LINE#         140
  C:13FFH         LINE#         141
  C:1401H         LINE#         142
  C:1404H         LINE#         143
  C:1404H         LINE#         145
  C:140AH         LINE#         146
  C:140CH         LINE#         147
  C:140FH         LINE#         148
  C:140FH         LINE#         150
  C:1415H         LINE#         151
  C:1417H         LINE#         152
  C:141DH         LINE#         153
  C:141DH         LINE#         155
  C:1420H         LINE#         156
  C:1422H         LINE#         158
  C:1422H         LINE#         163
  C:1425H         LINE#         164
  C:1425H         LINE#         167
  C:1427H         LINE#         169
  C:142AH         LINE#         170
  C:142AH         LINE#         172
  C:1430H         LINE#         173
  C:1432H         LINE#         175
  C:1432H         LINE#         177
  C:1437H         LINE#         178
  C:1437H         LINE#         179
  C:1439H         LINE#         199
  -------         ENDPROC       PIN_LEVEL_SCAN
  -------         ENDMOD        PIN_LEVEL_SCAN

  -------         MODULE        SPEED_SCAN
  C:0000H         SYMBOL        _ICE_DUMMY_
  B:0023H.2       PUBLIC        flag_is_speed_scan_over_time
  X:60B4H         PUBLIC        speed_pulse_cnt
  X:60B8H         PUBLIC        speed_scan_time_ms
  C:1F71H         PUBLIC        speed_scan_config
  C:122DH         PUBLIC        speed_scan
BL51 BANKED LINKER/LOCATER V6.22.4.0                                                  03/13/2026  08:55:20  PAGE 32


  X:60BCH         SYMBOL        cur_speed_scan_time
  X:60C0H         SYMBOL        cur_speed_scan_pulse
  C:1C8EH         PUBLIC        update_speed_scan_data
  C:1F8BH         SYMBOL        Com0008
  C:1F8BH         SYMBOL        L?0009
  C:1F8BH         SYMBOL        L?0010
  C:1F91H         SYMBOL        L?0011
  -------         PROC          COM0008
  -------         ENDPROC       COM0008
  -------         PROC          SPEED_SCAN_CONFIG
  C:1F71H         LINE#         6
  C:1F71H         LINE#         7
  C:1F71H         LINE#         10
  C:1F77H         LINE#         11
  C:1F7DH         LINE#         14
  -------         ENDPROC       SPEED_SCAN_CONFIG
  -------         PROC          UPDATE_SPEED_SCAN_DATA
  C:1C8EH         LINE#         23
  C:1C8EH         LINE#         24
  C:1C8EH         LINE#         25
  C:1CA0H         LINE#         26
  C:1CAAH         LINE#         27
  C:1CBCH         LINE#         28
  C:1CC6H         LINE#         29
  -------         ENDPROC       UPDATE_SPEED_SCAN_DATA
  -------         PROC          SPEED_SCAN
  -------         DO            
  X:60C4H         SYMBOL        cur_speed
  X:60C8H         SYMBOL        tmp
  -------         ENDDO         
  C:122DH         LINE#         31
  C:122DH         LINE#         32
  C:122DH         LINE#         33
  C:1237H         LINE#         34
  C:1241H         LINE#         36
  C:1257H         LINE#         37
  C:1257H         LINE#         43
  C:1273H         LINE#         46
  C:1276H         LINE#         47
  C:1276H         LINE#         48
  C:1280H         LINE#         49
  C:1282H         LINE#         51
  C:1282H         LINE#         65
  C:12A9H         LINE#         66
  C:12A9H         LINE#         69
  C:12BBH         LINE#         75
  C:12C5H         LINE#         76
  C:12CFH         LINE#         77
  C:12D1H         LINE#         79
  C:12DFH         LINE#         86
  C:12E1H         LINE#         87
  C:12E1H         LINE#         88
  -------         ENDPROC       SPEED_SCAN
  -------         ENDMOD        SPEED_SCAN

  -------         MODULE        ENGINE_SPEED_SCAN
  C:0000H         SYMBOL        _ICE_DUMMY_
BL51 BANKED LINKER/LOCATER V6.22.4.0                                                  03/13/2026  08:55:20  PAGE 33


  B:0023H.3       PUBLIC        flag_is_engine_speed_scan_over_time
  X:60D3H         PUBLIC        engine_speed_scan_cnt
  X:60D7H         PUBLIC        engine_speed_scan_ms
  C:1F7EH         PUBLIC        engine_speed_scan_config
  C:172BH         PUBLIC        engine_speed_scan
  X:60D9H         SYMBOL        cur_engine_speed_scan_cnt
  X:60DDH         SYMBOL        cur_engine_speed_scan_ms
  C:1C15H         PUBLIC        update_engine_speed_scan_data
  C:1FC7H         SYMBOL        Com0009
  C:1FC7H         SYMBOL        L?0010
  C:1FC7H         SYMBOL        L?0011
  -------         PROC          COM0009
  -------         ENDPROC       COM0009
  -------         PROC          ENGINE_SPEED_SCAN_CONFIG
  C:1F7EH         LINE#         6
  C:1F7EH         LINE#         7
  C:1F7EH         LINE#         10
  C:1F84H         LINE#         11
  C:1F8AH         LINE#         12
  -------         ENDPROC       ENGINE_SPEED_SCAN_CONFIG
  -------         PROC          UPDATE_ENGINE_SPEED_SCAN_DATA
  C:1C15H         LINE#         22
  C:1C15H         LINE#         23
  C:1C15H         LINE#         24
  C:1C2AH         LINE#         25
  C:1C34H         LINE#         26
  C:1C4BH         LINE#         27
  C:1C52H         LINE#         28
  -------         ENDPROC       UPDATE_ENGINE_SPEED_SCAN_DATA
  -------         PROC          ENGINE_SPEED_SCAN
  -------         DO            
  X:60C4H         SYMBOL        rpm
  -------         ENDDO         
  C:172BH         LINE#         31
  C:172BH         LINE#         32
  C:172BH         LINE#         36
  C:173EH         LINE#         38
  C:173EH         LINE#         40
  C:1741H         LINE#         41
  C:1741H         LINE#         42
  C:174BH         LINE#         43
  C:174DH         LINE#         45
  C:174DH         LINE#         60
  C:1769H         LINE#         61
  C:1769H         LINE#         65
  C:1773H         LINE#         66
  C:177DH         LINE#         67
  C:177FH         LINE#         70
  C:1792H         LINE#         71
  C:1792H         LINE#         72
  C:179CH         LINE#         73
  C:179CH         LINE#         83
  C:17A8H         LINE#         84
  C:17AAH         LINE#         88
  C:17AAH         LINE#         89
  -------         ENDPROC       ENGINE_SPEED_SCAN
  -------         ENDMOD        ENGINE_SPEED_SCAN
BL51 BANKED LINKER/LOCATER V6.22.4.0                                                  03/13/2026  08:55:20  PAGE 34



  -------         MODULE        MILEAGE
  C:0000H         SYMBOL        _ICE_DUMMY_
  X:60ACH         PUBLIC        distance
  X:60B0H         PUBLIC        mileage_save_time_cnt
  X:60B2H         PUBLIC        mileage_update_time_cnt
  C:0EC4H         PUBLIC        mileage_scan
  C:1E50H         SYMBOL        Com000C
  C:1E50H         SYMBOL        L?0013
  C:1E61H         SYMBOL        L?0014
  C:1E71H         SYMBOL        L?0015
  C:1E71H         SYMBOL        L?0016
  -------         PROC          COM000C
  -------         ENDPROC       COM000C
  -------         PROC          MILEAGE_SCAN
  -------         DO            
  X:60A4H         SYMBOL        old_total_mileage
  X:60A8H         SYMBOL        old_subtotal_mileage
  B:0023H.0       SYMBOL        flag_is_any_mileage_save
  B:0023H.1       SYMBOL        is_send_total_mileage
  -------         DO            
  X:60A3H         SYMBOL        cnt
  -------         ENDDO         
  -------         ENDDO         
  C:0EC4H         LINE#         11
  C:0EC4H         LINE#         12
  C:0EC4H         LINE#         28
  C:0ED6H         LINE#         30
  C:0ED6H         LINE#         31
  C:0ED9H         LINE#         32
  C:0EDBH         LINE#         33
  C:0EE2H         LINE#         40
  C:0EE2H         LINE#         42
  C:0EF1H         LINE#         43
  C:0EF1H         LINE#         45
  C:0F01H         LINE#         46
  C:0F01H         LINE#         47
[...]
  C:096EH         LINE#         88
  C:09A3H         LINE#         89
  C:09B4H         LINE#         90
  C:09C7H         LINE#         92
  C:09D8H         LINE#         93
  C:09EBH         LINE#         94
  C:0A01H         LINE#         116
  C:0A03H         LINE#         118
  C:0A03H         LINE#         119
  C:0A05H         LINE#         120
  C:0A07H         LINE#         122
  C:0A07H         LINE#         123
  C:0A09H         LINE#         125
  C:0A0BH         LINE#         127
  C:0A0BH         LINE#         128
  C:0A0DH         LINE#         129
  C:0A0FH         LINE#         131
  C:0A0FH         LINE#         132
  C:0A11H         LINE#         133
  C:0A11H         LINE#         134
  C:0A11H         LINE#         136
  C:0A1AH         LINE#         137
  C:0A1AH         LINE#         138
  C:0A1DH         LINE#         139
  C:0A1DH         LINE#         141
  C:0A2DH         LINE#         142
  C:0A39H         LINE#         143
  C:0A45H         LINE#         144
  C:0A66H         LINE#         145
  C:0A66H         LINE#         146
  C:0A66H         LINE#         147
  C:0A6FH         LINE#         148
  -------         ENDPROC       INSTRUCTION_SCAN
  C:0B91H         SYMBOL        L?0037
  -------         PROC          INSTRUCTION_HANDLE
BL51 BANKED LINKER/LOCATER V6.22.4.0                                                  03/13/2026  08:55:20  PAGE 37


  C:0A70H         LINE#         150
  C:0A70H         LINE#         151
  C:0A70H         LINE#         152
  C:0A73H         LINE#         153
  C:0A73H         LINE#         156
  C:0A75H         LINE#         162
  C:0A7BH         LINE#         163
  C:0A7BH         LINE#         165
  C:0A7DH         LINE#         167
  C:0A81H         LINE#         168
  C:0A86H         LINE#         169
  C:0A8BH         LINE#         170
  C:0A8BH         LINE#         171
  C:0A8EH         LINE#         172
  C:0A93H         LINE#         174
  C:0A98H         LINE#         177
  C:0A9DH         LINE#         181
  C:0AA0H         LINE#         183
  C:0AA5H         LINE#         188
  C:0AAAH         LINE#         190
  C:0AAFH         LINE#         194
  C:0AAFH         LINE#         195
  C:0AAFH         LINE#         197
  C:0AB2H         LINE#         198
  C:0AB2H         LINE#         199
  C:0AB4H         LINE#         200
  C:0AB9H         LINE#         201
  C:0AB9H         LINE#         203
  C:0ABCH         LINE#         204
  C:0ABCH         LINE#         205
  C:0ABEH         LINE#         206
  C:0AC3H         LINE#         207
  C:0AC3H         LINE#         209
  C:0AC6H         LINE#         210
  C:0AC6H         LINE#         211
  C:0AC8H         LINE#         217
  C:0ACDH         LINE#         219
  C:0ACDH         LINE#         221
  C:0AD0H         LINE#         222
  C:0AD0H         LINE#         224
  C:0AD2H         LINE#         229
  C:0AD7H         LINE#         230
  C:0AD7H         LINE#         232
  C:0ADAH         LINE#         233
  C:0ADAH         LINE#         235
  C:0ADCH         LINE#         240
  C:0AE1H         LINE#         241
  C:0AE1H         LINE#         243
  C:0AE4H         LINE#         244
  C:0AE4H         LINE#         246
  C:0AE6H         LINE#         251
  C:0AE6H         LINE#         255
  C:0AE9H         LINE#         256
  C:0AE9H         LINE#         258
  C:0AECH         LINE#         259
  C:0AECH         LINE#         261
  C:0AEEH         LINE#         267
BL51 BANKED LINKER/LOCATER V6.22.4.0                                                  03/13/2026  08:55:20  PAGE 38


  C:0AF3H         LINE#         268
  C:0AF3H         LINE#         279
  C:0AF6H         LINE#         280
  C:0AF6H         LINE#         281
  C:0AF8H         LINE#         288
  C:0AFDH         LINE#         290
  C:0AFDH         LINE#         292
  C:0B00H         LINE#         293
  C:0B00H         LINE#         295
  C:0B02H         LINE#         298
  C:0B07H         LINE#         302
  C:0B07H         LINE#         313
  C:0B0AH         LINE#         314
  C:0B0AH         LINE#         315
  C:0B0CH         LINE#         317
  C:0B11H         LINE#         318
  C:0B11H         LINE#         321
  C:0B14H         LINE#         322
  C:0B14H         LINE#         324
  C:0B16H         LINE#         337
  C:0B1CH         LINE#         338
  C:0B1CH         LINE#         342
  C:0B31H         LINE#         343
  C:0B37H         LINE#         345
  C:0B37H         LINE#         346
  C:0B37H         LINE#         349
  C:0B3AH         LINE#         350
  C:0B3AH         LINE#         352
  C:0B3CH         LINE#         357
  C:0B41H         LINE#         358
  C:0B41H         LINE#         360
  C:0B44H         LINE#         361
  C:0B44H         LINE#         363
  C:0B46H         LINE#         364
  C:0B50H         LINE#         365
  C:0B5AH         LINE#         366
  C:0B5DH         LINE#         370
  C:0B5DH         LINE#         372
  C:0B60H         LINE#         373
  C:0B60H         LINE#         375
  C:0B62H         LINE#         376
  C:0B6CH         LINE#         377
  C:0B76H         LINE#         378
  C:0B79H         LINE#         382
  C:0B79H         LINE#         392
  C:0B7CH         LINE#         393
  C:0B7CH         LINE#         394
  C:0B7EH         LINE#         395
  C:0B83H         LINE#         396
  C:0B83H         LINE#         398
  C:0B86H         LINE#         399
  C:0B86H         LINE#         400
  C:0B88H         LINE#         401
  C:0B8BH         LINE#         402
  C:0B90H         LINE#         403
  C:0B90H         LINE#         404
  -------         ENDPROC       INSTRUCTION_HANDLE
BL51 BANKED LINKER/LOCATER V6.22.4.0                                                  03/13/2026  08:55:20  PAGE 39


  -------         ENDMOD        INSTRUCTION

  -------         MODULE        AD_KEY
  C:0000H         SYMBOL        _ICE_DUMMY_
  -------         ENDMOD        AD_KEY

  -------         MODULE        FUEL_CAPACITY
  C:0000H         SYMBOL        _ICE_DUMMY_
  X:603FH         PUBLIC        fuel_capacity_scan_cnt
  C:1570H         PUBLIC        fuel_capacity_scan
  X:6043H         SYMBOL        samples
  X:606BH         SYMBOL        sample_index
  C:188AH         PUBLIC        _get_filtered_adc
  C:1F44H         PUBLIC        _samples_init
  C:078FH         PUBLIC        _convert_fuel_adc_to_percent
  C:1ABFH         SYMBOL        Com0026
  C:1ABFH         SYMBOL        L?0039
  C:1ACDH         SYMBOL        L?0040
  C:1AD5H         SYMBOL        L?0041
  C:1AD5H         SYMBOL        L?0042
  C:1ADEH         SYMBOL        L?0043
  C:1ADEH         SYMBOL        L?0044
  C:1AE8H         SYMBOL        L?0045
  C:1AECH         SYMBOL        L?0046
  C:1AF7H         SYMBOL        L?0048
  C:1AF7H         SYMBOL        L?0049
  C:1B03H         SYMBOL        L?0051
  -------         PROC          COM0026
  -------         ENDPROC       COM0026
  -------         PROC          _GET_FILTERED_ADC
  D:0002H         SYMBOL        adc_val
  -------         DO            
  X:60C7H         SYMBOL        i
  X:60C8H         SYMBOL        sum
  -------         ENDDO         
  C:188AH         LINE#         183
  C:188EH         LINE#         184
  C:188EH         LINE#         185
  C:1893H         LINE#         186
  C:189BH         LINE#         187
  C:18AFH         LINE#         188
  C:18B8H         LINE#         189
  C:18BAH         LINE#         191
  C:18BFH         LINE#         192
  C:18E7H         LINE#         194
  -------         ENDPROC       _GET_FILTERED_ADC
  -------         PROC          _SAMPLES_INIT
  D:0006H         SYMBOL        adc_val
  -------         DO            
  D:0005H         SYMBOL        i
  -------         ENDDO         
  C:1F44H         LINE#         198
  C:1F44H         LINE#         199
  C:1F44H         LINE#         200
  C:1F46H         LINE#         201
  C:1F46H         LINE#         202
  C:1F46H         LINE#         203
BL51 BANKED LINKER/LOCATER V6.22.4.0                                                  03/13/2026  08:55:20  PAGE 40


  C:1F4FH         LINE#         204
  C:1F54H         LINE#         205
  -------         ENDPROC       _SAMPLES_INIT
  -------         PROC          _CONVERT_FUEL_ADC_TO_PERCENT
  X:60C7H         SYMBOL        fuel_adc_val
  -------         DO            
  D:0005H         SYMBOL        ret
  -------         ENDDO         
  C:078FH         LINE#         208
  C:0797H         LINE#         209
  C:0797H         LINE#         243
  C:0799H         LINE#         254
  C:07ACH         LINE#         255
  C:07ACH         LINE#         256
  C:07AEH         LINE#         257
  C:07B1H         LINE#         259
  C:07B1H         LINE#         260
  C:07BAH         LINE#         261
  C:07BAH         LINE#         262
  C:07BCH         LINE#         263
  C:07BFH         LINE#         264
  C:07C8H         LINE#         265
  C:07C8H         LINE#         266
  C:07CAH         LINE#         267
  C:07CDH         LINE#         268
  C:07DEH         LINE#         269
  C:07DEH         LINE#         274
  C:07EBH         LINE#         275
  C:07F2H         LINE#         276
  C:07F5H         LINE#         277
  C:0808H         LINE#         278
  C:0808H         LINE#         279
  C:0816H         LINE#         280
  C:081DH         LINE#         281
  C:0825H         LINE#         282
  C:0825H         LINE#         283
  C:0827H         LINE#         284
  C:0827H         LINE#         285
  C:082AH         LINE#         286
  C:083DH         LINE#         287
  C:083DH         LINE#         288
  C:084EH         LINE#         289
  C:0855H         LINE#         290
  C:085DH         LINE#         291
  C:085DH         LINE#         292
  C:085FH         LINE#         293
  C:085FH         LINE#         294
  C:0862H         LINE#         295
  C:0875H         LINE#         296
  C:0875H         LINE#         297
  C:0886H         LINE#         298
  C:088DH         LINE#         299
  C:0892H         LINE#         300
  C:0892H         LINE#         301
  C:0894H         LINE#         302
  C:0894H         LINE#         303
  C:0897H         LINE#         304
BL51 BANKED LINKER/LOCATER V6.22.4.0                                                  03/13/2026  08:55:20  PAGE 41


  C:08AAH         LINE#         305
  C:08AAH         LINE#         306
  C:08BFH         LINE#         307
  C:08C6H         LINE#         308
  C:08CBH         LINE#         309
  C:08CBH         LINE#         310
  C:08CDH         LINE#         311
  C:08CDH         LINE#         312
  C:08CFH         LINE#         313
  C:08E2H         LINE#         314
  C:08E2H         LINE#         315
  C:08F7H         LINE#         316
  C:08FEH         LINE#         317
  C:0903H         LINE#         318
  C:0903H         LINE#         319
  C:0905H         LINE#         320
  C:0905H         LINE#         321
  C:0905H         LINE#         322
  C:0905H         LINE#         331
  C:0907H         LINE#         333
  -------         ENDPROC       _CONVERT_FUEL_ADC_TO_PERCENT
  C:15E7H         SYMBOL        L?0047
  C:15FDH         SYMBOL        L?0050
  -------         PROC          FUEL_CAPACITY_SCAN
  -------         DO            
  X:60C4H         SYMBOL        fuel_percent
  X:60C5H         SYMBOL        fuel_adc_val
  -------         DO            
  X:603EH         SYMBOL        status
  -------         ENDDO         
  -------         ENDDO         
  C:1570H         LINE#         341
  C:1570H         LINE#         342
  C:1570H         LINE#         343
  C:1575H         LINE#         344
  C:1579H         LINE#         346
  C:157EH         LINE#         347
  C:1581H         LINE#         348
  C:158CH         LINE#         360
  C:158CH         LINE#         362
  C:1592H         LINE#         363
  C:1592H         LINE#         364
  C:159CH         LINE#         365
  C:159CH         LINE#         366
  C:15A6H         LINE#         368
  C:15A9H         LINE#         369
  C:15ACH         LINE#         370
  C:15BCH         LINE#         372
  C:15BCH         LINE#         375
  C:15BCH         LINE#         377
  C:15BCH         LINE#         378
  C:15BFH         LINE#         380
  C:15C4H         LINE#         381
  C:15C4H         LINE#         382
  C:15C4H         LINE#         383
  C:15C4H         LINE#         385
  C:15D1H         LINE#         386
BL51 BANKED LINKER/LOCATER V6.22.4.0                                                  03/13/2026  08:55:20  PAGE 42


  C:15D1H         LINE#         388
  C:15DBH         LINE#         392
  C:15E3H         LINE#         395
  C:15E3H         LINE#         397
  C:15E3H         LINE#         398
  C:15E6H         LINE#         399
  C:15E6H         LINE#         400
  -------         ENDPROC       FUEL_CAPACITY_SCAN
  -------         ENDMOD        FUEL_CAPACITY

  -------         MODULE        TEMP_OF_WATER
  C:0000H         SYMBOL        _ICE_DUMMY_
  -------         ENDMOD        TEMP_OF_WATER

  -------         MODULE        BATTERY
  C:0000H         SYMBOL        _ICE_DUMMY_
  X:60E9H         PUBLIC        battery_scan_time_cnt
  C:143AH         PUBLIC        battery_scan
  C:1F04H         PUBLIC        _conver_adc_val_to_voltage
  C:1E96H         PUBLIC        _conver_voltage_of_battery_to_percentage
  C:1A16H         SYMBOL        Com0009
  C:1A16H         SYMBOL        L?0010
  C:1A39H         SYMBOL        L?0011
  C:1A54H         SYMBOL        L?0012
  -------         PROC          COM0009
  -------         ENDPROC       COM0009
  -------         PROC          _CONVER_ADC_VAL_TO_VOLTAGE
  D:0006H         SYMBOL        arg_adc_val
  C:1F04H         LINE#         13
  C:1F04H         LINE#         14
  C:1F04H         LINE#         24
  -------         ENDPROC       _CONVER_ADC_VAL_TO_VOLTAGE
  -------         PROC          _CONVER_VOLTAGE_OF_BATTERY_TO_PERCENTAGE
  D:0007H         SYMBOL        voltage
  -------         DO            
  D:0006H         SYMBOL        tmp
  -------         ENDDO         
  C:1E96H         LINE#         30
  C:1E96H         LINE#         31
  C:1E96H         LINE#         35
  C:1E9CH         LINE#         36
  C:1E9CH         LINE#         37
  C:1E9EH         LINE#         38
  C:1EA0H         LINE#         40
  C:1EA0H         LINE#         43
  C:1EB0H         LINE#         44
  C:1EB0H         LINE#         46
  C:1EB2H         LINE#         47
  -------         ENDPROC       _CONVER_VOLTAGE_OF_BATTERY_TO_PERCENTAGE
  -------         PROC          BATTERY_SCAN
  -------         DO            
  X:60C4H         SYMBOL        voltage_of_battery
  X:60C6H         SYMBOL        cur_percentage_of_battery
  X:60E1H         SYMBOL        battery_scan_cnt
  X:60E5H         SYMBOL        battery_val
  B:0023H.4       SYMBOL        flag_is_power_on_first
  -------         ENDDO         
BL51 BANKED LINKER/LOCATER V6.22.4.0                                                  03/13/2026  08:55:20  PAGE 43


  C:143AH         LINE#         49
  C:143AH         LINE#         50
  C:143AH         LINE#         51
  C:1441H         LINE#         52
  C:1443H         LINE#         60
  C:1448H         LINE#         61
  C:146DH         LINE#         62
  C:1486H         LINE#         64
  C:1489H         LINE#         65
  C:1489H         LINE#         67
  C:1489H         LINE#         68
  C:148FH         LINE#         69
  C:148FH         LINE#         70
  C:1499H         LINE#         71
  C:14A3H         LINE#         72
  C:14A3H         LINE#         74
  C:14A3H         LINE#         75
  C:14A3H         LINE#         80
  C:14A3H         LINE#         81
  C:14A6H         LINE#         83
  C:14A8H         LINE#         84
  C:14A9H         LINE#         86
  C:14A9H         LINE#         89
  C:14B8H         LINE#         90
  C:14B8H         LINE#         91
  C:14B8H         LINE#         92
  C:14BEH         LINE#         93
  C:14BEH         LINE#         94
  C:14C8H         LINE#         95
  C:14D2H         LINE#         96
  C:14D2H         LINE#         98
  C:14D2H         LINE#         99
  C:14D2H         LINE#         104
  C:14D2H         LINE#         105
  C:14D5H         LINE#         106
  C:14D5H         LINE#         107
  C:14D5H         LINE#         136
  -------         ENDPROC       BATTERY_SCAN
  -------         ENDMOD        BATTERY

  -------         MODULE        TOUCH_KEY
  C:0000H         SYMBOL        _ICE_DUMMY_
  -------         ENDMOD        TOUCH_KEY

  -------         MODULE        ?C?COPY
  C:011EH         PUBLIC        ?C?COPY
  -------         ENDMOD        ?C?COPY

  -------         MODULE        ?C?CLDPTR
  C:0144H         PUBLIC        ?C?CLDPTR
  -------         ENDMOD        ?C?CLDPTR

  -------         MODULE        ?C?CSTPTR
  C:015DH         PUBLIC        ?C?CSTPTR
  -------         ENDMOD        ?C?CSTPTR

  -------         MODULE        ?C?IMUL
BL51 BANKED LINKER/LOCATER V6.22.4.0                                                  03/13/2026  08:55:20  PAGE 44


  C:016FH         PUBLIC        ?C?IMUL
  -------         ENDMOD        ?C?IMUL

  -------         MODULE        ?C?UIDIV
  C:0181H         PUBLIC        ?C?UIDIV
  -------         ENDMOD        ?C?UIDIV

  -------         MODULE        ?C?IILDX
  C:01D6H         PUBLIC        ?C?IILDX
  -------         ENDMOD        ?C?IILDX

  -------         MODULE        ?C?LADD
  C:01ECH         PUBLIC        ?C?LADD
  -------         ENDMOD        ?C?LADD

  -------         MODULE        ?C?LSUB
  C:01F9H         PUBLIC        ?C?LSUB
  -------         ENDMOD        ?C?LSUB

  -------         MODULE        ?C?LMUL
  C:0207H         PUBLIC        ?C?LMUL
  -------         ENDMOD        ?C?LMUL

  -------         MODULE        ?C?ULDIV
  C:0292H         PUBLIC        ?C?ULDIV
  -------         ENDMOD        ?C?ULDIV

  -------         MODULE        ?C?LOR
  C:0324H         PUBLIC        ?C?LOR
  -------         ENDMOD        ?C?LOR

  -------         MODULE        ?C?SLCMP
  C:0331H         PUBLIC        ?C?SLCMP
  -------         ENDMOD        ?C?SLCMP

  -------         MODULE        ?C?ULCMP
  C:0347H         PUBLIC        ?C?ULCMP
  -------         ENDMOD        ?C?ULCMP

  -------         MODULE        ?C?ULSHR
  C:0358H         PUBLIC        ?C?ULSHR
  -------         ENDMOD        ?C?ULSHR

  -------         MODULE        ?C?LSHL
  C:036BH         PUBLIC        ?C?LSHL
  -------         ENDMOD        ?C?LSHL

  -------         MODULE        ?C?LLDXDATA
  C:037EH         PUBLIC        ?C?LLDXDATA
  -------         ENDMOD        ?C?LLDXDATA

  -------         MODULE        ?C?LLDXDATA0
  C:038AH         PUBLIC        ?C?LLDXDATA0
  -------         ENDMOD        ?C?LLDXDATA0

  -------         MODULE        ?C?LSTXDATA
  C:0396H         PUBLIC        ?C?LSTXDATA
BL51 BANKED LINKER/LOCATER V6.22.4.0                                                  03/13/2026  08:55:20  PAGE 45


  -------         ENDMOD        ?C?LSTXDATA

  -------         MODULE        ?C?LSTKXDATA
  C:03A2H         PUBLIC        ?C?LSTKXDATA
  -------         ENDMOD        ?C?LSTKXDATA

  -------         MODULE        ?C?OFFXADD
  C:03D3H         PUBLIC        ?C?OFFXADD
  -------         ENDMOD        ?C?OFFXADD

  -------         MODULE        ?C?PLDIXDATA
  C:03DFH         PUBLIC        ?C?PLDIXDATA
  -------         ENDMOD        ?C?PLDIXDATA

  -------         MODULE        ?C?PSTXDATA
  C:03F6H         PUBLIC        ?C?PSTXDATA
  -------         ENDMOD        ?C?PSTXDATA

  -------         MODULE        ?C?CCASE
  C:03FFH         PUBLIC        ?C?CCASE
  -------         ENDMOD        ?C?CCASE

  -------         MODULE        ?C?LIMUL
  C:0425H         PUBLIC        ?C?LIMUL
  -------         ENDMOD        ?C?LIMUL

  -------         MODULE        ?C?MEMSET
  C:0452H         PUBLIC        ?C?MEMSET
  -------         ENDMOD        ?C?MEMSET

Program Size: data=12.6 xdata=248 code=8139
LINK/LOCATE RUN COMPLETE.  0 WARNING(S),  0 ERROR(S)
