BL51 BANKED LINKER/LOCATER V6.22.4.0                                                    01/05/2026  14:13:50  PAGE 1


BL51 BANKED LINKER/LOCATER V6.22.4.0, INVOKED BY:
C:\KEIL_V5\C51\BIN\BL51.EXE .\Release\Objects\STARTUP.obj, .\Release\Objects\system.obj, ..\..\User\lib\tk_simplify_algo
>> rithm_V1.0.0.LIB, .\Release\Objects\tk_set.obj, .\Release\Objects\tmr1.obj, .\Release\Objects\tmr2.obj, .\Release\Obj
>> ects\uart0.obj, .\Release\Objects\adc.obj, .\Release\Objects\aip1302.obj, .\Release\Objects\key_driver.obj, .\Release
>> \Objects\iic_soft.obj, .\Release\Objects\user_flash.obj, .\Release\Objects\main.obj, .\Release\Objects\fun_info.obj, 
>> .\Release\Objects\send_data.obj, .\Release\Objects\pin_level_scan.obj, .\Release\Objects\speed_scan.obj, .\Release\Ob
>> jects\engine_speed_scan.obj, .\Release\Objects\mileage.obj, .\Release\Objects\instruction.obj, .\Release\Objects\ad_k
>> ey.obj, .\Release\Objects\fuel_capacity.obj, .\Release\Objects\temp_of_water.obj, .\Release\Objects\battery.obj, .\Re
>> lease\Objects\touch_key.obj TO .\Release\Objects\Project PRINT (.\Release\Listings\Project.m51) RAMSIZE (256) CODE (0
>> X0000-0X3EEF) XDATA (0X6000-0X66FF)


MEMORY MODEL: LARGE


INPUT MODULES INCLUDED:
  .\Release\Objects\STARTUP.obj (?C_STARTUP)
  .\Release\Objects\system.obj (SYSTEM)
  .\Release\Objects\tk_set.obj (TK_SET)
  .\Release\Objects\tmr1.obj (TMR1)
  .\Release\Objects\tmr2.obj (TMR2)
  .\Release\Objects\uart0.obj (UART0)
  .\Release\Objects\adc.obj (ADC)
  .\Release\Objects\aip1302.obj (AIP1302)
  .\Release\Objects\key_driver.obj (KEY_DRIVER)
  .\Release\Objects\iic_soft.obj (IIC_SOFT)
  .\Release\Objects\user_flash.obj (USER_FLASH)
  .\Release\Objects\main.obj (MAIN)
  .\Release\Objects\fun_info.obj (FUN_INFO)
  .\Release\Objects\send_data.obj (SEND_DATA)
  .\Release\Objects\pin_level_scan.obj (PIN_LEVEL_SCAN)
  .\Release\Objects\speed_scan.obj (SPEED_SCAN)
  .\Release\Objects\engine_speed_scan.obj (ENGINE_SPEED_SCAN)
  .\Release\Objects\mileage.obj (MILEAGE)
  .\Release\Objects\instruction.obj (INSTRUCTION)
  .\Release\Objects\ad_key.obj (AD_KEY)
  .\Release\Objects\fuel_capacity.obj (FUEL_CAPACITY)
  .\Release\Objects\temp_of_water.obj (TEMP_OF_WATER)
  .\Release\Objects\battery.obj (BATTERY)
  .\Release\Objects\touch_key.obj (TOUCH_KEY)
  C:\KEIL_V5\C51\LIB\C51L.LIB (?C_INIT)
  C:\KEIL_V5\C51\LIB\C51L.LIB (?C?COPY)
  C:\KEIL_V5\C51\LIB\C51L.LIB (?C?CLDPTR)
  C:\KEIL_V5\C51\LIB\C51L.LIB (?C?CSTPTR)
  C:\KEIL_V5\C51\LIB\C51L.LIB (?C?IMUL)
  C:\KEIL_V5\C51\LIB\C51L.LIB (?C?UIDIV)
  C:\KEIL_V5\C51\LIB\C51L.LIB (?C?IILDX)
  C:\KEIL_V5\C51\LIB\C51L.LIB (?C?LADD)
  C:\KEIL_V5\C51\LIB\C51L.LIB (?C?LSUB)
  C:\KEIL_V5\C51\LIB\C51L.LIB (?C?LMUL)
  C:\KEIL_V5\C51\LIB\C51L.LIB (?C?ULDIV)
  C:\KEIL_V5\C51\LIB\C51L.LIB (?C?LOR)
  C:\KEIL_V5\C51\LIB\C51L.LIB (?C?SLCMP)
  C:\KEIL_V5\C51\LIB\C51L.LIB (?C?ULCMP)
  C:\KEIL_V5\C51\LIB\C51L.LIB (?C?ULSHR)
  C:\KEIL_V5\C51\LIB\C51L.LIB (?C?LSHL)
  C:\KEIL_V5\C51\LIB\C51L.LIB (?C?LLDXDATA)
  C:\KEIL_V5\C51\LIB\C51L.LIB (?C?LLDXDATA0)
BL51 BANKED LINKER/LOCATER V6.22.4.0                                                  01/05/2026  14:13:50  PAGE 2


  C:\KEIL_V5\C51\LIB\C51L.LIB (?C?LSTXDATA)
  C:\KEIL_V5\C51\LIB\C51L.LIB (?C?LSTKXDATA)
  C:\KEIL_V5\C51\LIB\C51L.LIB (?C?OFFXADD)
  C:\KEIL_V5\C51\LIB\C51L.LIB (?C?PLDIXDATA)
  C:\KEIL_V5\C51\LIB\C51L.LIB (?C?PSTXDATA)
  C:\KEIL_V5\C51\LIB\C51L.LIB (?C?CCASE)
  C:\KEIL_V5\C51\LIB\C51L.LIB (?C?LIMUL)
  C:\KEIL_V5\C51\LIB\C51L.LIB (?C?MEMSET)


LINK MAP OF MODULE:  .\Release\Objects\Project (?C_STARTUP)


            TYPE    BASE      LENGTH    RELOCATION   SEGMENT NAME
            -----------------------------------------------------

            * * * * * * *   D A T A   M E M O R Y   * * * * * * *
            REG     0000H     0008H     ABSOLUTE     "REG BANK 0"
                    0008H     0018H                  *** GAP ***
            BIT     0020H.0   0002H.3   UNIT         ?BI?INSTRUCTION
            BIT     0022H.3   0000H.3   UNIT         ?BI?UART0
            BIT     0022H.6   0000H.2   UNIT         ?BI?TMR2
            BIT     0023H.0   0000H.1   UNIT         ?BI?SPEED_SCAN
            BIT     0023H.1   0000H.1   UNIT         ?BI?ENGINE_SPEED_SCAN
            BIT     0023H.2   0000H.1   UNIT         ?BI?MILEAGE
            BIT     0023H.3   0000H.1   UNIT         ?BI?BATTERY
            BIT     0023H.4   0000H.1   UNIT         _BIT_GROUP_
                    0023H.5   0000H.3                *** GAP ***
            IDATA   0024H     0001H     UNIT         ?STACK

            * * * * * * *  X D A T A   M E M O R Y  * * * * * * *
                    0000H     6000H                  *** GAP ***
            XDATA   6000H     003EH     UNIT         ?XD?UART0
            XDATA   603EH     002EH     UNIT         ?XD?FUEL_CAPACITY
            XDATA   606CH     0027H     UNIT         ?XD?FUN_INFO
            XDATA   6093H     0015H     UNIT         ?XD?MILEAGE
            XDATA   60A8H     0014H     UNIT         ?XD?SEND_DATA
            XDATA   60BCH     0013H     UNIT         _XDATA_GROUP_
            XDATA   60CFH     0010H     UNIT         ?XD?SPEED_SCAN
            XDATA   60DFH     000EH     UNIT         ?XD?ENGINE_SPEED_SCAN
            XDATA   60EDH     000AH     UNIT         ?XD?BATTERY
            XDATA   60F7H     0006H     UNIT         ?XD?INSTRUCTION
            XDATA   60FDH     0003H     UNIT         ?XD?TMR2
            XDATA   6100H     0002H     UNIT         ?XD?ADC
            XDATA   6102H     0002H     UNIT         ?XD?PIN_LEVEL_SCAN

            * * * * * * *   C O D E   M E M O R Y   * * * * * * *
            CODE    0000H     0003H     ABSOLUTE     
            CODE    0003H     000CH     ABSOLUTE     
            CODE    000FH     0011H     UNIT         ?PR?TMR2
                    0020H     0001H                  *** GAP ***
            CODE    0021H     0003H     ABSOLUTE     
            CODE    0024H     0003H     ABSOLUTE     
            CODE    0027H     0023H     UNIT         ?PR?ADC_SINGLE_CONVERT?ADC
                    004AH     0001H                  *** GAP ***
            CODE    004BH     0003H     ABSOLUTE     
            CODE    004EH     0430H     UNIT         ?C?LIB_CODE
BL51 BANKED LINKER/LOCATER V6.22.4.0                                                  01/05/2026  14:13:50  PAGE 3


            CODE    047EH     02CCH     UNIT         ?PR?_SEND_DATA_PACKET?SEND_DATA
            CODE    074AH     0179H     UNIT         ?PR?_CONVERT_FUEL_ADC_TO_PERCENT?FUEL_CAPACITY
            CODE    08C3H     0169H     UNIT         ?PR?INSTRUCTION_SCAN?INSTRUCTION
            CODE    0A2CH     014FH     UNIT         ?PR?INSTRUCTION_HANDLE?INSTRUCTION
            CODE    0B7BH     0120H     UNIT         ?PR?UART0_IRQHANDLER?UART0
            CODE    0C9BH     0112H     UNIT         ?PR?UART0_SCAN_HANDLE?UART0
            CODE    0DADH     010CH     UNIT         ?PR?MILEAGE_SCAN?MILEAGE
            CODE    0EB9H     00F6H     UNIT         ?PR?TIMR2_IRQHANDLER?TMR2
            CODE    0FAFH     00DCH     UNIT         ?PR?SYSTEM_INIT?SYSTEM
            CODE    108BH     00D4H     UNIT         ?PR?ADC_GETVAL?ADC
            CODE    115FH     00D0H     UNIT         ?PR?TIMR1_IRQHANDLER?TMR1
            CODE    122FH     00B5H     UNIT         ?PR?SPEED_SCAN?SPEED_SCAN
            CODE    12E4H     00AFH     UNIT         ?PR?_AIP1302_WRITE_BYTE?AIP1302
            CODE    1393H     00A9H     UNIT         ?PR?PIN_LEVEL_SCAN?PIN_LEVEL_SCAN
            CODE    143CH     009CH     UNIT         ?PR?BATTERY_SCAN?BATTERY
            CODE    14D8H     009AH     UNIT         ?C_C51STARTUP
            CODE    1572H     0099H     UNIT         ?PR?FUEL_CAPACITY_SCAN?FUEL_CAPACITY
            CODE    160BH     0092H     UNIT         ?PR?___AIP1302_READ_BYTE?AIP1302
            CODE    169DH     0090H     UNIT         ?PR?___AIP1302_WRITE_BYTE?AIP1302
            CODE    172DH     0080H     UNIT         ?PR?ENGINE_SPEED_SCAN?ENGINE_SPEED_SCAN
            CODE    17ADH     006FH     UNIT         ?C_INITSEG
            CODE    181CH     006EH     UNIT         ?PR?___AIP1302_CONVERT_READ_BYTE?AIP1302
            CODE    188AH     006CH     UNIT         ?PR?_GET_FILTERED_ADC?FUEL_CAPACITY
            CODE    18F6H     0060H     UNIT         ?PR?AIP1302_IS_RUNNING?AIP1302
            CODE    1956H     0060H     UNIT         ?PR?SEND_DATA
            CODE    19B6H     0058H     UNIT         ?PR?AIP1302_CONFIG?AIP1302
            CODE    1A0EH     0056H     UNIT         ?PR?BATTERY
            CODE    1A64H     0053H     UNIT         ?PR?UART0
            CODE    1AB7H     004DH     UNIT         ?PR?FUEL_CAPACITY
            CODE    1B04H     0046H     UNIT         ?PR?AIP1302_READ_ALL?AIP1302
            CODE    1B4AH     0045H     UNIT         ?PR?TMR2_CONFIG?TMR2
            CODE    1B8FH     0040H     UNIT         ?PR?TMR1_CONFIG?TMR1
            CODE    1BCFH     003EH     UNIT         ?PR?MAIN?MAIN
            CODE    1C0DH     003EH     UNIT         ?PR?UPDATE_ENGINE_SPEED_SCAN_DATA?ENGINE_SPEED_SCAN
            CODE    1C4BH     003DH     UNIT         ?PR?FUN_INFO_INIT?FUN_INFO
            CODE    1C88H     003BH     UNIT         ?PR?PIN_LEVEL_SCAN_CONFIG?PIN_LEVEL_SCAN
            CODE    1CC3H     0039H     UNIT         ?PR?UPDATE_SPEED_SCAN_DATA?SPEED_SCAN
            CODE    1CFCH     0037H     UNIT         ?PR?_ADC_SEL_PIN?ADC
            CODE    1D33H     0037H     UNIT         ?PR?_FLASH_PROGRAM?USER_FLASH
            CODE    1D6AH     0034H     UNIT         ?PR?_FLASH_READ?USER_FLASH
            CODE    1D9EH     0031H     UNIT         ?PR?USER_INIT?MAIN
            CODE    1DCFH     0030H     UNIT         ?PR?MILEAGE
            CODE    1DFFH     002EH     UNIT         ?PR?AIP1302
            CODE    1E2DH     002CH     UNIT         ?PR?ADC_CONFIG?ADC
            CODE    1E59H     002BH     UNIT         ?PR?UART0_CONFIG?UART0
            CODE    1E84H     001EH     UNIT         ?PR?AIP1302_UPDATE_TIME?AIP1302
            CODE    1EA2H     001DH     UNIT         ?PR?_CONVER_VOLTAGE_OF_BATTERY_TO_PERCENTAGE?BATTERY
            CODE    1EBFH     001CH     UNIT         ?PR?FUN_INFO_SAVE?FUN_INFO
            CODE    1EDBH     001BH     UNIT         ?PR?_DELAY_MS?SYSTEM
            CODE    1EF6H     001AH     UNIT         ?PR?_REVERSE_U8?AIP1302
            CODE    1F10H     0019H     UNIT         ?PR?_CONVER_ADC_VAL_TO_VOLTAGE?BATTERY
            CODE    1F29H     0016H     UNIT         ?PR?_AIP1302_READ_BYTE?AIP1302
            CODE    1F3FH     0011H     UNIT         ?PR?_FLASH_ERASE_SECTOR?USER_FLASH
            CODE    1F50H     0011H     UNIT         ?PR?_SAMPLES_INIT?FUEL_CAPACITY
            CODE    1F61H     000FH     UNIT         ?PR?ADC
            CODE    1F70H     000DH     UNIT         ?PR?_UART0_SENDBYTE?UART0
            CODE    1F7DH     000DH     UNIT         ?PR?SPEED_SCAN_CONFIG?SPEED_SCAN
BL51 BANKED LINKER/LOCATER V6.22.4.0                                                  01/05/2026  14:13:50  PAGE 4


            CODE    1F8AH     000DH     UNIT         ?PR?ENGINE_SPEED_SCAN_CONFIG?ENGINE_SPEED_SCAN
            CODE    1F97H     000CH     UNIT         ?PR?SPEED_SCAN
            CODE    1FA3H     000BH     UNIT         ?PR?_DELAY?SYSTEM
            CODE    1FAEH     000AH     UNIT         ?PR?UART0_RECEIVE_TIMEOUT_ENABLE?UART0
            CODE    1FB8H     000AH     UNIT         ?PR?UART0_RECEIVE_TIMEOUT_DISABLE?UART0
            CODE    1FC2H     000AH     UNIT         ?PR?INSTRUCTION
            CODE    1FCCH     0007H     UNIT         ?PR?TMR1
            CODE    1FD3H     0006H     UNIT         ?PR?ENGINE_SPEED_SCAN



OVERLAY MAP OF MODULE:   .\Release\Objects\Project (?C_STARTUP)


SEGMENT                                             BIT_GROUP          XDATA_GROUP
  +--> CALLED SEGMENT                            START    LENGTH     START    LENGTH
------------------------------------------------------------------------------------
?C_C51STARTUP                                    -----    -----      -----    -----
  +--> ?PR?MAIN?MAIN
  +--> ?C_INITSEG

?PR?MAIN?MAIN                                    -----    -----      -----    -----
  +--> ?PR?SYSTEM_INIT?SYSTEM
  +--> ?PR?USER_INIT?MAIN
  +--> ?PR?_DELAY_MS?SYSTEM
  +--> ?PR?PIN_LEVEL_SCAN?PIN_LEVEL_SCAN
  +--> ?PR?SPEED_SCAN?SPEED_SCAN
  +--> ?PR?ENGINE_SPEED_SCAN?ENGINE_SPEED_SCAN
  +--> ?PR?MILEAGE_SCAN?MILEAGE
  +--> ?PR?FUEL_CAPACITY_SCAN?FUEL_CAPACITY
  +--> ?PR?BATTERY_SCAN?BATTERY
  +--> ?PR?UART0_SCAN_HANDLE?UART0
  +--> ?PR?INSTRUCTION_SCAN?INSTRUCTION
  +--> ?PR?INSTRUCTION_HANDLE?INSTRUCTION

?PR?SYSTEM_INIT?SYSTEM                           -----    -----      -----    -----
  +--> ?PR?_DELAY?SYSTEM
  +--> ?PR?_DELAY_MS?SYSTEM

?PR?_DELAY_MS?SYSTEM                             -----    -----      -----    -----
  +--> ?PR?_DELAY?SYSTEM

?PR?USER_INIT?MAIN                               -----    -----      -----    -----
  +--> ?PR?UART0_CONFIG?UART0
  +--> ?PR?PIN_LEVEL_SCAN_CONFIG?PIN_LEVEL_SCAN
  +--> ?PR?TMR1_CONFIG?TMR1
  +--> ?PR?SPEED_SCAN_CONFIG?SPEED_SCAN
  +--> ?PR?ENGINE_SPEED_SCAN_CONFIG?ENGINE_S...
  +--> ?PR?ADC_CONFIG?ADC
  +--> ?PR?AIP1302_CONFIG?AIP1302
  +--> ?PR?TMR2_CONFIG?TMR2
  +--> ?PR?FUN_INFO_INIT?FUN_INFO
  +--> ?PR?_DELAY_MS?SYSTEM

?PR?AIP1302_CONFIG?AIP1302                       -----    -----      -----    -----
  +--> ?PR?AIP1302
  +--> ?PR?AIP1302_IS_RUNNING?AIP1302
BL51 BANKED LINKER/LOCATER V6.22.4.0                                                  01/05/2026  14:13:50  PAGE 5


  +--> ?PR?_AIP1302_WRITE_BYTE?AIP1302
  +--> ?PR?AIP1302_READ_ALL?AIP1302

?PR?AIP1302_IS_RUNNING?AIP1302                   -----    -----      -----    -----
  +--> ?PR?AIP1302_READ_ALL?AIP1302

?PR?AIP1302_READ_ALL?AIP1302                     -----    -----      -----    -----
  +--> ?PR?_AIP1302_READ_BYTE?AIP1302

?PR?_AIP1302_READ_BYTE?AIP1302                   -----    -----      60BCH    0001H
  +--> ?PR?___AIP1302_READ_BYTE?AIP1302
  +--> ?PR?___AIP1302_CONVERT_READ_BYTE?AIP1302

?PR?___AIP1302_READ_BYTE?AIP1302                 -----    -----      60BDH    0003H
  +--> ?PR?AIP1302
  +--> ?PR?_DELAY?SYSTEM

?PR?___AIP1302_CONVERT_READ_BYTE?AIP1302         -----    -----      60BDH    0003H
  +--> ?PR?_REVERSE_U8?AIP1302

?PR?_AIP1302_WRITE_BYTE?AIP1302                  -----    -----      60C3H    0004H
  +--> ?PR?___AIP1302_WRITE_BYTE?AIP1302

?PR?___AIP1302_WRITE_BYTE?AIP1302                -----    -----      60C7H    0003H
  +--> ?PR?AIP1302
  +--> ?PR?_DELAY?SYSTEM

?PR?FUN_INFO_INIT?FUN_INFO                       -----    -----      60BCH    000DH
  +--> ?PR?_FLASH_READ?USER_FLASH

?PR?_FLASH_READ?USER_FLASH                       -----    -----      60C9H    0005H

?PR?SPEED_SCAN?SPEED_SCAN                        -----    -----      60BCH    0008H
  +--> ?PR?SPEED_SCAN

?PR?ENGINE_SPEED_SCAN?ENGINE_SPEED_SCAN          -----    -----      60BCH    0004H
  +--> ?PR?ENGINE_SPEED_SCAN

?PR?MILEAGE_SCAN?MILEAGE                         -----    -----      -----    -----
  +--> ?PR?FUN_INFO_SAVE?FUN_INFO
  +--> ?PR?MILEAGE

?PR?FUN_INFO_SAVE?FUN_INFO                       -----    -----      -----    -----
  +--> ?PR?_FLASH_ERASE_SECTOR?USER_FLASH
  +--> ?PR?_FLASH_PROGRAM?USER_FLASH

?PR?_FLASH_PROGRAM?USER_FLASH                    -----    -----      60BCH    0005H

?PR?FUEL_CAPACITY_SCAN?FUEL_CAPACITY             -----    -----      60BCH    0003H
  +--> ?PR?_ADC_SEL_PIN?ADC
  +--> ?PR?_GET_FILTERED_ADC?FUEL_CAPACITY
  +--> ?PR?FUEL_CAPACITY
  +--> ?PR?_SAMPLES_INIT?FUEL_CAPACITY
  +--> ?PR?_CONVERT_FUEL_ADC_TO_PERCENT?FUEL...
  +--> ?PR?ADC_GETVAL?ADC

?PR?_ADC_SEL_PIN?ADC                             -----    -----      -----    -----
BL51 BANKED LINKER/LOCATER V6.22.4.0                                                  01/05/2026  14:13:50  PAGE 6


  +--> ?PR?_DELAY_MS?SYSTEM

?PR?_GET_FILTERED_ADC?FUEL_CAPACITY              -----    -----      60BFH    0005H
  +--> ?PR?FUEL_CAPACITY

?PR?_SAMPLES_INIT?FUEL_CAPACITY                  -----    -----      -----    -----
  +--> ?PR?FUEL_CAPACITY

?PR?_CONVERT_FUEL_ADC_TO_PERCENT?FUEL...         -----    -----      60BFH    0002H
  +--> ?PR?FUEL_CAPACITY

?PR?ADC_GETVAL?ADC                               -----    -----      60BFH    000BH
  +--> ?PR?ADC_SINGLE_CONVERT?ADC
  +--> ?PR?ADC

?PR?BATTERY_SCAN?BATTERY                         -----    -----      60BCH    0003H
  +--> ?PR?_ADC_SEL_PIN?ADC
  +--> ?PR?ADC_GETVAL?ADC
  +--> ?PR?BATTERY
  +--> ?PR?_CONVER_ADC_VAL_TO_VOLTAGE?BATTERY

?PR?BATTERY                                      -----    -----      -----    -----
  +--> ?PR?_CONVER_VOLTAGE_OF_BATTERY_TO_PER...

?PR?UART0_SCAN_HANDLE?UART0                      0023H.4  0000H.1    60BCH    0003H
  +--> ?PR?UART0_RECEIVE_TIMEOUT_DISABLE?UART0
  +--> ?PR?UART0

?PR?INSTRUCTION_SCAN?INSTRUCTION                 -----    -----      60BCH    0001H
  +--> ?PR?INSTRUCTION

?PR?INSTRUCTION_HANDLE?INSTRUCTION               -----    -----      -----    -----
  +--> ?PR?_SEND_DATA_PACKET?SEND_DATA
  +--> ?PR?AIP1302_READ_ALL?AIP1302
  +--> ?PR?AIP1302_UPDATE_TIME?AIP1302
  +--> ?PR?FUN_INFO_SAVE?FUN_INFO

?PR?_SEND_DATA_PACKET?SEND_DATA                  -----    -----      60BCH    0007H
  +--> ?PR?SEND_DATA
  +--> ?PR?_UART0_SENDBYTE?UART0
  +--> ?PR?_DELAY_MS?SYSTEM

?PR?AIP1302_UPDATE_TIME?AIP1302                  -----    -----      60BCH    0007H
  +--> ?PR?_AIP1302_WRITE_BYTE?AIP1302

*** NEW ROOT ***************************************************

?PR?TIMR1_IRQHANDLER?TMR1                        -----    -----      -----    -----
  +--> ?PR?TMR1

*** NEW ROOT ***************************************************

?PR?TIMR2_IRQHANDLER?TMR2                        -----    -----      -----    -----
  +--> ?PR?TMR2
  +--> ?PR?UPDATE_ENGINE_SPEED_SCAN_DATA?ENG...
  +--> ?PR?UPDATE_SPEED_SCAN_DATA?SPEED_SCAN

BL51 BANKED LINKER/LOCATER V6.22.4.0                                                  01/05/2026  14:13:50  PAGE 7


?PR?UPDATE_ENGINE_SPEED_SCAN_DATA?ENG...         -----    -----      -----    -----
  +--> ?PR?ENGINE_SPEED_SCAN

?PR?UPDATE_SPEED_SCAN_DATA?SPEED_SCAN            -----    -----      -----    -----
  +--> ?PR?SPEED_SCAN

*** NEW ROOT ***************************************************

?PR?UART0_IRQHANDLER?UART0                       -----    -----      60CEH    0001H
  +--> ?PR?UART0
  +--> ?PR?UART0_RECEIVE_TIMEOUT_ENABLE?UART0
  +--> ?PR?UART0_RECEIVE_TIMEOUT_DISABLE?UART0



SYMBOL TABLE OF MODULE:  .\Release\Objects\Project (?C_STARTUP)

  VALUE           TYPE          NAME
  ----------------------------------

  -------         MODULE        ?C_STARTUP
  C:14D8H         SEGMENT       ?C_C51STARTUP
  I:0024H         SEGMENT       ?STACK
  C:0000H         PUBLIC        ?C_STARTUP
  D:00E0H         SYMBOL        ACC
  D:00F0H         SYMBOL        B
  D:0083H         SYMBOL        DPH
  D:0082H         SYMBOL        DPL
  N:0000H         SYMBOL        IBPSTACK
  N:0100H         SYMBOL        IBPSTACKTOP
  N:0080H         SYMBOL        IDATALEN
  C:14DBH         SYMBOL        IDATALOOP
  N:0000H         SYMBOL        PBPSTACK
  N:0100H         SYMBOL        PBPSTACKTOP
  N:0000H         SYMBOL        PDATALEN
  N:0000H         SYMBOL        PDATASTART
  N:0000H         SYMBOL        PPAGE
  N:0000H         SYMBOL        PPAGEENABLE
  D:00A0H         SYMBOL        PPAGE_SFR
  D:0081H         SYMBOL        SP
  C:14D8H         SYMBOL        STARTUP1
  N:0000H         SYMBOL        XBPSTACK
  N:0000H         SYMBOL        XBPSTACKTOP
  N:0700H         SYMBOL        XDATALEN
  C:14E6H         SYMBOL        XDATALOOP
  N:6000H         SYMBOL        XDATASTART
  C:0000H         LINE#         126
  C:14D8H         LINE#         133
  C:14DAH         LINE#         134
  C:14DBH         LINE#         135
  C:14DCH         LINE#         136
  C:14DEH         LINE#         140
  C:14E1H         LINE#         141
  C:14E3H         LINE#         145
  C:14E5H         LINE#         147
  C:14E6H         LINE#         148
  C:14E7H         LINE#         149
BL51 BANKED LINKER/LOCATER V6.22.4.0                                                  01/05/2026  14:13:50  PAGE 8


  C:14E8H         LINE#         150
  C:14EAH         LINE#         151
  C:14ECH         LINE#         185
  C:14EFH         LINE#         196
  -------         ENDMOD        ?C_STARTUP

  -------         MODULE        SYSTEM
  C:0000H         SYMBOL        _ICE_DUMMY_
  D:00D9H         PUBLIC        WDT_KEY
  D:00A7H         PUBLIC        FLASH_TIMEREG0
  D:00ACH         PUBLIC        FLASH_TIMEREG1
  C:1FA3H         PUBLIC        _delay
  C:1EDBH         PUBLIC        _delay_ms
  C:0FAFH         PUBLIC        system_init
  -------         PROC          _DELAY
  D:0006H         SYMBOL        cnt
  C:1FA3H         LINE#         37
  C:1FA3H         LINE#         38
  C:1FA3H         LINE#         39
  C:1FADH         LINE#         40
  C:1FADH         LINE#         41
  C:1FADH         LINE#         42
  -------         ENDPROC       _DELAY
  -------         PROC          _DELAY_MS
  D:0002H         SYMBOL        ms
  C:1EDBH         LINE#         49
  C:1EDFH         LINE#         50
  C:1EDFH         LINE#         51
  C:1EE9H         LINE#         52
  C:1EE9H         LINE#         53
  C:1EF0H         LINE#         54
  C:1EF3H         LINE#         55
  C:1EF5H         LINE#         56
  -------         ENDPROC       _DELAY_MS
  -------         PROC          SYSTEM_INIT
  -------         DO            
  D:0007H         SYMBOL        i
  -------         ENDDO         
  C:0FAFH         LINE#         63
  C:0FAFH         LINE#         64
  C:0FAFH         LINE#         67
  C:0FB6H         LINE#         68
  C:0FC3H         LINE#         69
  C:0FC6H         LINE#         72
  C:0FC9H         LINE#         73
  C:0FCFH         LINE#         74
  C:0FD5H         LINE#         75
  C:0FDBH         LINE#         76
  C:0FE1H         LINE#         77
  C:0FE8H         LINE#         81
  C:0FEAH         LINE#         82
  C:0FEAH         LINE#         83
  C:0FF7H         LINE#         84
  C:0FFCH         LINE#         86
  C:108AH         LINE#         87
  -------         ENDPROC       SYSTEM_INIT
  -------         ENDMOD        SYSTEM
BL51 BANKED LINKER/LOCATER V6.22.4.0                                                  01/05/2026  14:13:50  PAGE 9



  -------         MODULE        TK_SET
  C:0000H         SYMBOL        _ICE_DUMMY_
  -------         ENDMOD        TK_SET

  -------         MODULE        TMR1
  C:0000H         SYMBOL        _ICE_DUMMY_
  D:00A8H         PUBLIC        IE0
  D:00A9H         PUBLIC        IE1
  D:00AAH         PUBLIC        IE2
  D:00ABH         PUBLIC        IE3
  B:00A8H.7       PUBLIC        IE_EA
  D:00B8H         PUBLIC        IP0
  D:00B1H         PUBLIC        IP1
  D:00B2H         PUBLIC        IP2
  D:00B3H         PUBLIC        IP3
  D:00B4H         PUBLIC        IP4
  D:00B5H         PUBLIC        IP5
  D:00B6H         PUBLIC        IP6
  D:00B7H         PUBLIC        IP7
  D:00D1H         PUBLIC        TMR_ALLCON
  C:1B8FH         PUBLIC        tmr1_config
  C:115FH         PUBLIC        TIMR1_IRQHandler
  C:1FCCH         SYMBOL        Com0046
  C:1FCCH         SYMBOL        L?0071
  C:1FCCH         SYMBOL        L?0072
  -------         PROC          COM0046
  -------         ENDPROC       COM0046
  -------         PROC          TMR1_CONFIG
  C:1B8FH         LINE#         15
  C:1B8FH         LINE#         16
  C:1B8FH         LINE#         17
  C:1B95H         LINE#         18
  C:1B98H         LINE#         19
  C:1B9AH         LINE#         21
  C:1B9DH         LINE#         23
  C:1BA3H         LINE#         24
  C:1BA7H         LINE#         25
  C:1BABH         LINE#         26
  C:1BAFH         LINE#         28
  C:1BB4H         LINE#         29
  C:1BB8H         LINE#         32
  C:1BBDH         LINE#         33
  C:1BC1H         LINE#         39
  C:1BC7H         LINE#         40
  C:1BCBH         LINE#         42
  C:1BCEH         LINE#         44
  -------         ENDPROC       TMR1_CONFIG
  -------         PROC          TIMR1_IRQHANDLER
  C:115FH         LINE#         47
  C:117CH         LINE#         50
  C:117CH         LINE#         55
  C:1185H         LINE#         56
  C:1185H         LINE#         57
  C:1189H         LINE#         65
  C:118CH         LINE#         66
  C:118CH         LINE#         67
BL51 BANKED LINKER/LOCATER V6.22.4.0                                                  01/05/2026  14:13:50  PAGE 10


  C:1192H         LINE#         68
  C:1192H         LINE#         87
  C:1192H         LINE#         88
  C:1198H         LINE#         89
  C:1198H         LINE#         93
  C:11AFH         LINE#         94
  C:11AFH         LINE#         95
  C:11B5H         LINE#         97
  C:11B5H         LINE#         101
  C:11B5H         LINE#         102
  C:11CEH         LINE#         104
  C:11CEH         LINE#         108
  C:11CEH         LINE#         109
  C:11D4H         LINE#         111
  C:11E3H         LINE#         112
  C:11E3H         LINE#         114
  C:11E7H         LINE#         115
  C:11EBH         LINE#         116
  C:11EBH         LINE#         117
  C:11EBH         LINE#         135
  C:11EBH         LINE#         137
  C:11F1H         LINE#         139
  C:1200H         LINE#         140
  C:1200H         LINE#         142
  C:1204H         LINE#         143
  C:1208H         LINE#         144
  C:1208H         LINE#         145
  C:1208H         LINE#         148
  C:1208H         LINE#         149
  C:120EH         LINE#         150
  C:120EH         LINE#         154
  C:120EH         LINE#         155
  C:1214H         LINE#         156
  C:1214H         LINE#         183
  C:1214H         LINE#         187
  C:1214H         LINE#         188
  -------         ENDPROC       TIMR1_IRQHANDLER
  -------         ENDMOD        TMR1

  -------         MODULE        TMR2
  C:0000H         SYMBOL        _ICE_DUMMY_
  D:00A8H         PUBLIC        IE0
  D:00A9H         PUBLIC        IE1
  D:00AAH         PUBLIC        IE2
  D:00ABH         PUBLIC        IE3
  B:00A8H.7       PUBLIC        IE_EA
  D:00B8H         PUBLIC        IP0
  D:00B1H         PUBLIC        IP1
  D:00B2H         PUBLIC        IP2
  D:00B3H         PUBLIC        IP3
  D:00B4H         PUBLIC        IP4
  D:00B5H         PUBLIC        IP5
  D:00B6H         PUBLIC        IP6
  D:00B7H         PUBLIC        IP7
  B:0080H.2       PUBLIC        P02
  B:0090H.5       PUBLIC        P15
  D:00D1H         PUBLIC        TMR_ALLCON
BL51 BANKED LINKER/LOCATER V6.22.4.0                                                  01/05/2026  14:13:50  PAGE 11


  C:1B4AH         PUBLIC        tmr2_config
  C:0EB9H         PUBLIC        TIMR2_IRQHandler
  C:000FH         SYMBOL        Com004C
  C:000FH         SYMBOL        L?0077
  C:000FH         SYMBOL        L?0078
  -------         PROC          COM004C
  -------         ENDPROC       COM004C
  -------         PROC          TMR2_CONFIG
  C:1B4AH         LINE#         14
  C:1B4AH         LINE#         15
  C:1B4AH         LINE#         16
  C:1B50H         LINE#         17
  C:1B53H         LINE#         18
  C:1B55H         LINE#         21
  C:1B58H         LINE#         23
  C:1B5FH         LINE#         24
  C:1B61H         LINE#         25
  C:1B65H         LINE#         26
  C:1B69H         LINE#         29
  C:1B6FH         LINE#         30
  C:1B75H         LINE#         34
  C:1B7CH         LINE#         35
  C:1B80H         LINE#         37
  C:1B87H         LINE#         38
  C:1B8BH         LINE#         40
  C:1B8EH         LINE#         41
  -------         ENDPROC       TMR2_CONFIG
  -------         PROC          TIMR2_IRQHANDLER
  -------         DO            
  B:0022H.6       SYMBOL        last_engine_speed_scan_level
  B:0022H.7       SYMBOL        last_speed_scan_level
  -------         DO            
  X:60FDH         SYMBOL        cnt
  X:60FEH         SYMBOL        cnt
  -------         ENDDO         
  -------         DO            
  X:60FEH         SYMBOL        cnt
  -------         ENDDO         
  -------         ENDDO         
  C:0EB9H         LINE#         77
  C:0ED6H         LINE#         93
  C:0ED6H         LINE#         98
  C:0EE0H         LINE#         99
  C:0EE0H         LINE#         100
  C:0EE4H         LINE#         104
  C:0EE4H         LINE#         106
  C:0EEAH         LINE#         107
  C:0EF0H         LINE#         108
  C:0EF0H         LINE#         109
  C:0EF2H         LINE#         110
  C:0EFBH         LINE#         112
  C:0F0DH         LINE#         114
  C:0F0DH         LINE#         115
  C:0F11H         LINE#         116
  C:0F13H         LINE#         117
  C:0F13H         LINE#         118
  C:0F13H         LINE#         119
BL51 BANKED LINKER/LOCATER V6.22.4.0                                                  01/05/2026  14:13:50  PAGE 12


  C:0F13H         LINE#         121
  C:0F16H         LINE#         122
  C:0F16H         LINE#         123
  C:0F19H         LINE#         124
  C:0F19H         LINE#         130
  C:0F25H         LINE#         131
  C:0F28H         LINE#         132
  C:0F28H         LINE#         134
  C:0F2AH         LINE#         135
  C:0F2CH         LINE#         137
  C:0F2CH         LINE#         139
  C:0F2EH         LINE#         140
  C:0F2EH         LINE#         145
  C:0F2EH         LINE#         147
  C:0F38H         LINE#         148
  C:0F47H         LINE#         149
  C:0F47H         LINE#         150
  C:0F4BH         LINE#         151
  C:0F57H         LINE#         154
  C:0F6DH         LINE#         156
  C:0F6DH         LINE#         157
  C:0F77H         LINE#         158
  C:0F79H         LINE#         159
  C:0F79H         LINE#         160
  C:0F79H         LINE#         161
  C:0F79H         LINE#         163
  C:0F7CH         LINE#         164
  C:0F7CH         LINE#         165
  C:0F7FH         LINE#         166
  C:0F7FH         LINE#         175
  C:0F8BH         LINE#         176
  C:0F8EH         LINE#         177
  C:0F8EH         LINE#         179
  C:0F90H         LINE#         180
  C:0F92H         LINE#         182
  C:0F92H         LINE#         184
  C:0F94H         LINE#         185
  C:0F94H         LINE#         187
  C:0F94H         LINE#         191
  C:0F94H         LINE#         192
  -------         ENDPROC       TIMR2_IRQHANDLER
  -------         ENDMOD        TMR2

  -------         MODULE        UART0
  C:0000H         SYMBOL        _ICE_DUMMY_
  D:00A8H         PUBLIC        IE0
  D:00A9H         PUBLIC        IE1
  D:00AAH         PUBLIC        IE2
  D:00ABH         PUBLIC        IE3
  B:00A8H.7       PUBLIC        IE_EA
  D:00B8H         PUBLIC        IP0
  D:00B1H         PUBLIC        IP1
  D:00B2H         PUBLIC        IP2
  D:00B3H         PUBLIC        IP3
  D:00B4H         PUBLIC        IP4
  D:00B5H         PUBLIC        IP5
  D:00B6H         PUBLIC        IP6
BL51 BANKED LINKER/LOCATER V6.22.4.0                                                  01/05/2026  14:13:50  PAGE 13


  D:00B7H         PUBLIC        IP7
  D:00D2H         PUBLIC        UART0_CON0
  D:00D4H         PUBLIC        UART0_STA
  D:00D5H         PUBLIC        UART0_BAUD0
  D:00D6H         PUBLIC        UART0_BAUD1
  D:00D7H         PUBLIC        UART0_DATA
  X:6000H         PUBLIC        uart0_recv_buf
  X:602DH         PUBLIC        uart0_recv_len
  X:6030H         PUBLIC        recved_flagbuf
  X:6033H         PUBLIC        recv_frame_cnt
  X:6034H         PUBLIC        flagbuf_valid_instruction
  B:0022H.3       PUBLIC        flag_is_uart0_receive_timeout
  B:0022H.4       PUBLIC        flag_is_uart0_receive_timeout_enable
  X:6037H         PUBLIC        uart0_receive_timeout_cnt
  C:1E59H         PUBLIC        uart0_config
  C:1F70H         PUBLIC        _uart0_sendbyte
  C:0C9BH         PUBLIC        uart0_scan_handle
  B:0022H.5       SYMBOL        flag_is_recving_data
  X:6038H         SYMBOL        frame_len
  X:6039H         SYMBOL        cur_recv_len
  X:603AH         SYMBOL        blank_index
  C:1FAEH         SYMBOL        uart0_receive_timeout_enable
  C:1FB8H         SYMBOL        uart0_receive_timeout_disable
  C:0B7BH         PUBLIC        UART0_IRQHandler
  C:1A64H         SYMBOL        Com005B
  C:1A64H         SYMBOL        L?0092
  C:1A6DH         SYMBOL        L?0093
  C:1A75H         SYMBOL        L?0094
  C:1A7CH         SYMBOL        L?0095
  C:1A84H         SYMBOL        L?0096
  C:1A96H         SYMBOL        L?0097
  C:1A99H         SYMBOL        L?0098
  C:1AA1H         SYMBOL        L?0099
  C:1AADH         SYMBOL        L?0100
  -------         PROC          COM005B
  -------         ENDPROC       COM005B
  -------         PROC          UART0_RECEIVE_TIMEOUT_ENABLE
  C:1FAEH         LINE#         46
  C:1FAEH         LINE#         47
  C:1FAEH         LINE#         48
  C:1FB3H         LINE#         49
  C:1FB5H         LINE#         50
  C:1FB7H         LINE#         51
  -------         ENDPROC       UART0_RECEIVE_TIMEOUT_ENABLE
  -------         PROC          UART0_RECEIVE_TIMEOUT_DISABLE
  C:1FB8H         LINE#         53
  C:1FB8H         LINE#         54
  C:1FB8H         LINE#         55
  C:1FBAH         LINE#         56
  C:1FBFH         LINE#         57
  C:1FC1H         LINE#         58
  -------         ENDPROC       UART0_RECEIVE_TIMEOUT_DISABLE
  -------         PROC          UART0_CONFIG
  C:1E59H         LINE#         62
  C:1E59H         LINE#         63
  C:1E59H         LINE#         66
  C:1E5FH         LINE#         67
BL51 BANKED LINKER/LOCATER V6.22.4.0                                                  01/05/2026  14:13:50  PAGE 14


  C:1E63H         LINE#         68
  C:1E67H         LINE#         69
  C:1E6EH         LINE#         70
  C:1E75H         LINE#         89
  C:1E78H         LINE#         90
  C:1E7AH         LINE#         92
  C:1E7DH         LINE#         93
  C:1E80H         LINE#         94
  C:1E83H         LINE#         97
  -------         ENDPROC       UART0_CONFIG
  -------         PROC          UART0_IRQHANDLER
  -------         DO            
  X:60CEH         SYMBOL        uart0_tmp_val
  -------         ENDDO         
  C:0B7BH         LINE#         100
  C:0B98H         LINE#         102
  C:0B9DH         LINE#         105
  C:0B9DH         LINE#         110
  C:0BA5H         LINE#         111
  C:0BA5H         LINE#         113
  C:0BA8H         LINE#         115
  C:0BB8H         LINE#         117
  C:0BB8H         LINE#         124
  C:0BB8H         LINE#         126
  C:0BBBH         LINE#         128
  C:0BBBH         LINE#         131
  C:0BC2H         LINE#         132
  C:0BC2H         LINE#         135
  C:0BC4H         LINE#         136
  C:0BC4H         LINE#         137
  C:0BC7H         LINE#         142
  C:0BCAH         LINE#         143
  C:0BCAH         LINE#         145
  C:0BD1H         LINE#         146
  C:0BD1H         LINE#         148
  C:0BD9H         LINE#         151
  C:0BD9H         LINE#         154
  C:0BE2H         LINE#         155
  C:0BE2H         LINE#         157
  C:0C14H         LINE#         161
  C:0C19H         LINE#         163
  C:0C24H         LINE#         165
  C:0C24H         LINE#         167
  C:0C37H         LINE#         169
  C:0C39H         LINE#         170
  C:0C39H         LINE#         171
  C:0C3CH         LINE#         173
  C:0C42H         LINE#         174
  C:0C48H         LINE#         176
  C:0C61H         LINE#         177
  C:0C73H         LINE#         178
  C:0C73H         LINE#         179
  C:0C7DH         LINE#         180
  C:0C7DH         LINE#         205
  C:0C7DH         LINE#         209
  C:0C80H         LINE#         210
  C:0C80H         LINE#         212
BL51 BANKED LINKER/LOCATER V6.22.4.0                                                  01/05/2026  14:13:50  PAGE 15


  C:0C80H         LINE#         213
  C:0C80H         LINE#         214
  C:0C80H         LINE#         219
  C:0C80H         LINE#         223
  C:0C80H         LINE#         224
  -------         ENDPROC       UART0_IRQHANDLER
  -------         PROC          _UART0_SENDBYTE
  D:0007H         SYMBOL        senddata
  C:1F70H         LINE#         227
  C:1F70H         LINE#         228
  C:1F70H         LINE#         229
  C:1F75H         LINE#         231
  C:1F77H         LINE#         232
  C:1F7CH         LINE#         234
  -------         ENDPROC       _UART0_SENDBYTE
  -------         PROC          UART0_SCAN_HANDLE
  -------         DO            
  X:60BCH         SYMBOL        i
  X:60BDH         SYMBOL        checksum
  B:0023H.4       SYMBOL        __flag_is_crc_or_len_err
  -------         DO            
  X:60BEH         SYMBOL        __loop_crc_cnt
  -------         ENDDO         
  -------         ENDDO         
  C:0C9BH         LINE#         250
  C:0C9BH         LINE#         251
  C:0C9BH         LINE#         252
  C:0CA0H         LINE#         253
  C:0CA2H         LINE#         254
  C:0CA4H         LINE#         299
  C:0CADH         LINE#         300
  C:0CADH         LINE#         304
  C:0CB0H         LINE#         307
  C:0CB5H         LINE#         308
  C:0CB9H         LINE#         309
  C:0CBCH         LINE#         312
  C:0CBCH         LINE#         316
  C:0CCEH         LINE#         317
  C:0CCEH         LINE#         318
  C:0CDAH         LINE#         319
  C:0CDAH         LINE#         323
  C:0CF7H         LINE#         324
  C:0CF7H         LINE#         331
  C:0D00H         LINE#         332
  C:0D00H         LINE#         333
  C:0D11H         LINE#         336
  C:0D11H         LINE#         338
  C:0D11H         LINE#         339
  C:0D16H         LINE#         340
  C:0D1AH         LINE#         341
  C:0D2BH         LINE#         342
  C:0D2BH         LINE#         343
  C:0D47H         LINE#         344
  C:0D4DH         LINE#         347
  C:0D52H         LINE#         348
  C:0D71H         LINE#         349
  C:0D71H         LINE#         351
BL51 BANKED LINKER/LOCATER V6.22.4.0                                                  01/05/2026  14:13:50  PAGE 16


  C:0D73H         LINE#         352
  C:0D73H         LINE#         353
  C:0D73H         LINE#         355
  C:0D76H         LINE#         356
  C:0D76H         LINE#         377
  C:0D78H         LINE#         378
  C:0D82H         LINE#         379
  C:0D82H         LINE#         380
  C:0D93H         LINE#         381
  C:0D93H         LINE#         384
  C:0DA3H         LINE#         385
  C:0DA3H         LINE#         386
  C:0DACH         LINE#         387
  -------         ENDPROC       UART0_SCAN_HANDLE
  -------         ENDMOD        UART0

  -------         MODULE        ADC
  C:0000H         SYMBOL        _ICE_DUMMY_
  D:0091H         PUBLIC        ADC_CFG2
  D:0093H         PUBLIC        ADC_DATAH0
  D:0094H         PUBLIC        ADC_DATAL0
  D:0099H         PUBLIC        ADC_CHS0
  D:009EH         PUBLIC        ADC_TRGS0
  X:6100H         PUBLIC        adc_val
  C:1E2DH         PUBLIC        adc_config
  C:1CFCH         PUBLIC        _adc_sel_pin
  C:0027H         PUBLIC        adc_single_convert
  C:108BH         PUBLIC        adc_getval
  C:1F61H         SYMBOL        Com0010
  C:1F61H         SYMBOL        L?0017
  C:1F6AH         SYMBOL        L?0018
  -------         PROC          COM0010
  -------         ENDPROC       COM0010
  -------         PROC          ADC_CONFIG
  C:1E2DH         LINE#         9
  C:1E2DH         LINE#         10
  C:1E2DH         LINE#         13
  C:1E33H         LINE#         23
  C:1E38H         LINE#         31
  C:1E3EH         LINE#         32
  C:1E41H         LINE#         39
  C:1E48H         LINE#         40
  C:1E4CH         LINE#         41
  C:1E52H         LINE#         45
  C:1E55H         LINE#         46
  C:1E58H         LINE#         47
  -------         ENDPROC       ADC_CONFIG
  -------         PROC          _ADC_SEL_PIN
  D:0007H         SYMBOL        adc_pin
  C:1CFCH         LINE#         51
  C:1CFCH         LINE#         52
  C:1CFCH         LINE#         53
  C:1CFFH         LINE#         55
  C:1D08H         LINE#         56
  C:1D08H         LINE#         58
  C:1D08H         LINE#         59
  C:1D0FH         LINE#         60
BL51 BANKED LINKER/LOCATER V6.22.4.0                                                  01/05/2026  14:13:50  PAGE 17


  C:1D13H         LINE#         61
  C:1D16H         LINE#         62
  C:1D18H         LINE#         76
  C:1D18H         LINE#         81
  C:1D1FH         LINE#         83
  C:1D23H         LINE#         84
  C:1D26H         LINE#         85
  C:1D26H         LINE#         95
  C:1D26H         LINE#         97
  C:1D2CH         LINE#         100
  -------         ENDPROC       _ADC_SEL_PIN
  -------         PROC          ADC_SINGLE_CONVERT
  C:0027H         LINE#         104
  C:0027H         LINE#         105
  C:0027H         LINE#         106
  C:002DH         LINE#         107
  C:0033H         LINE#         109
  C:0036H         LINE#         110
  C:0049H         LINE#         111
  -------         ENDPROC       ADC_SINGLE_CONVERT
  -------         PROC          ADC_GETVAL
  -------         DO            
  X:60BFH         SYMBOL        adc_val_tmp
  X:60C1H         SYMBOL        adc_val_sum
  X:60C5H         SYMBOL        get_adcmax
  X:60C7H         SYMBOL        get_adcmin
  X:60C9H         SYMBOL        i
  -------         ENDDO         
  C:108BH         LINE#         114
  C:108BH         LINE#         115
  C:108BH         LINE#         116
  C:1092H         LINE#         117
  C:109AH         LINE#         118
  C:10A1H         LINE#         119
  C:10A7H         LINE#         120
  C:10AAH         LINE#         122
  C:10ABH         LINE#         123
  C:10ABH         LINE#         124
  C:10B6H         LINE#         125
  C:10BFH         LINE#         126
  C:10BFH         LINE#         127
  C:10D5H         LINE#         128
  C:10DDH         LINE#         129
  C:10ECH         LINE#         130
  C:10FBH         LINE#         131
  C:1113H         LINE#         132
  C:111FH         LINE#         134
  C:1137H         LINE#         135
  C:114EH         LINE#         136
  C:115EH         LINE#         138
  C:115EH         LINE#         139
  -------         ENDPROC       ADC_GETVAL
  -------         ENDMOD        ADC

  -------         MODULE        AIP1302
  C:0000H         SYMBOL        _ICE_DUMMY_
  B:0090H.6       PUBLIC        P16
BL51 BANKED LINKER/LOCATER V6.22.4.0                                                  01/05/2026  14:13:50  PAGE 18


  B:0090H.7       PUBLIC        P17
  B:00A0H.4       PUBLIC        P24
  C:160BH         PUBLIC        ___aip1302_read_byte
  C:18F6H         PUBLIC        aip1302_is_running
  C:19B6H         PUBLIC        aip1302_config
  C:1F29H         PUBLIC        _aip1302_read_byte
  C:12E4H         PUBLIC        _aip1302_write_byte
  C:1E84H         PUBLIC        aip1302_update_time
  C:1B04H         PUBLIC        aip1302_read_all
  C:1EF6H         SYMBOL        _reverse_u8
  C:181CH         SYMBOL        ___aip1302_convert_read_byte
  C:169DH         SYMBOL        ___aip1302_write_byte
  C:1DFFH         SYMBOL        Com0044
  C:1DFFH         SYMBOL        L?0069
  C:1E01H         SYMBOL        L?0070
  C:1E11H         SYMBOL        L?0074
  C:1E1CH         SYMBOL        L?0075
  C:1E26H         SYMBOL        L?0076
  -------         PROC          COM0044
  -------         ENDPROC       COM0044
  -------         PROC          AIP1302_CONFIG
  -------         DO            
  D:0007H         SYMBOL        ret
  -------         ENDDO         
  C:19B6H         LINE#         8
  C:19B6H         LINE#         9
  C:19B6H         LINE#         10
  C:19B8H         LINE#         14
  C:19BEH         LINE#         15
  C:19C2H         LINE#         16
  C:19C7H         LINE#         18
  C:19CBH         LINE#         19
  C:19CFH         LINE#         20
  C:19D4H         LINE#         22
  C:19D4H         LINE#         23
  C:19D4H         LINE#         24
  C:19D7H         LINE#         26
  C:19D9H         LINE#         27
  C:19DBH         LINE#         33
  C:19DEH         LINE#         34
  C:19E1H         LINE#         35
  C:19E1H         LINE#         41
  C:19E1H         LINE#         43
  C:19E1H         LINE#         50
  C:19E8H         LINE#         51
  C:19EFH         LINE#         52
  C:19F6H         LINE#         54
  C:19FDH         LINE#         55
  C:1A04H         LINE#         56
  C:1A0BH         LINE#         65
  C:1A0BH         LINE#         69
  -------         ENDPROC       AIP1302_CONFIG
  -------         PROC          _REVERSE_U8
  D:0007H         SYMBOL        arg
  -------         DO            
  D:0006H         SYMBOL        tmp
  D:0005H         SYMBOL        i
BL51 BANKED LINKER/LOCATER V6.22.4.0                                                  01/05/2026  14:13:50  PAGE 19


  -------         ENDDO         
  C:1EF6H         LINE#         99
  C:1EF6H         LINE#         100
  C:1EF6H         LINE#         102
  C:1EF8H         LINE#         105
  C:1EF8H         LINE#         106
  C:1EF8H         LINE#         107
  C:1EFCH         LINE#         108
  C:1F00H         LINE#         109
  C:1F00H         LINE#         110
  C:1F04H         LINE#         111
  C:1F04H         LINE#         113
  C:1F04H         LINE#         114
  C:1F04H         LINE#         115
  C:1F08H         LINE#         116
  C:1F0DH         LINE#         118
  C:1F0FH         LINE#         119
  -------         ENDPROC       _REVERSE_U8
  -------         PROC          ___AIP1302_CONVERT_READ_BYTE
  D:0004H         SYMBOL        cmd
  D:0005H         SYMBOL        byte
  -------         DO            
  D:0007H         SYMBOL        tmp
  X:60BDH         SYMBOL        i
  -------         DO            
  X:60BEH         SYMBOL        tens_place
  X:60BFH         SYMBOL        one_place
  -------         ENDDO         
  -------         ENDDO         
  C:181CH         LINE#         122
  C:181EH         LINE#         123
  C:181EH         LINE#         124
  C:181FH         LINE#         125
  C:1823H         LINE#         128
  C:1828H         LINE#         137
  C:1846H         LINE#         138
  C:1846H         LINE#         139
  C:184BH         LINE#         140
  C:184DH         LINE#         143
  C:1856H         LINE#         144
  C:1856H         LINE#         147
  C:185AH         LINE#         148
  C:185CH         LINE#         149
  C:1865H         LINE#         150
  C:1865H         LINE#         152
  C:1869H         LINE#         153
  C:186BH         LINE#         154
  C:186FH         LINE#         155
  C:186FH         LINE#         157
  C:1873H         LINE#         158
  C:1873H         LINE#         160
  C:187CH         LINE#         161
  C:1882H         LINE#         162
  C:1889H         LINE#         163
  C:1889H         LINE#         165
  C:1889H         LINE#         166
  -------         ENDPROC       ___AIP1302_CONVERT_READ_BYTE
BL51 BANKED LINKER/LOCATER V6.22.4.0                                                  01/05/2026  14:13:50  PAGE 20


  C:167FH         SYMBOL        L?0071
  C:1689H         SYMBOL        L?0072
  -------         PROC          ___AIP1302_READ_BYTE
  X:60BDH         SYMBOL        cmd
  -------         DO            
  X:60BEH         SYMBOL        recv_data
  X:60BFH         SYMBOL        i
  -------         ENDDO         
  C:160BH         LINE#         169
  C:1610H         LINE#         170
  C:1610H         LINE#         171
  C:1613H         LINE#         172
  C:1613H         LINE#         175
  C:1613H         LINE#         176
  C:1613H         LINE#         177
  C:1616H         LINE#         179
  C:1616H         LINE#         180
  C:1616H         LINE#         181
  C:1616H         LINE#         182
  C:161CH         LINE#         184
  C:1621H         LINE#         185
  C:1621H         LINE#         186
  C:1621H         LINE#         187
  C:1624H         LINE#         188
  C:1637H         LINE#         189
  C:1637H         LINE#         190
  C:1639H         LINE#         191
  C:163BH         LINE#         193
  C:163BH         LINE#         194
  C:163DH         LINE#         195
  C:163DH         LINE#         196
  C:1644H         LINE#         198
  C:1644H         LINE#         199
  C:1644H         LINE#         200
  C:1649H         LINE#         203
  C:164FH         LINE#         204
  C:1655H         LINE#         206
  C:165AH         LINE#         207
  C:165AH         LINE#         208
  C:1661H         LINE#         209
  C:1661H         LINE#         210
  C:1664H         LINE#         211
  C:1667H         LINE#         212
  C:1667H         LINE#         213
  C:166EH         LINE#         214
  C:166EH         LINE#         216
  C:166EH         LINE#         217
  C:166EH         LINE#         218
  C:166EH         LINE#         219
  C:166EH         LINE#         220
  C:1673H         LINE#         222
  C:1675H         LINE#         223
  C:1677H         LINE#         224
  C:1679H         LINE#         226
  C:167EH         LINE#         227
  -------         ENDPROC       ___AIP1302_READ_BYTE
  -------         PROC          _AIP1302_READ_BYTE
BL51 BANKED LINKER/LOCATER V6.22.4.0                                                  01/05/2026  14:13:50  PAGE 21


  X:60BCH         SYMBOL        cmd
  -------         DO            
  D:0006H         SYMBOL        recv_data
  -------         ENDDO         
  C:1F29H         LINE#         236
  C:1F2EH         LINE#         237
  C:1F2EH         LINE#         238
  C:1F30H         LINE#         239
  C:1F35H         LINE#         240
  -------         ENDPROC       _AIP1302_READ_BYTE
  C:1712H         SYMBOL        L?0067
  C:1723H         SYMBOL        L?0073
  -------         PROC          ___AIP1302_WRITE_BYTE
  X:60C7H         SYMBOL        cmd
  X:60C8H         SYMBOL        byte
  -------         DO            
  X:60C9H         SYMBOL        i
  -------         ENDDO         
  C:169DH         LINE#         250
  C:16A5H         LINE#         251
  C:16A5H         LINE#         252
  C:16A6H         LINE#         255
  C:16A6H         LINE#         256
  C:16A6H         LINE#         257
  C:16A9H         LINE#         259
  C:16A9H         LINE#         260
  C:16A9H         LINE#         261
  C:16A9H         LINE#         262
  C:16AFH         LINE#         264
  C:16B4H         LINE#         265
  C:16B4H         LINE#         266
  C:16B4H         LINE#         267
  C:16B7H         LINE#         268
  C:16CAH         LINE#         269
  C:16CAH         LINE#         270
  C:16CCH         LINE#         271
  C:16CEH         LINE#         273
  C:16CEH         LINE#         274
  C:16D0H         LINE#         275
  C:16D0H         LINE#         276
  C:16D0H         LINE#         277
  C:16D0H         LINE#         278
  C:16D3H         LINE#         279
  C:16D8H         LINE#         281
  C:16DDH         LINE#         282
  C:16DDH         LINE#         283
  C:16DDH         LINE#         284
  C:16E0H         LINE#         285
  C:16F6H         LINE#         286
  C:16F6H         LINE#         287
  C:16F8H         LINE#         288
  C:16FAH         LINE#         290
  C:16FAH         LINE#         291
  C:16FCH         LINE#         292
  C:16FCH         LINE#         293
  C:16FCH         LINE#         294
  C:16FCH         LINE#         295
BL51 BANKED LINKER/LOCATER V6.22.4.0                                                  01/05/2026  14:13:50  PAGE 22


  C:16FFH         LINE#         296
  C:1704H         LINE#         298
  C:1706H         LINE#         299
  C:170DH         LINE#         300
  C:170FH         LINE#         301
  C:1711H         LINE#         302
  -------         ENDPROC       ___AIP1302_WRITE_BYTE
  -------         PROC          AIP1302_IS_RUNNING
  C:18F6H         LINE#         311
  C:18F6H         LINE#         312
  C:18F6H         LINE#         330
  C:18F9H         LINE#         331
  C:1950H         LINE#         339
  C:1950H         LINE#         340
  C:1953H         LINE#         341
  C:1953H         LINE#         343
  C:1953H         LINE#         344
  C:1955H         LINE#         345
  C:1955H         LINE#         346
  -------         ENDPROC       AIP1302_IS_RUNNING
  -------         PROC          _AIP1302_WRITE_BYTE
  X:60C3H         SYMBOL        cmd
  D:0005H         SYMBOL        byte
  -------         DO            
  X:60C4H         SYMBOL        tmp
  -------         DO            
  X:60C5H         SYMBOL        tens_place
  X:60C6H         SYMBOL        one_place
  -------         ENDDO         
  -------         ENDDO         
  C:12E4H         LINE#         359
  C:12E9H         LINE#         360
  C:12E9H         LINE#         361
  C:12ECH         LINE#         369
  C:130EH         LINE#         370
  C:130EH         LINE#         371
  C:1313H         LINE#         372
  C:1315H         LINE#         373
  C:131FH         LINE#         374
  C:131FH         LINE#         375
  C:1326H         LINE#         376
  C:1326H         LINE#         377
  C:1335H         LINE#         380
  C:1342H         LINE#         384
  C:134FH         LINE#         385
  C:134FH         LINE#         386
  C:1356H         LINE#         387
  C:1358H         LINE#         388
  C:1365H         LINE#         389
  C:1365H         LINE#         392
  C:136CH         LINE#         393
  C:136EH         LINE#         394
  C:1375H         LINE#         395
  C:1375H         LINE#         397
  C:137AH         LINE#         398
  C:137AH         LINE#         399
  C:137AH         LINE#         402
BL51 BANKED LINKER/LOCATER V6.22.4.0                                                  01/05/2026  14:13:50  PAGE 23


  C:1381H         LINE#         403
  C:138CH         LINE#         405
  -------         ENDPROC       _AIP1302_WRITE_BYTE
  -------         PROC          AIP1302_UPDATE_TIME
  X:60BCH         SYMBOL        aip1302_saveinfo
  C:1E84H         LINE#         480
  C:1E84H         LINE#         481
  C:1E84H         LINE#         486
  C:1E8EH         LINE#         487
  C:1E98H         LINE#         488
  -------         ENDPROC       AIP1302_UPDATE_TIME
  -------         PROC          AIP1302_READ_ALL
  C:1B04H         LINE#         508
  C:1B04H         LINE#         509
  C:1B04H         LINE#         510
  C:1B0EH         LINE#         511
  C:1B18H         LINE#         512
  C:1B22H         LINE#         513
  C:1B2CH         LINE#         514
  C:1B36H         LINE#         515
  C:1B49H         LINE#         517
  -------         ENDPROC       AIP1302_READ_ALL
  -------         ENDMOD        AIP1302

  -------         MODULE        KEY_DRIVER
  C:0000H         SYMBOL        _ICE_DUMMY_
  -------         ENDMOD        KEY_DRIVER

  -------         MODULE        IIC_SOFT
  C:0000H         SYMBOL        _ICE_DUMMY_
  -------         ENDMOD        IIC_SOFT

  -------         MODULE        USER_FLASH
  C:0000H         SYMBOL        _ICE_DUMMY_
  D:00A4H         PUBLIC        FLASH_CON
  D:00A5H         PUBLIC        FLASH_STA
  D:00A6H         PUBLIC        FLASH_DATA
  D:00AEH         PUBLIC        FLASH_PASSWORD
  D:00AFH         PUBLIC        FLASH_ADDR
  C:1F3FH         PUBLIC        _flash_erase_sector
  C:1D33H         PUBLIC        _flash_program
  C:1D6AH         PUBLIC        _flash_read
  -------         PROC          _FLASH_ERASE_SECTOR
  D:0007H         SYMBOL        addr
  C:1F3FH         LINE#         9
  C:1F3FH         LINE#         10
  C:1F3FH         LINE#         11
  C:1F42H         LINE#         12
  C:1F44H         LINE#         13
  C:1F47H         LINE#         14
  C:1F4AH         LINE#         16
  C:1F4FH         LINE#         18
  -------         ENDPROC       _FLASH_ERASE_SECTOR
  -------         PROC          _FLASH_PROGRAM
  D:0007H         SYMBOL        addr
  X:60BDH         SYMBOL        p_data
  X:60C0H         SYMBOL        len
BL51 BANKED LINKER/LOCATER V6.22.4.0                                                  01/05/2026  14:13:50  PAGE 24


  C:1D33H         LINE#         27
  C:1D39H         LINE#         28
  C:1D39H         LINE#         29
  C:1D3CH         LINE#         30
  C:1D3EH         LINE#         32
  C:1D47H         LINE#         33
  C:1D47H         LINE#         34
  C:1D4CH         LINE#         36
  C:1D5BH         LINE#         37
  C:1D5EH         LINE#         38
  C:1D61H         LINE#         40
  C:1D67H         LINE#         41
  C:1D69H         LINE#         42
  -------         ENDPROC       _FLASH_PROGRAM
  -------         PROC          _FLASH_READ
  D:0007H         SYMBOL        addr
  X:60CAH         SYMBOL        p_data
  X:60CDH         SYMBOL        len
  C:1D6AH         LINE#         51
  C:1D70H         LINE#         52
  C:1D70H         LINE#         53
  C:1D76H         LINE#         54
  C:1D76H         LINE#         55
  C:1D95H         LINE#         56
  C:1D9BH         LINE#         57
  C:1D9DH         LINE#         58
  -------         ENDPROC       _FLASH_READ
  -------         ENDMOD        USER_FLASH

  -------         MODULE        MAIN
  C:0000H         SYMBOL        _ICE_DUMMY_
  D:00D9H         PUBLIC        WDT_KEY
  B:00A0H.3       PUBLIC        P23
  C:1D9EH         PUBLIC        user_init
  C:1BCFH         PUBLIC        main
  -------         PROC          USER_INIT
  C:1D9EH         LINE#         27
  C:1D9EH         LINE#         28
  C:1D9EH         LINE#         30
  C:1DA4H         LINE#         31
  C:1DA8H         LINE#         32
  C:1DADH         LINE#         35
  C:1DB0H         LINE#         38
  C:1DB3H         LINE#         41
  C:1DB6H         LINE#         44
  C:1DB9H         LINE#         48
  C:1DBCH         LINE#         52
  C:1DBFH         LINE#         60
  C:1DC2H         LINE#         63
  C:1DC5H         LINE#         70
  C:1DC8H         LINE#         73
  -------         ENDPROC       USER_INIT
  -------         PROC          MAIN
  C:1BCFH         LINE#         77
  C:1BCFH         LINE#         78
  C:1BCFH         LINE#         80
  C:1BD2H         LINE#         85
BL51 BANKED LINKER/LOCATER V6.22.4.0                                                  01/05/2026  14:13:50  PAGE 25


  C:1BD5H         LINE#         86
  C:1BDCH         LINE#         87
  C:1BDFH         LINE#         90
  C:1BE2H         LINE#         95
  C:1BE4H         LINE#         96
  C:1BEBH         LINE#         97
  C:1BEDH         LINE#         100
  C:1BEDH         LINE#         101
  C:1BEDH         LINE#         105
  C:1BF0H         LINE#         123
  C:1BF3H         LINE#         127
  C:1BF6H         LINE#         132
  C:1BF9H         LINE#         134
  C:1BFCH         LINE#         137
  C:1BFFH         LINE#         140
  C:1C02H         LINE#         144
  C:1C05H         LINE#         145
  C:1C08H         LINE#         146
  C:1C0BH         LINE#         211
  -------         ENDPROC       MAIN
  -------         ENDMOD        MAIN

  -------         MODULE        FUN_INFO
  C:0000H         SYMBOL        _ICE_DUMMY_
  X:606CH         PUBLIC        fun_info
  C:1C4BH         PUBLIC        fun_info_init
  C:1EBFH         PUBLIC        fun_info_save
  -------         PROC          FUN_INFO_INIT
  -------         DO            
  X:60BCH         SYMBOL        save_info
  -------         ENDDO         
  C:1C4BH         LINE#         7
  C:1C4BH         LINE#         8
  C:1C4BH         LINE#         84
  C:1C5CH         LINE#         85
  C:1C63H         LINE#         86
  C:1C63H         LINE#         87
  C:1C6FH         LINE#         88
  C:1C7BH         LINE#         89
  C:1C87H         LINE#         90
  C:1C87H         LINE#         92
  C:1C87H         LINE#         94
  C:1C87H         LINE#         97
  -------         ENDPROC       FUN_INFO_INIT
  -------         PROC          FUN_INFO_SAVE
  C:1EBFH         LINE#         100
  C:1EBFH         LINE#         101
  C:1EBFH         LINE#         109
  C:1EC4H         LINE#         110
  C:1ECAH         LINE#         111
  -------         ENDPROC       FUN_INFO_SAVE
  -------         ENDMOD        FUN_INFO

  -------         MODULE        SEND_DATA
  C:0000H         SYMBOL        _ICE_DUMMY_
  C:047EH         PUBLIC        _send_data_packet
  C:1956H         SYMBOL        Com002A
BL51 BANKED LINKER/LOCATER V6.22.4.0                                                  01/05/2026  14:13:50  PAGE 26


  C:1956H         SYMBOL        L?0043
  C:1959H         SYMBOL        L?0044
  C:1966H         SYMBOL        L?0045
  C:1971H         SYMBOL        L?0046
  C:1972H         SYMBOL        L?0047
  C:197EH         SYMBOL        L?0048
  C:197EH         SYMBOL        L?0049
  C:1980H         SYMBOL        L?0050
  C:1983H         SYMBOL        L?0051
  C:198AH         SYMBOL        L?0052
  C:198AH         SYMBOL        L?0053
  C:199BH         SYMBOL        L?0054
  C:199BH         SYMBOL        L?0055
  C:19A8H         SYMBOL        L?0056
  C:19ABH         SYMBOL        L?0057
  -------         PROC          COM002A
  -------         ENDPROC       COM002A
  -------         PROC          _SEND_DATA_PACKET
  D:0003H         SYMBOL        cmd
  -------         DO            
  X:60A8H         SYMBOL        send_data_packet
  X:60BCH         SYMBOL        send_data_packet_len
  X:60BDH         SYMBOL        check_sum
  X:60BEH         SYMBOL        i
  X:60BFH         SYMBOL        tmp_val
  -------         ENDDO         
  C:047EH         LINE#         3
  C:0480H         LINE#         4
  C:0480H         LINE#         11
  C:0485H         LINE#         12
  C:0487H         LINE#         13
  C:0489H         LINE#         14
  C:0491H         LINE#         16
  C:0497H         LINE#         17
  C:049CH         LINE#         19
  C:04DCH         LINE#         20
  C:04DCH         LINE#         23
  C:04DCH         LINE#         24
  C:04DCH         LINE#         25
  C:04DCH         LINE#         26
  C:04DFH         LINE#         27
  C:04E2H         LINE#         28
  C:04E2H         LINE#         29
  C:04E5H         LINE#         32
  C:04E5H         LINE#         33
  C:04E5H         LINE#         34
  C:04E5H         LINE#         35
  C:04E8H         LINE#         36
  C:04EBH         LINE#         37
  C:04EBH         LINE#         38
  C:04EEH         LINE#         41
  C:04EEH         LINE#         42
  C:04EEH         LINE#         43
  C:04EEH         LINE#         44
  C:04F1H         LINE#         45
  C:04F4H         LINE#         46
  C:04F4H         LINE#         47
BL51 BANKED LINKER/LOCATER V6.22.4.0                                                  01/05/2026  14:13:50  PAGE 27


  C:04F7H         LINE#         50
  C:04F7H         LINE#         51
  C:04F7H         LINE#         52
  C:04F7H         LINE#         53
  C:04FAH         LINE#         54
  C:04FDH         LINE#         55
  C:04FDH         LINE#         56
  C:0500H         LINE#         60
  C:0500H         LINE#         61
  C:0500H         LINE#         62
  C:0500H         LINE#         63
  C:0503H         LINE#         64
  C:0506H         LINE#         65
  C:0506H         LINE#         66
  C:0509H         LINE#         69
  C:0509H         LINE#         70
  C:0509H         LINE#         71
  C:0509H         LINE#         72
  C:050CH         LINE#         73
  C:050FH         LINE#         74
  C:050FH         LINE#         75
  C:0512H         LINE#         78
  C:0512H         LINE#         79
  C:0512H         LINE#         80
  C:0514H         LINE#         81
  C:0517H         LINE#         82
  C:0527H         LINE#         83
  C:0532H         LINE#         84
  C:0532H         LINE#         85
  C:0535H         LINE#         88
  C:0535H         LINE#         89
  C:0535H         LINE#         91
  C:0544H         LINE#         92
  C:0544H         LINE#         93
  C:054AH         LINE#         94
  C:054AH         LINE#         96
  C:054AH         LINE#         97
  C:054DH         LINE#         98
  C:0552H         LINE#         99
  C:0552H         LINE#         100
  C:0555H         LINE#         103
  C:0555H         LINE#         104
  C:0555H         LINE#         105
  C:0555H         LINE#         106
  C:0558H         LINE#         107
  C:055BH         LINE#         108
  C:055BH         LINE#         109
  C:055EH         LINE#         121
  C:055EH         LINE#         122
  C:055EH         LINE#         123
  C:0563H         LINE#         124
  C:0566H         LINE#         134
  C:056BH         LINE#         135
  C:056BH         LINE#         136
  C:056BH         LINE#         137
  C:056BH         LINE#         138
  C:056BH         LINE#         139
BL51 BANKED LINKER/LOCATER V6.22.4.0                                                  01/05/2026  14:13:50  PAGE 28


  C:056BH         LINE#         140
  C:056BH         LINE#         141
  C:056DH         LINE#         144
  C:056DH         LINE#         145
  C:056DH         LINE#         146
  C:0572H         LINE#         147
  C:0575H         LINE#         157
  C:057FH         LINE#         158
  C:057FH         LINE#         159
  C:057FH         LINE#         160
  C:057FH         LINE#         161
  C:057FH         LINE#         162
  C:057FH         LINE#         163
  C:057FH         LINE#         164
  C:0582H         LINE#         167
  C:0582H         LINE#         168
  C:0582H         LINE#         169
  C:0587H         LINE#         170
  C:058AH         LINE#         172
  C:0592H         LINE#         173
  C:059CH         LINE#         174
  C:05A4H         LINE#         175
  C:05ACH         LINE#         176
  C:05B4H         LINE#         177
  C:05BCH         LINE#         178
  C:05C4H         LINE#         179
  C:05C4H         LINE#         180
  C:05C7H         LINE#         183
  C:05C7H         LINE#         184
  C:05C7H         LINE#         185
  C:05CCH         LINE#         186
  C:05CFH         LINE#         188
  C:05D7H         LINE#         189
  C:05E1H         LINE#         190
  C:05E1H         LINE#         191
  C:05E4H         LINE#         194
  C:05E4H         LINE#         195
  C:05E4H         LINE#         196
  C:05E4H         LINE#         197
  C:05E7H         LINE#         198
  C:05EFH         LINE#         199
  C:05EFH         LINE#         200
  C:05F2H         LINE#         213
  C:05F2H         LINE#         214
  C:05F2H         LINE#         215
  C:05F7H         LINE#         216
  C:05FAH         LINE#         221
  C:0603H         LINE#         222
  C:0603H         LINE#         223
  C:0603H         LINE#         224
  C:0603H         LINE#         225
  C:0603H         LINE#         226
  C:0603H         LINE#         227
  C:0603H         LINE#         228
  C:0605H         LINE#         231
  C:0605H         LINE#         232
  C:0605H         LINE#         233
BL51 BANKED LINKER/LOCATER V6.22.4.0                                                  01/05/2026  14:13:50  PAGE 29


  C:060AH         LINE#         234
  C:060DH         LINE#         244
  C:0619H         LINE#         245
  C:063EH         LINE#         246
  C:063EH         LINE#         247
  C:0661H         LINE#         248
  C:0661H         LINE#         249
  C:0683H         LINE#         250
  C:0683H         LINE#         251
  C:0686H         LINE#         256
  C:0686H         LINE#         257
  C:0686H         LINE#         258
  C:068BH         LINE#         259
  C:068EH         LINE#         261
  C:0693H         LINE#         262
  C:0693H         LINE#         263
  C:0693H         LINE#         264
  C:0693H         LINE#         265
  C:0693H         LINE#         266
  C:0695H         LINE#         272
  C:0695H         LINE#         273
  C:0695H         LINE#         274
  C:069AH         LINE#         275
  C:069DH         LINE#         277
  C:06AAH         LINE#         278
  C:06AEH         LINE#         279
  C:06AEH         LINE#         280
  C:06B6H         LINE#         281
  C:06B6H         LINE#         282
  C:06B8H         LINE#         285
  C:06B8H         LINE#         286
  C:06B8H         LINE#         287
  C:06D6H         LINE#         288
  C:06E8H         LINE#         289
  C:06E8H         LINE#         290
  C:06F2H         LINE#         291
  C:06F2H         LINE#         293
  C:06F2H         LINE#         294
  C:06F5H         LINE#         296
  C:0700H         LINE#         297
  C:0700H         LINE#         298
  C:0700H         LINE#         300
  C:0700H         LINE#         301
  C:0700H         LINE#         302
  C:0700H         LINE#         304
  C:0712H         LINE#         305
  C:0712H         LINE#         306
  C:071FH         LINE#         307
  C:071FH         LINE#         309
  C:072AH         LINE#         310
  C:072AH         LINE#         311
  C:0732H         LINE#         312
  C:073DH         LINE#         313
  C:0743H         LINE#         315
  -------         ENDPROC       _SEND_DATA_PACKET
  -------         ENDMOD        SEND_DATA

BL51 BANKED LINKER/LOCATER V6.22.4.0                                                  01/05/2026  14:13:50  PAGE 30


  -------         MODULE        PIN_LEVEL_SCAN
  C:0000H         SYMBOL        _ICE_DUMMY_
  B:0080H.6       PUBLIC        P06
  B:0080H.7       PUBLIC        P07
  B:0090H.0       PUBLIC        P10
  B:0090H.3       PUBLIC        P13
  B:0090H.4       PUBLIC        P14
  B:00A0H.0       PUBLIC        P20
  B:00A0H.1       PUBLIC        P21
  B:00A0H.2       PUBLIC        P22
  B:00A0H.5       PUBLIC        P25
  B:00A0H.7       PUBLIC        P27
  B:00B0H.0       PUBLIC        P30
  X:6102H         PUBLIC        pin_level_scan_time_cnt
  C:1C88H         PUBLIC        pin_level_scan_config
  C:1393H         PUBLIC        pin_level_scan
  -------         PROC          PIN_LEVEL_SCAN_CONFIG
  C:1C88H         LINE#         7
  C:1C88H         LINE#         8
  C:1C88H         LINE#         11
  C:1C8EH         LINE#         14
  C:1C93H         LINE#         17
  C:1C98H         LINE#         20
  C:1C9DH         LINE#         23
  C:1CA3H         LINE#         26
  C:1CA9H         LINE#         29
  C:1CAEH         LINE#         32
  C:1CB2H         LINE#         35
  C:1CB8H         LINE#         38
  C:1CBCH         LINE#         41
  C:1CC2H         LINE#         43
  -------         ENDPROC       PIN_LEVEL_SCAN_CONFIG
  -------         PROC          PIN_LEVEL_SCAN
  C:1393H         LINE#         46
  C:1393H         LINE#         47
  C:1393H         LINE#         49
  C:13A2H         LINE#         50
  C:13A2H         LINE#         51
  C:13A6H         LINE#         69
  C:13ACH         LINE#         70
  C:13ACH         LINE#         72
  C:13ADH         LINE#         73
  C:13AFH         LINE#         75
  C:13AFH         LINE#         77
  C:13B2H         LINE#         78
  C:13B2H         LINE#         79
  C:13B4H         LINE#         81
  C:13B7H         LINE#         82
  C:13B7H         LINE#         84
  C:13BCH         LINE#         85
  C:13BEH         LINE#         87
  C:13BEH         LINE#         89
  C:13C4H         LINE#         90
  C:13C4H         LINE#         91
  C:13C6H         LINE#         106
  C:13C9H         LINE#         107
  C:13C9H         LINE#         109
BL51 BANKED LINKER/LOCATER V6.22.4.0                                                  01/05/2026  14:13:50  PAGE 31


  C:13CEH         LINE#         110
  C:13D0H         LINE#         112
  C:13D0H         LINE#         114
  C:13D6H         LINE#         115
  C:13D6H         LINE#         117
  C:13D8H         LINE#         118
  C:13D8H         LINE#         123
  C:13DBH         LINE#         124
  C:13DBH         LINE#         126
  C:13E0H         LINE#         127
  C:13E2H         LINE#         128
  C:13E5H         LINE#         129
  C:13E5H         LINE#         131
  C:13EBH         LINE#         132
  C:13EDH         LINE#         133
  C:13F0H         LINE#         134
  C:13F0H         LINE#         136
  C:13F6H         LINE#         137
  C:13F8H         LINE#         138
  C:13FBH         LINE#         139
  C:13FBH         LINE#         141
  C:1401H         LINE#         142
  C:1403H         LINE#         143
  C:1406H         LINE#         144
  C:1406H         LINE#         146
  C:140CH         LINE#         147
  C:140EH         LINE#         148
  C:1411H         LINE#         149
  C:1411H         LINE#         151
  C:1417H         LINE#         152
  C:1419H         LINE#         153
  C:141FH         LINE#         154
  C:141FH         LINE#         156
  C:1422H         LINE#         157
  C:1424H         LINE#         159
  C:1424H         LINE#         164
  C:1427H         LINE#         165
  C:1427H         LINE#         168
  C:1429H         LINE#         170
  C:142CH         LINE#         171
  C:142CH         LINE#         173
  C:1432H         LINE#         174
  C:1434H         LINE#         176
  C:1434H         LINE#         178
  C:1439H         LINE#         179
  C:1439H         LINE#         180
  C:143BH         LINE#         200
  -------         ENDPROC       PIN_LEVEL_SCAN
  -------         ENDMOD        PIN_LEVEL_SCAN

  -------         MODULE        SPEED_SCAN
  C:0000H         SYMBOL        _ICE_DUMMY_
  B:0023H.0       PUBLIC        flag_is_speed_scan_over_time
  X:60CFH         PUBLIC        speed_pulse_cnt
  X:60D3H         PUBLIC        speed_scan_time_ms
  C:1F7DH         PUBLIC        speed_scan_config
  C:122FH         PUBLIC        speed_scan
BL51 BANKED LINKER/LOCATER V6.22.4.0                                                  01/05/2026  14:13:50  PAGE 32


  X:60D7H         SYMBOL        cur_speed_scan_time
  X:60DBH         SYMBOL        cur_speed_scan_pulse
  C:1CC3H         PUBLIC        update_speed_scan_data
  C:1F97H         SYMBOL        Com0008
  C:1F97H         SYMBOL        L?0009
  C:1F97H         SYMBOL        L?0010
  C:1F9DH         SYMBOL        L?0011
  -------         PROC          COM0008
  -------         ENDPROC       COM0008
  -------         PROC          SPEED_SCAN_CONFIG
  C:1F7DH         LINE#         6
  C:1F7DH         LINE#         7
  C:1F7DH         LINE#         10
  C:1F83H         LINE#         11
  C:1F89H         LINE#         14
  -------         ENDPROC       SPEED_SCAN_CONFIG
  -------         PROC          UPDATE_SPEED_SCAN_DATA
  C:1CC3H         LINE#         23
  C:1CC3H         LINE#         24
  C:1CC3H         LINE#         25
  C:1CD5H         LINE#         26
  C:1CDFH         LINE#         27
  C:1CF1H         LINE#         28
  C:1CFBH         LINE#         29
  -------         ENDPROC       UPDATE_SPEED_SCAN_DATA
  -------         PROC          SPEED_SCAN
  -------         DO            
  X:60BCH         SYMBOL        cur_speed
  X:60C0H         SYMBOL        tmp
  -------         ENDDO         
  C:122FH         LINE#         31
  C:122FH         LINE#         32
  C:122FH         LINE#         33
  C:1239H         LINE#         34
  C:1243H         LINE#         36
  C:1259H         LINE#         37
  C:1259H         LINE#         43
  C:1275H         LINE#         46
  C:1278H         LINE#         47
  C:1278H         LINE#         48
  C:1282H         LINE#         49
  C:1284H         LINE#         51
  C:1284H         LINE#         65
  C:12ABH         LINE#         66
  C:12ABH         LINE#         69
  C:12BDH         LINE#         75
  C:12C7H         LINE#         76
  C:12D1H         LINE#         77
  C:12D3H         LINE#         79
  C:12E1H         LINE#         86
  C:12E3H         LINE#         87
  C:12E3H         LINE#         88
  -------         ENDPROC       SPEED_SCAN
  -------         ENDMOD        SPEED_SCAN

  -------         MODULE        ENGINE_SPEED_SCAN
  C:0000H         SYMBOL        _ICE_DUMMY_
BL51 BANKED LINKER/LOCATER V6.22.4.0                                                  01/05/2026  14:13:50  PAGE 33


  B:0023H.1       PUBLIC        flag_is_engine_speed_scan_over_time
  X:60DFH         PUBLIC        engine_speed_scan_cnt
  X:60E3H         PUBLIC        engine_speed_scan_ms
  C:1F8AH         PUBLIC        engine_speed_scan_config
  C:172DH         PUBLIC        engine_speed_scan
  X:60E5H         SYMBOL        cur_engine_speed_scan_cnt
  X:60E9H         SYMBOL        cur_engine_speed_scan_ms
  C:1C0DH         PUBLIC        update_engine_speed_scan_data
  C:1FD3H         SYMBOL        Com0009
  C:1FD3H         SYMBOL        L?0010
  C:1FD3H         SYMBOL        L?0011
  -------         PROC          COM0009
  -------         ENDPROC       COM0009
  -------         PROC          ENGINE_SPEED_SCAN_CONFIG
  C:1F8AH         LINE#         6
  C:1F8AH         LINE#         7
  C:1F8AH         LINE#         10
  C:1F90H         LINE#         11
  C:1F96H         LINE#         12
  -------         ENDPROC       ENGINE_SPEED_SCAN_CONFIG
  -------         PROC          UPDATE_ENGINE_SPEED_SCAN_DATA
  C:1C0DH         LINE#         22
  C:1C0DH         LINE#         23
  C:1C0DH         LINE#         24
  C:1C22H         LINE#         25
  C:1C2CH         LINE#         26
  C:1C43H         LINE#         27
  C:1C4AH         LINE#         28
  -------         ENDPROC       UPDATE_ENGINE_SPEED_SCAN_DATA
  -------         PROC          ENGINE_SPEED_SCAN
  -------         DO            
  X:60BCH         SYMBOL        rpm
  -------         ENDDO         
  C:172DH         LINE#         31
  C:172DH         LINE#         32
  C:172DH         LINE#         36
  C:1740H         LINE#         38
  C:1740H         LINE#         40
  C:1743H         LINE#         41
  C:1743H         LINE#         42
  C:174DH         LINE#         43
  C:174FH         LINE#         45
  C:174FH         LINE#         60
  C:176BH         LINE#         61
  C:176BH         LINE#         65
  C:1775H         LINE#         66
  C:177FH         LINE#         67
  C:1781H         LINE#         70
  C:1794H         LINE#         71
  C:1794H         LINE#         72
  C:179EH         LINE#         73
  C:179EH         LINE#         83
  C:17AAH         LINE#         84
  C:17ACH         LINE#         88
  C:17ACH         LINE#         89
  -------         ENDPROC       ENGINE_SPEED_SCAN
  -------         ENDMOD        ENGINE_SPEED_SCAN
BL51 BANKED LINKER/LOCATER V6.22.4.0                                                  01/05/2026  14:13:50  PAGE 34



  -------         MODULE        MILEAGE
  C:0000H         SYMBOL        _ICE_DUMMY_
  X:60A0H         PUBLIC        distance
  X:60A4H         PUBLIC        mileage_save_time_cnt
  X:60A6H         PUBLIC        mileage_update_time_cnt
  C:0DADH         PUBLIC        mileage_scan
  C:1DCFH         SYMBOL        Com000C
  C:1DCFH         SYMBOL        L?0013
  C:1DCFH         SYMBOL        L?0014
  C:1DE0H         SYMBOL        L?0015
  C:1DE0H         SYMBOL        L?0016
  C:1DF0H         SYMBOL        L?0017
  C:1DF8H         SYMBOL        L?0018
  -------         PROC          COM000C
  -------         ENDPROC       COM000C
  -------         PROC          MILEAGE_SCAN
  -------         DO            
  X:6094H         SYMBOL        old_total_mileage
  X:6098H         SYMBOL        old_subtotal_mileage
  X:609CH         SYMBOL        old_subtotal_mileage_2
  B:0023H.2       SYMBOL        flag_is_any_mileage_save
  -------         DO            
  X:6093H         SYMBOL        cnt
  -------         ENDDO         
  -------         ENDDO         
  C:0DADH         LINE#         11
  C:0DADH         LINE#         12
  C:0DADH         LINE#         25
  C:0DBFH         LINE#         27
  C:0DBFH         LINE#         28
  C:0DC2H         LINE#         29
  C:0DC4H         LINE#         30
  C:0DCBH         LINE#         37
  C:0DCBH         LINE#         39
  C:0DDAH         LINE#         40
  C:0DDAH         LINE#         42
[...]
  C:09C3H         LINE#         118
  C:09C5H         LINE#         119
  C:09C7H         LINE#         121
  C:09C7H         LINE#         122
  C:09C9H         LINE#         124
  C:09CBH         LINE#         126
  C:09CBH         LINE#         127
  C:09CDH         LINE#         128
  C:09CDH         LINE#         129
  C:09CDH         LINE#         131
  C:09D6H         LINE#         132
  C:09D6H         LINE#         133
  C:09D9H         LINE#         134
  C:09D9H         LINE#         136
  C:09E9H         LINE#         137
  C:09F5H         LINE#         138
  C:0A01H         LINE#         139
  C:0A22H         LINE#         140
  C:0A22H         LINE#         141
  C:0A22H         LINE#         142
BL51 BANKED LINKER/LOCATER V6.22.4.0                                                  01/05/2026  14:13:50  PAGE 37


  C:0A2BH         LINE#         143
  -------         ENDPROC       INSTRUCTION_SCAN
  C:0B70H         SYMBOL        L?0038
  -------         PROC          INSTRUCTION_HANDLE
  C:0A2CH         LINE#         145
  C:0A2CH         LINE#         146
  C:0A2CH         LINE#         147
  C:0A2FH         LINE#         148
  C:0A2FH         LINE#         151
  C:0A31H         LINE#         157
  C:0A37H         LINE#         158
  C:0A37H         LINE#         160
  C:0A39H         LINE#         162
  C:0A3DH         LINE#         163
  C:0A42H         LINE#         164
  C:0A47H         LINE#         165
  C:0A47H         LINE#         166
  C:0A4AH         LINE#         167
  C:0A4FH         LINE#         169
  C:0A54H         LINE#         170
  C:0A59H         LINE#         172
  C:0A5EH         LINE#         173
  C:0A63H         LINE#         176
  C:0A66H         LINE#         178
  C:0A6BH         LINE#         183
  C:0A70H         LINE#         185
  C:0A75H         LINE#         189
  C:0A75H         LINE#         190
  C:0A75H         LINE#         192
  C:0A78H         LINE#         193
  C:0A78H         LINE#         194
  C:0A7AH         LINE#         195
  C:0A7FH         LINE#         196
  C:0A7FH         LINE#         198
  C:0A82H         LINE#         199
  C:0A82H         LINE#         200
  C:0A84H         LINE#         201
  C:0A89H         LINE#         202
  C:0A89H         LINE#         204
  C:0A8CH         LINE#         205
  C:0A8CH         LINE#         206
  C:0A8EH         LINE#         212
  C:0A93H         LINE#         214
  C:0A93H         LINE#         216
  C:0A96H         LINE#         217
  C:0A96H         LINE#         219
  C:0A98H         LINE#         224
  C:0A9DH         LINE#         225
  C:0A9DH         LINE#         227
  C:0AA0H         LINE#         228
  C:0AA0H         LINE#         230
  C:0AA2H         LINE#         235
  C:0AA7H         LINE#         236
  C:0AA7H         LINE#         238
  C:0AAAH         LINE#         239
  C:0AAAH         LINE#         241
  C:0AACH         LINE#         246
BL51 BANKED LINKER/LOCATER V6.22.4.0                                                  01/05/2026  14:13:50  PAGE 38


  C:0AACH         LINE#         250
  C:0AAFH         LINE#         251
  C:0AAFH         LINE#         253
  C:0AB2H         LINE#         254
  C:0AB2H         LINE#         256
  C:0AB4H         LINE#         262
  C:0AB9H         LINE#         263
  C:0AB9H         LINE#         274
  C:0ABCH         LINE#         275
  C:0ABCH         LINE#         276
  C:0ABEH         LINE#         285
  C:0ABEH         LINE#         287
  C:0AC1H         LINE#         288
  C:0AC1H         LINE#         290
  C:0AC3H         LINE#         294
  C:0AC8H         LINE#         298
  C:0AC8H         LINE#         300
  C:0ACBH         LINE#         301
  C:0ACBH         LINE#         302
  C:0ACDH         LINE#         307
  C:0ACDH         LINE#         309
  C:0AD0H         LINE#         310
  C:0AD0H         LINE#         311
  C:0AD2H         LINE#         313
  C:0AD7H         LINE#         314
  C:0AD7H         LINE#         316
  C:0ADAH         LINE#         317
  C:0ADAH         LINE#         318
  C:0ADCH         LINE#         320
  C:0AE1H         LINE#         321
  C:0AE1H         LINE#         324
  C:0AE4H         LINE#         325
  C:0AE4H         LINE#         327
  C:0AE6H         LINE#         340
  C:0AECH         LINE#         341
  C:0AECH         LINE#         345
  C:0B01H         LINE#         346
  C:0B07H         LINE#         348
  C:0B07H         LINE#         349
  C:0B07H         LINE#         352
  C:0B0AH         LINE#         353
  C:0B0AH         LINE#         355
  C:0B0CH         LINE#         360
  C:0B11H         LINE#         361
  C:0B11H         LINE#         363
  C:0B14H         LINE#         364
  C:0B14H         LINE#         366
  C:0B16H         LINE#         367
  C:0B20H         LINE#         368
  C:0B2AH         LINE#         369
  C:0B2DH         LINE#         373
  C:0B2DH         LINE#         375
  C:0B30H         LINE#         376
  C:0B30H         LINE#         378
  C:0B32H         LINE#         379
  C:0B3CH         LINE#         380
  C:0B46H         LINE#         381
BL51 BANKED LINKER/LOCATER V6.22.4.0                                                  01/05/2026  14:13:50  PAGE 39


  C:0B49H         LINE#         385
  C:0B49H         LINE#         387
  C:0B4CH         LINE#         388
  C:0B4CH         LINE#         389
  C:0B4EH         LINE#         390
  C:0B58H         LINE#         391
  C:0B62H         LINE#         392
  C:0B65H         LINE#         393
  C:0B65H         LINE#         395
  C:0B68H         LINE#         396
  C:0B68H         LINE#         397
  C:0B6AH         LINE#         398
  C:0B6FH         LINE#         399
  C:0B6FH         LINE#         400
  -------         ENDPROC       INSTRUCTION_HANDLE
  -------         ENDMOD        INSTRUCTION

  -------         MODULE        AD_KEY
  C:0000H         SYMBOL        _ICE_DUMMY_
  -------         ENDMOD        AD_KEY

  -------         MODULE        FUEL_CAPACITY
  C:0000H         SYMBOL        _ICE_DUMMY_
  X:603FH         PUBLIC        fuel_capacity_scan_cnt
  C:1572H         PUBLIC        fuel_capacity_scan
  X:6043H         SYMBOL        samples
  X:606BH         SYMBOL        sample_index
  C:188AH         PUBLIC        _get_filtered_adc
  C:1F50H         PUBLIC        _samples_init
  C:074AH         PUBLIC        _convert_fuel_adc_to_percent
  C:1AB7H         SYMBOL        Com0026
  C:1AB7H         SYMBOL        L?0039
  C:1AC5H         SYMBOL        L?0040
  C:1ACDH         SYMBOL        L?0041
  C:1ACDH         SYMBOL        L?0042
  C:1AD6H         SYMBOL        L?0043
  C:1AD6H         SYMBOL        L?0044
  C:1AE0H         SYMBOL        L?0045
  C:1AE4H         SYMBOL        L?0046
  C:1AEFH         SYMBOL        L?0048
  C:1AEFH         SYMBOL        L?0049
  C:1AFBH         SYMBOL        L?0051
  -------         PROC          COM0026
  -------         ENDPROC       COM0026
  -------         PROC          _GET_FILTERED_ADC
  D:0002H         SYMBOL        adc_val
  -------         DO            
  X:60BFH         SYMBOL        i
  X:60C0H         SYMBOL        sum
  -------         ENDDO         
  C:188AH         LINE#         183
  C:188EH         LINE#         184
  C:188EH         LINE#         185
  C:1893H         LINE#         186
  C:189BH         LINE#         187
  C:18AFH         LINE#         188
  C:18B8H         LINE#         189
BL51 BANKED LINKER/LOCATER V6.22.4.0                                                  01/05/2026  14:13:50  PAGE 40


  C:18BAH         LINE#         191
  C:18BFH         LINE#         192
  C:18E7H         LINE#         194
  -------         ENDPROC       _GET_FILTERED_ADC
  -------         PROC          _SAMPLES_INIT
  D:0006H         SYMBOL        adc_val
  -------         DO            
  D:0005H         SYMBOL        i
  -------         ENDDO         
  C:1F50H         LINE#         198
  C:1F50H         LINE#         199
  C:1F50H         LINE#         200
  C:1F52H         LINE#         201
  C:1F52H         LINE#         202
  C:1F52H         LINE#         203
  C:1F5BH         LINE#         204
  C:1F60H         LINE#         205
  -------         ENDPROC       _SAMPLES_INIT
  -------         PROC          _CONVERT_FUEL_ADC_TO_PERCENT
  X:60BFH         SYMBOL        fuel_adc_val
  -------         DO            
  D:0005H         SYMBOL        ret
  -------         ENDDO         
  C:074AH         LINE#         208
  C:0752H         LINE#         209
  C:0752H         LINE#         243
  C:0754H         LINE#         254
  C:0767H         LINE#         255
  C:0767H         LINE#         256
  C:0769H         LINE#         257
  C:076CH         LINE#         259
  C:076CH         LINE#         260
  C:0775H         LINE#         261
  C:0775H         LINE#         262
  C:0777H         LINE#         263
  C:077AH         LINE#         264
  C:0783H         LINE#         265
  C:0783H         LINE#         266
  C:0785H         LINE#         267
  C:0788H         LINE#         268
  C:0799H         LINE#         269
  C:0799H         LINE#         274
  C:07A6H         LINE#         275
  C:07ADH         LINE#         276
  C:07B0H         LINE#         277
  C:07C3H         LINE#         278
  C:07C3H         LINE#         279
  C:07D1H         LINE#         280
  C:07D8H         LINE#         281
  C:07E0H         LINE#         282
  C:07E0H         LINE#         283
  C:07E2H         LINE#         284
  C:07E2H         LINE#         285
  C:07E5H         LINE#         286
  C:07F8H         LINE#         287
  C:07F8H         LINE#         288
  C:0809H         LINE#         289
BL51 BANKED LINKER/LOCATER V6.22.4.0                                                  01/05/2026  14:13:50  PAGE 41


  C:0810H         LINE#         290
  C:0818H         LINE#         291
  C:0818H         LINE#         292
  C:081AH         LINE#         293
  C:081AH         LINE#         294
  C:081DH         LINE#         295
  C:0830H         LINE#         296
  C:0830H         LINE#         297
  C:0841H         LINE#         298
  C:0848H         LINE#         299
  C:084DH         LINE#         300
  C:084DH         LINE#         301
  C:084FH         LINE#         302
  C:084FH         LINE#         303
  C:0852H         LINE#         304
  C:0865H         LINE#         305
  C:0865H         LINE#         306
  C:087AH         LINE#         307
  C:0881H         LINE#         308
  C:0886H         LINE#         309
  C:0886H         LINE#         310
  C:0888H         LINE#         311
  C:0888H         LINE#         312
  C:088AH         LINE#         313
  C:089DH         LINE#         314
  C:089DH         LINE#         315
  C:08B2H         LINE#         316
  C:08B9H         LINE#         317
  C:08BEH         LINE#         318
  C:08BEH         LINE#         319
  C:08C0H         LINE#         320
  C:08C0H         LINE#         321
  C:08C0H         LINE#         322
  C:08C0H         LINE#         331
  C:08C2H         LINE#         333
  -------         ENDPROC       _CONVERT_FUEL_ADC_TO_PERCENT
  C:15E9H         SYMBOL        L?0047
  C:15FFH         SYMBOL        L?0050
  -------         PROC          FUEL_CAPACITY_SCAN
  -------         DO            
  X:60BCH         SYMBOL        fuel_percent
  X:60BDH         SYMBOL        fuel_adc_val
  -------         DO            
  X:603EH         SYMBOL        status
  -------         ENDDO         
  -------         ENDDO         
  C:1572H         LINE#         341
  C:1572H         LINE#         342
  C:1572H         LINE#         343
  C:1577H         LINE#         344
  C:157BH         LINE#         346
  C:1580H         LINE#         347
  C:1583H         LINE#         348
  C:158EH         LINE#         360
  C:158EH         LINE#         362
  C:1594H         LINE#         363
  C:1594H         LINE#         364
BL51 BANKED LINKER/LOCATER V6.22.4.0                                                  01/05/2026  14:13:50  PAGE 42


  C:159EH         LINE#         365
  C:159EH         LINE#         366
  C:15A8H         LINE#         368
  C:15ABH         LINE#         369
  C:15AEH         LINE#         370
  C:15BEH         LINE#         372
  C:15BEH         LINE#         375
  C:15BEH         LINE#         377
  C:15BEH         LINE#         378
  C:15C1H         LINE#         380
  C:15C6H         LINE#         381
  C:15C6H         LINE#         382
  C:15C6H         LINE#         383
  C:15C6H         LINE#         385
  C:15D3H         LINE#         386
  C:15D3H         LINE#         388
  C:15DDH         LINE#         392
  C:15E5H         LINE#         395
  C:15E5H         LINE#         397
  C:15E5H         LINE#         398
  C:15E8H         LINE#         399
  C:15E8H         LINE#         400
  -------         ENDPROC       FUEL_CAPACITY_SCAN
  -------         ENDMOD        FUEL_CAPACITY

  -------         MODULE        TEMP_OF_WATER
  C:0000H         SYMBOL        _ICE_DUMMY_
  -------         ENDMOD        TEMP_OF_WATER

  -------         MODULE        BATTERY
  C:0000H         SYMBOL        _ICE_DUMMY_
  X:60F5H         PUBLIC        battery_scan_time_cnt
  C:143CH         PUBLIC        battery_scan
  C:1F10H         PUBLIC        _conver_adc_val_to_voltage
  C:1EA2H         PUBLIC        _conver_voltage_of_battery_to_percentage
  C:1A0EH         SYMBOL        Com0009
  C:1A0EH         SYMBOL        L?0010
  C:1A31H         SYMBOL        L?0011
  C:1A4CH         SYMBOL        L?0012
  -------         PROC          COM0009
  -------         ENDPROC       COM0009
  -------         PROC          _CONVER_ADC_VAL_TO_VOLTAGE
  D:0006H         SYMBOL        arg_adc_val
  C:1F10H         LINE#         13
  C:1F10H         LINE#         14
  C:1F10H         LINE#         24
  -------         ENDPROC       _CONVER_ADC_VAL_TO_VOLTAGE
  -------         PROC          _CONVER_VOLTAGE_OF_BATTERY_TO_PERCENTAGE
  D:0007H         SYMBOL        voltage
  -------         DO            
  D:0006H         SYMBOL        tmp
  -------         ENDDO         
  C:1EA2H         LINE#         30
  C:1EA2H         LINE#         31
  C:1EA2H         LINE#         35
  C:1EA8H         LINE#         36
  C:1EA8H         LINE#         37
BL51 BANKED LINKER/LOCATER V6.22.4.0                                                  01/05/2026  14:13:50  PAGE 43


  C:1EAAH         LINE#         38
  C:1EACH         LINE#         40
  C:1EACH         LINE#         43
  C:1EBCH         LINE#         44
  C:1EBCH         LINE#         46
  C:1EBEH         LINE#         47
  -------         ENDPROC       _CONVER_VOLTAGE_OF_BATTERY_TO_PERCENTAGE
  -------         PROC          BATTERY_SCAN
  -------         DO            
  X:60BCH         SYMBOL        voltage_of_battery
  X:60BEH         SYMBOL        cur_percentage_of_battery
  X:60EDH         SYMBOL        battery_scan_cnt
  X:60F1H         SYMBOL        battery_val
  B:0023H.3       SYMBOL        flag_is_power_on_first
  -------         ENDDO         
  C:143CH         LINE#         49
  C:143CH         LINE#         50
  C:143CH         LINE#         51
  C:1443H         LINE#         52
  C:1445H         LINE#         60
  C:144AH         LINE#         61
  C:146FH         LINE#         62
  C:1488H         LINE#         64
  C:148BH         LINE#         65
  C:148BH         LINE#         67
  C:148BH         LINE#         68
  C:1491H         LINE#         69
  C:1491H         LINE#         70
  C:149BH         LINE#         71
  C:14A5H         LINE#         72
  C:14A5H         LINE#         74
  C:14A5H         LINE#         75
  C:14A5H         LINE#         80
  C:14A5H         LINE#         81
  C:14A8H         LINE#         83
  C:14AAH         LINE#         84
  C:14ABH         LINE#         86
  C:14ABH         LINE#         89
  C:14BAH         LINE#         90
  C:14BAH         LINE#         91
  C:14BAH         LINE#         92
  C:14C0H         LINE#         93
  C:14C0H         LINE#         94
  C:14CAH         LINE#         95
  C:14D4H         LINE#         96
  C:14D4H         LINE#         98
  C:14D4H         LINE#         99
  C:14D4H         LINE#         104
  C:14D4H         LINE#         105
  C:14D7H         LINE#         106
  C:14D7H         LINE#         107
  C:14D7H         LINE#         136
  -------         ENDPROC       BATTERY_SCAN
  -------         ENDMOD        BATTERY

  -------         MODULE        TOUCH_KEY
  C:0000H         SYMBOL        _ICE_DUMMY_
BL51 BANKED LINKER/LOCATER V6.22.4.0                                                  01/05/2026  14:13:50  PAGE 44


  -------         ENDMOD        TOUCH_KEY

  -------         MODULE        ?C?COPY
  C:011EH         PUBLIC        ?C?COPY
  -------         ENDMOD        ?C?COPY

  -------         MODULE        ?C?CLDPTR
  C:0144H         PUBLIC        ?C?CLDPTR
  -------         ENDMOD        ?C?CLDPTR

  -------         MODULE        ?C?CSTPTR
  C:015DH         PUBLIC        ?C?CSTPTR
  -------         ENDMOD        ?C?CSTPTR

  -------         MODULE        ?C?IMUL
  C:016FH         PUBLIC        ?C?IMUL
  -------         ENDMOD        ?C?IMUL

  -------         MODULE        ?C?UIDIV
  C:0181H         PUBLIC        ?C?UIDIV
  -------         ENDMOD        ?C?UIDIV

  -------         MODULE        ?C?IILDX
  C:01D6H         PUBLIC        ?C?IILDX
  -------         ENDMOD        ?C?IILDX

  -------         MODULE        ?C?LADD
  C:01ECH         PUBLIC        ?C?LADD
  -------         ENDMOD        ?C?LADD

  -------         MODULE        ?C?LSUB
  C:01F9H         PUBLIC        ?C?LSUB
  -------         ENDMOD        ?C?LSUB

  -------         MODULE        ?C?LMUL
  C:0207H         PUBLIC        ?C?LMUL
  -------         ENDMOD        ?C?LMUL

  -------         MODULE        ?C?ULDIV
  C:0292H         PUBLIC        ?C?ULDIV
  -------         ENDMOD        ?C?ULDIV

  -------         MODULE        ?C?LOR
  C:0324H         PUBLIC        ?C?LOR
  -------         ENDMOD        ?C?LOR

  -------         MODULE        ?C?SLCMP
  C:0331H         PUBLIC        ?C?SLCMP
  -------         ENDMOD        ?C?SLCMP

  -------         MODULE        ?C?ULCMP
  C:0347H         PUBLIC        ?C?ULCMP
  -------         ENDMOD        ?C?ULCMP

  -------         MODULE        ?C?ULSHR
  C:0358H         PUBLIC        ?C?ULSHR
  -------         ENDMOD        ?C?ULSHR
BL51 BANKED LINKER/LOCATER V6.22.4.0                                                  01/05/2026  14:13:50  PAGE 45



  -------         MODULE        ?C?LSHL
  C:036BH         PUBLIC        ?C?LSHL
  -------         ENDMOD        ?C?LSHL

  -------         MODULE        ?C?LLDXDATA
  C:037EH         PUBLIC        ?C?LLDXDATA
  -------         ENDMOD        ?C?LLDXDATA

  -------         MODULE        ?C?LLDXDATA0
  C:038AH         PUBLIC        ?C?LLDXDATA0
  -------         ENDMOD        ?C?LLDXDATA0

  -------         MODULE        ?C?LSTXDATA
  C:0396H         PUBLIC        ?C?LSTXDATA
  -------         ENDMOD        ?C?LSTXDATA

  -------         MODULE        ?C?LSTKXDATA
  C:03A2H         PUBLIC        ?C?LSTKXDATA
  -------         ENDMOD        ?C?LSTKXDATA

  -------         MODULE        ?C?OFFXADD
  C:03D3H         PUBLIC        ?C?OFFXADD
  -------         ENDMOD        ?C?OFFXADD

  -------         MODULE        ?C?PLDIXDATA
  C:03DFH         PUBLIC        ?C?PLDIXDATA
  -------         ENDMOD        ?C?PLDIXDATA

  -------         MODULE        ?C?PSTXDATA
  C:03F6H         PUBLIC        ?C?PSTXDATA
  -------         ENDMOD        ?C?PSTXDATA

  -------         MODULE        ?C?CCASE
  C:03FFH         PUBLIC        ?C?CCASE
  -------         ENDMOD        ?C?CCASE

  -------         MODULE        ?C?LIMUL
  C:0425H         PUBLIC        ?C?LIMUL
  -------         ENDMOD        ?C?LIMUL

  -------         MODULE        ?C?MEMSET
  C:0452H         PUBLIC        ?C?MEMSET
  -------         ENDMOD        ?C?MEMSET

Program Size: data=12.5 xdata=260 code=8151
LINK/LOCATE RUN COMPLETE.  0 WARNING(S),  0 ERROR(S)
