C51 COMPILER V9.60.7.0   TMR1                                                              03/12/2026 10:00:09 PAGE 1   


C51 COMPILER V9.60.7.0, COMPILATION OF MODULE TMR1
OBJECT MODULE PLACED IN .\Release\Objects\tmr1.obj
COMPILER INVOKED BY: C:\Keil_v5\C51\BIN\C51.EXE ..\..\Hardware\tmr1.c LARGE OPTIMIZE(9,SIZE) BROWSE ORDER INTVECTOR(0X00
                    -0C) INCDIR(..\..\Libraries\Include;..\..\User;..\..\User\lib;..\..\Hardware) INTERVAL(3) DEBUG OBJECTEXTEND PRINT(.\Rele
                    -ase\Listings\tmr1.lst) OBJECT(.\Release\Objects\tmr1.obj)

line level    source

   1          #include "tmr1.h"
   2          
   3          // #define TMR1_CNT_TIME 152 // 152 * 0.65625us 约等于100us
   4          
   5          // 定时器定时周期 (单位:Hz)
   6          // 周期值 = 系统时钟 / 定时器分频 / 频率 - 1
   7          #define TMR1_PERIOD (SYSCLK / 128 / 1000 - 1) // 1000Hz,1ms
   8          
   9          // volatile bit tmr1_flag = 0; // TMR1中断服务函数中会置位的标志位
  10          // volatile u32 tmr1_cnt = 0; // 定时器TMR1的计数值（每次在中断服务函数中会加一）
  11          
  12          /**
  13           * @brief 配置定时器TMR1，配置完成后，定时器默认关闭
  14           */
  15          void tmr1_config(void)
  16          {
  17   1          __SetIRQnIP(TMR1_IRQn, TMR1_IQn_CFG); // 设置中断优先级（TMR1）
  18   1          __DisableIRQ(TMR1_IRQn);              // 禁用中断
  19   1          IE_EA = 1;                            // 打开总中断
  20   1      
  21   1          TMR_ALLCON = TMR1_CNT_CLR(0x1); // 清除计数值
  22   1      
  23   1          TMR1_CONL &= ~TMR_PRESCALE_SEL(0x07); // 清除TMR1的预分频配置寄存器
  24   1          TMR1_CONL |= TMR_PRESCALE_SEL(0x07);  // 定时器预分频
  25   1          TMR1_CONL &= ~TMR_MODE_SEL(0x03);     // 清除TMR1的模式配置寄存器
  26   1          TMR1_CONL |= TMR_MODE_SEL(0x01);      // 配置TMR1的模式为计数器模式，最后对系统时钟
             -的脉冲进行计数
  27   1      
  28   1          TMR1_CONH &= ~TMR_PRD_PND(0x01); // 清除TMR1的计数标志位，表示未完成计数
  29   1          TMR1_CONH |= TMR_PRD_IRQ_EN(1);  // 使能TMR1的计数中断
  30   1      
  31   1          // 配置TMR1的计数周期
  32   1          TMR1_PRH = TMR_PERIOD_VAL_H((TMR1_PERIOD >> 8) & 0xFF); // 周期值
  33   1          TMR1_PRL = TMR_PERIOD_VAL_L((TMR1_PERIOD >> 0) & 0xFF);
  34   1      
  35   1          // TMR1_CONL &= ~(TMR_SOURCE_SEL(0x07)); // 清除TMR1的时钟源配置寄存器
  36   1          // TMR1_CONL |= TMR_SOURCE_SEL(0x05);    // 配置TMR1的时钟源，不用任何时钟
  37   1      
  38   1          // 重新给TMR1配置时钟
  39   1          TMR1_CONL &= ~(TMR_SOURCE_SEL(0x07)); // 清除定时器的时钟源配置寄存器
  40   1          TMR1_CONL |= TMR_SOURCE_SEL(0x06);    // 配置定时器的时钟源，使用系统时钟
  41   1      
  42   1          __EnableIRQ(TMR1_IRQn); // 使能中断
  43   1          // IE_EA = 1;              // 打开总中断
  44   1      }
  45          
  46          // TMR1中断服务函数
  47          void TIMR1_IRQHandler(void) interrupt TMR1_IRQn
  48          {
  49   1          // 进入中断设置IP，不可删除
  50   1          __IRQnIPnPush(TMR1_IRQn);
  51   1      
  52   1          // ---------------- 用户函数处理 -------------------
C51 COMPILER V9.60.7.0   TMR1                                                              03/12/2026 10:00:09 PAGE 2   

  53   1      
  54   1          // 周期中断
  55   1          if (TMR1_CONH & TMR_PRD_PND(0x1))
  56   1          {
  57   2              TMR1_CONH |= TMR_PRD_PND(0x1); // 清除pending
  58   2         
  59   2              // 串口接收超时计数
  60   2              if (flag_is_uart0_receive_timeout_enable)
  61   2              {
  62   3                  uart0_receive_timeout_cnt++;
  63   3              }
  64   2      
  65   2      #if AD_KEY_ENABLE
                      // 在定时器注册按键扫描：
                      // if (ad_key_para.cur_scan_times < 255)
                      {
                          ad_key_para.cur_scan_times++;
                      }
              #endif // AD_KEY_ENABLE
  72   2      
  73   2      #if TOUCH_KEY_ENABLE
                      // if (touch_key_para.cur_scan_times < 255)
                      {
                          touch_key_para.cur_scan_times++;
                      }
              #endif // TOUCH_KEY_ENABLE
  79   2      
  80   2      #if PIN_LEVEL_SCAN_ENABLE
  81   2              // if (pin_level_scan_time_cnt < 65535) // 防止计数溢出
  82   2              {
  83   3                  pin_level_scan_time_cnt++;
  84   3              }
  85   2      #endif
  86   2      
  87   2              // if (mileage_save_time_cnt < 4294967295 - diff_ms_cnt) // 防止计数溢出
  88   2              if (mileage_save_time_cnt < 65535)
  89   2              {
  90   3                  mileage_save_time_cnt++;
  91   3                  // mileage_save_time_cnt += diff_ms_cnt;
  92   3              }
  93   2      
  94   2      #if FUEL_CAPACITY_SCAN_ENABLE
  95   2              // if (fuel_capacity_scan_cnt < 4294967295 - diff_ms_cnt) // 防止计数溢出
  96   2              {
  97   3                  fuel_capacity_scan_cnt++;
  98   3                  // fuel_capacity_scan_cnt += diff_ms_cnt;
  99   3              }
 100   2      #endif
 101   2      
 102   2              // if (synchronous_request_status == SYN_REQUEST_STATUS_HANDLING)
 103   2              {
 104   3                  synchronous_request_time_cnt++; // 同步请求的冷却计时
 105   3                  // synchronous_request_time_cnt += diff_ms_cnt; // 同步请求的冷却计时
 106   3                  if (synchronous_request_time_cnt >= 2000)
 107   3                  {
 108   4                      // 如果接收同步请求已经过了 xx s，清除冷却状态
 109   4                      synchronous_request_time_cnt = 0;
 110   4                      synchronous_request_status = SYN_REQUEST_STATUS_NONE;
 111   4                  }
 112   3              }
 113   2      
 114   2      #if 0 // 日期和时间合到了一起，就不用这部分程序
C51 COMPILER V9.60.7.0   TMR1                                                              03/12/2026 10:00:09 PAGE 3   

                  if (update_date_status == UPDATE_STATUS_HANDLING)
                  {
                      // 如果更新日期进入冷却状态，进行冷却计时
                      // update_date_cooling_cnt++;
                      update_date_cooling_cnt += diff_ms_cnt;
                      if (update_date_cooling_cnt >= 100) // xx ms
                      {
                          // 过了冷却时间，退出冷却状态
                          update_date_cooling_cnt = 0;
                          update_date_status = UPDATE_STATUS_NONE;
                      }
                  }
              #endif
 128   2      
 129   2              // if (update_time_status == UPDATE_STATUS_HANDLING)
 130   2              {
 131   3                  // 如果更新时间进入冷却状态，进行冷却计时
 132   3                  update_time_cooling_cnt++;
 133   3                  // update_time_cooling_cnt += diff_ms_cnt;
 134   3                  if (update_time_cooling_cnt >= 100) // xx ms
 135   3                  {
 136   4                      // 过了冷却时间，退出冷却状态
 137   4                      update_time_cooling_cnt = 0;
 138   4                      update_time_status = UPDATE_STATUS_NONE;
 139   4                  }
 140   3              }
 141   2      
 142   2              // if (mileage_update_time_cnt < 65535)
 143   2              {
 144   3                  mileage_update_time_cnt++;
 145   3              }
 146   2      
 147   2      #if BATTERY_SCAN_ENABLE
 148   2              // if (battery_scan_time_cnt < 4294967295)
 149   2              {
 150   3                  battery_scan_time_cnt++;
 151   3              }
 152   2      #endif // BATTERY_SCAN_ENABLE
 153   2       
 154   2      
 155   2              
 156   2          }
 157   1      
 158   1          // P20 = 0;// 测试中断持续时间
 159   1          // 退出中断设置IP，不可删除
 160   1          __IRQnIPnPop(TMR1_IRQn);
 161   1      }


MODULE INFORMATION:   STATIC OVERLAYABLE
   CODE SIZE        =    279    ----
   CONSTANT SIZE    =   ----    ----
   XDATA SIZE       =   ----    ----
   PDATA SIZE       =   ----    ----
   DATA SIZE        =   ----    ----
   IDATA SIZE       =   ----    ----
   BIT SIZE         =   ----    ----
END OF MODULE INFORMATION.


C51 COMPILATION COMPLETE.  0 WARNING(S),  0 ERROR(S)
